Component: Arm Compiler for Embedded 6.19 Tool: armlink [5e73cb00]

==============================================================================

Section Cross References

    c_lab2.o(.text.main) refers to c_lab2.o(.bss.rx_queue) for rx_queue
    c_lab2.o(.text.main) refers to queue.o(.text.queue_init) for queue_init
    c_lab2.o(.text.main) refers to uart.o(.text.uart_init) for uart_init
    c_lab2.o(.text.main) refers to c_lab2.o(.text.uart_rx_isr) for uart_rx_isr
    c_lab2.o(.text.main) refers to uart.o(.text.uart_set_rx_callback) for uart_set_rx_callback
    c_lab2.o(.text.main) refers to uart.o(.text.uart_enable) for uart_enable
    c_lab2.o(.text.main) refers to leds.o(.text.leds_init) for leds_init
    c_lab2.o(.text.main) refers to leds.o(.text.leds_set) for leds_set
    c_lab2.o(.text.main) refers to gpio.o(.text.gpio_set_mode) for gpio_set_mode
    c_lab2.o(.text.main) refers to gpio.o(.text.gpio_set_trigger) for gpio_set_trigger
    c_lab2.o(.text.main) refers to c_lab2.o(.text.switch_press_isr) for switch_press_isr
    c_lab2.o(.text.main) refers to gpio.o(.text.gpio_set_callback) for gpio_set_callback
    c_lab2.o(.text.main) refers to c_lab2.o(.rodata.str1.1) for .L.str
    c_lab2.o(.text.main) refers to uart.o(.text.uart_print) for uart_print
    c_lab2.o(.text.main) refers to c_lab2.o(.bss.switchFlag) for switchFlag
    c_lab2.o(.text.main) refers to gpio.o(.text.gpio_get) for gpio_get
    c_lab2.o(.text.main) refers to gpio.o(.text.gpio_set) for gpio_set
    c_lab2.o(.text.main) refers to c_lab2.o(.bss.counter) for counter
    c_lab2.o(.text.main) refers to sprintf.o(.text) for sprintf
    c_lab2.o(.text.main) refers to c_lab2.o(.bss.ledFlag) for ledFlag
    c_lab2.o(.text.main) refers to c_lab2.o(.bss.c) for c
    c_lab2.o(.ARM.exidx.text.main) refers to c_lab2.o(.text.main) for [Anonymous Symbol]
    c_lab2.o(.text.uart_rx_isr) refers to c_lab2.o(.bss.rx_queue) for rx_queue
    c_lab2.o(.text.uart_rx_isr) refers to queue.o(.text.queue_enqueue) for queue_enqueue
    c_lab2.o(.text.uart_rx_isr) refers to c_lab2.o(.rodata.str1.1) for .L.str.3
    c_lab2.o(.text.uart_rx_isr) refers to uart.o(.text.uart_print) for uart_print
    c_lab2.o(.text.uart_rx_isr) refers to c_lab2.o(.bss.c) for c
    c_lab2.o(.text.uart_rx_isr) refers to c_lab2.o(.bss.ledFlag) for ledFlag
    c_lab2.o(.ARM.exidx.text.uart_rx_isr) refers to c_lab2.o(.text.uart_rx_isr) for [Anonymous Symbol]
    c_lab2.o(.text.switch_press_isr) refers to c_lab2.o(.bss.switchFlag) for switchFlag
    c_lab2.o(.ARM.exidx.text.switch_press_isr) refers to c_lab2.o(.text.switch_press_isr) for [Anonymous Symbol]
    adc.o(.text.adc_init) refers to h1_alloc.o(.text) for malloc
    adc.o(.text.adc_init) refers to adc.o(.bss.aPA_0) for aPA_0
    adc.o(.text.adc_init) refers to adc.o(.text.analogin_init) for analogin_init
    adc.o(.text.adc_init) refers to adc.o(.bss.aPA_1) for aPA_1
    adc.o(.text.adc_init) refers to adc.o(.bss.aPA_2) for aPA_2
    adc.o(.text.adc_init) refers to adc.o(.bss.aPA_3) for aPA_3
    adc.o(.text.adc_init) refers to adc.o(.bss.aPA_4) for aPA_4
    adc.o(.text.adc_init) refers to adc.o(.bss.aPA_5) for aPA_5
    adc.o(.text.adc_init) refers to adc.o(.bss.aPA_6) for aPA_6
    adc.o(.text.adc_init) refers to adc.o(.bss.aPA_7) for aPA_7
    adc.o(.text.adc_init) refers to adc.o(.bss.aPB_0) for aPB_0
    adc.o(.text.adc_init) refers to adc.o(.bss.aPB_1) for aPB_1
    adc.o(.text.adc_init) refers to adc.o(.bss.aPC_0) for aPC_0
    adc.o(.text.adc_init) refers to adc.o(.bss.aPC_1) for aPC_1
    adc.o(.text.adc_init) refers to adc.o(.bss.aPC_2) for aPC_2
    adc.o(.text.adc_init) refers to adc.o(.bss.aPC_3) for aPC_3
    adc.o(.text.adc_init) refers to adc.o(.bss.aPC_4) for aPC_4
    adc.o(.text.adc_init) refers to adc.o(.bss.aPC_5) for aPC_5
    adc.o(.ARM.exidx.text.adc_init) refers to adc.o(.text.adc_init) for [Anonymous Symbol]
    adc.o(.text.analogin_init) refers to adc.o(.text.pinmap_peripheral) for pinmap_peripheral
    adc.o(.text.analogin_init) refers to adc.o(.text.pinmap_function) for pinmap_function
    adc.o(.text.analogin_init) refers to adc.o(.text.pinmap_pinout) for pinmap_pinout
    adc.o(.text.analogin_init) refers to adc.o(.bss.adc_inited) for adc_inited
    adc.o(.text.analogin_init) refers to adc.o(.bss.AdcHandle) for AdcHandle
    adc.o(.text.analogin_init) refers to adc.o(.text._ADC_Init) for _ADC_Init
    adc.o(.ARM.exidx.text.analogin_init) refers to adc.o(.text.analogin_init) for [Anonymous Symbol]
    adc.o(.text.pinmap_find_peripheral) refers to adc.o(.rodata.PinMap_ADC) for PinMap_ADC
    adc.o(.ARM.exidx.text.pinmap_find_peripheral) refers to adc.o(.text.pinmap_find_peripheral) for [Anonymous Symbol]
    adc.o(.text.pinmap_peripheral) refers to adc.o(.text.pinmap_find_peripheral) for pinmap_find_peripheral
    adc.o(.ARM.exidx.text.pinmap_peripheral) refers to adc.o(.text.pinmap_peripheral) for [Anonymous Symbol]
[...]
    .ARM.Collect$$_printf_percent$$0000000B  0x08000230   Section        6  _printf_o.o(.ARM.Collect$$_printf_percent$$0000000B)
    .ARM.Collect$$_printf_percent$$0000000C  0x08000236   Section        6  _printf_x.o(.ARM.Collect$$_printf_percent$$0000000C)
    .ARM.Collect$$_printf_percent$$0000000D  0x0800023c   Section        6  _printf_lli.o(.ARM.Collect$$_printf_percent$$0000000D)
    .ARM.Collect$$_printf_percent$$0000000E  0x08000242   Section        6  _printf_lld.o(.ARM.Collect$$_printf_percent$$0000000E)
    .ARM.Collect$$_printf_percent$$0000000F  0x08000248   Section        6  _printf_llu.o(.ARM.Collect$$_printf_percent$$0000000F)
    .ARM.Collect$$_printf_percent$$00000010  0x0800024e   Section        6  _printf_llo.o(.ARM.Collect$$_printf_percent$$00000010)
    .ARM.Collect$$_printf_percent$$00000011  0x08000254   Section        6  _printf_llx.o(.ARM.Collect$$_printf_percent$$00000011)
    .ARM.Collect$$_printf_percent$$00000012  0x0800025a   Section       10  _printf_l.o(.ARM.Collect$$_printf_percent$$00000012)
    .ARM.Collect$$_printf_percent$$00000013  0x08000264   Section        6  _printf_c.o(.ARM.Collect$$_printf_percent$$00000013)
    .ARM.Collect$$_printf_percent$$00000014  0x0800026a   Section        6  _printf_s.o(.ARM.Collect$$_printf_percent$$00000014)
    .ARM.Collect$$_printf_percent$$00000015  0x08000270   Section        6  _printf_lc.o(.ARM.Collect$$_printf_percent$$00000015)
    .ARM.Collect$$_printf_percent$$00000016  0x08000276   Section        6  _printf_ls.o(.ARM.Collect$$_printf_percent$$00000016)
    .ARM.Collect$$_printf_percent$$00000017  0x0800027c   Section        4  _printf_percent_end.o(.ARM.Collect$$_printf_percent$$00000017)
    .ARM.Collect$$libinit$$00000000          0x08000280   Section        2  libinit.o(.ARM.Collect$$libinit$$00000000)
    .ARM.Collect$$libinit$$00000001          0x08000282   Section        4  libinit2.o(.ARM.Collect$$libinit$$00000001)
    .ARM.Collect$$libinit$$00000004          0x08000286   Section        0  libinit2.o(.ARM.Collect$$libinit$$00000004)
    .ARM.Collect$$libinit$$00000006          0x08000286   Section        0  libinit2.o(.ARM.Collect$$libinit$$00000006)
    .ARM.Collect$$libinit$$00000007          0x08000286   Section        8  libinit2.o(.ARM.Collect$$libinit$$00000007)
    .ARM.Collect$$libinit$$0000000C          0x0800028e   Section        0  libinit2.o(.ARM.Collect$$libinit$$0000000C)
    .ARM.Collect$$libinit$$0000000E          0x0800028e   Section        0  libinit2.o(.ARM.Collect$$libinit$$0000000E)
    .ARM.Collect$$libinit$$00000010          0x0800028e   Section        0  libinit2.o(.ARM.Collect$$libinit$$00000010)
    .ARM.Collect$$libinit$$00000011          0x0800028e   Section        6  libinit2.o(.ARM.Collect$$libinit$$00000011)
    .ARM.Collect$$libinit$$00000013          0x08000294   Section        0  libinit2.o(.ARM.Collect$$libinit$$00000013)
    .ARM.Collect$$libinit$$00000014          0x08000294   Section       12  libinit2.o(.ARM.Collect$$libinit$$00000014)
    .ARM.Collect$$libinit$$00000015          0x080002a0   Section        0  libinit2.o(.ARM.Collect$$libinit$$00000015)
    .ARM.Collect$$libinit$$00000017          0x080002a0   Section        0  libinit2.o(.ARM.Collect$$libinit$$00000017)
    .ARM.Collect$$libinit$$00000018          0x080002a0   Section       10  libinit2.o(.ARM.Collect$$libinit$$00000018)
    .ARM.Collect$$libinit$$00000019          0x080002aa   Section        0  libinit2.o(.ARM.Collect$$libinit$$00000019)
    .ARM.Collect$$libinit$$0000001B          0x080002aa   Section        0  libinit2.o(.ARM.Collect$$libinit$$0000001B)
    .ARM.Collect$$libinit$$0000001D          0x080002aa   Section        0  libinit2.o(.ARM.Collect$$libinit$$0000001D)
    .ARM.Collect$$libinit$$0000001F          0x080002aa   Section        0  libinit2.o(.ARM.Collect$$libinit$$0000001F)
    .ARM.Collect$$libinit$$00000021          0x080002aa   Section        0  libinit2.o(.ARM.Collect$$libinit$$00000021)
    .ARM.Collect$$libinit$$00000023          0x080002aa   Section        0  libinit2.o(.ARM.Collect$$libinit$$00000023)
    .ARM.Collect$$libinit$$00000025          0x080002aa   Section        0  libinit2.o(.ARM.Collect$$libinit$$00000025)
    .ARM.Collect$$libinit$$00000027          0x080002aa   Section        0  libinit2.o(.ARM.Collect$$libinit$$00000027)
    .ARM.Collect$$libinit$$0000002E          0x080002aa   Section        0  libinit2.o(.ARM.Collect$$libinit$$0000002E)
    .ARM.Collect$$libinit$$00000030          0x080002aa   Section        0  libinit2.o(.ARM.Collect$$libinit$$00000030)
    .ARM.Collect$$libinit$$00000032          0x080002aa   Section        0  libinit2.o(.ARM.Collect$$libinit$$00000032)
    .ARM.Collect$$libinit$$00000034          0x080002aa   Section        0  libinit2.o(.ARM.Collect$$libinit$$00000034)
    .ARM.Collect$$libinit$$00000035          0x080002aa   Section        2  libinit2.o(.ARM.Collect$$libinit$$00000035)
    .ARM.Collect$$libshutdown$$00000000      0x080002ac   Section        2  libshutdown.o(.ARM.Collect$$libshutdown$$00000000)
    .ARM.Collect$$libshutdown$$00000002      0x080002ae   Section        0  libshutdown2.o(.ARM.Collect$$libshutdown$$00000002)
    .ARM.Collect$$libshutdown$$00000004      0x080002ae   Section        0  libshutdown2.o(.ARM.Collect$$libshutdown$$00000004)
    .ARM.Collect$$libshutdown$$00000007      0x080002ae   Section        0  libshutdown2.o(.ARM.Collect$$libshutdown$$00000007)
    .ARM.Collect$$libshutdown$$0000000A      0x080002ae   Section        0  libshutdown2.o(.ARM.Collect$$libshutdown$$0000000A)
    .ARM.Collect$$libshutdown$$0000000C      0x080002ae   Section        0  libshutdown2.o(.ARM.Collect$$libshutdown$$0000000C)
    .ARM.Collect$$libshutdown$$0000000F      0x080002ae   Section        0  libshutdown2.o(.ARM.Collect$$libshutdown$$0000000F)
    .ARM.Collect$$libshutdown$$00000010      0x080002ae   Section        2  libshutdown2.o(.ARM.Collect$$libshutdown$$00000010)
    .ARM.Collect$$rtentry$$00000000          0x080002b0   Section        0  __rtentry.o(.ARM.Collect$$rtentry$$00000000)
    .ARM.Collect$$rtentry$$00000002          0x080002b0   Section        0  __rtentry2.o(.ARM.Collect$$rtentry$$00000002)
    .ARM.Collect$$rtentry$$00000004          0x080002b0   Section        6  __rtentry4.o(.ARM.Collect$$rtentry$$00000004)
    .ARM.Collect$$rtentry$$00000009          0x080002b6   Section        0  __rtentry2.o(.ARM.Collect$$rtentry$$00000009)
    .ARM.Collect$$rtentry$$0000000A          0x080002b6   Section        4  __rtentry2.o(.ARM.Collect$$rtentry$$0000000A)
    .ARM.Collect$$rtentry$$0000000C          0x080002ba   Section        0  __rtentry2.o(.ARM.Collect$$rtentry$$0000000C)
    .ARM.Collect$$rtentry$$0000000D          0x080002ba   Section        8  __rtentry2.o(.ARM.Collect$$rtentry$$0000000D)
    .ARM.Collect$$rtexit$$00000000           0x080002c2   Section        2  rtexit.o(.ARM.Collect$$rtexit$$00000000)
    .ARM.Collect$$rtexit$$00000002           0x080002c4   Section        0  rtexit2.o(.ARM.Collect$$rtexit$$00000002)
    .ARM.Collect$$rtexit$$00000003           0x080002c4   Section        4  rtexit2.o(.ARM.Collect$$rtexit$$00000003)
    .ARM.Collect$$rtexit$$00000004           0x080002c8   Section        6  rtexit2.o(.ARM.Collect$$rtexit$$00000004)
    $v0                                      0x080002d0   Number         0  startup_stm32f411xe.o(.text)
    .text                                    0x080002d0   Section       64  startup_stm32f411xe.o(.text)
    .text                                    0x08000310   Section        0  h1_alloc.o(.text)
    .text                                    0x08000370   Section        0  sprintf.o(.text)
    .text                                    0x080003a0   Section      124  strcmpv7em.o(.text)
    .text                                    0x0800041c   Section        0  heapauxi.o(.text)
    .text                                    0x08000424   Section        8  rt_heap_descriptor_intlibspace.o(.text)
    .text                                    0x0800042c   Section        0  hguard.o(.text)
    .text                                    0x08000430   Section        0  init_alloc.o(.text)
    .text                                    0x080004ba   Section        0  h1_init.o(.text)
    .text                                    0x080004c8   Section        0  h1_free.o(.text)
    .text                                    0x08000516   Section        0  _printf_pad.o(.text)
    .text                                    0x08000564   Section        0  _printf_truncate.o(.text)
    .text                                    0x08000588   Section        0  _printf_str.o(.text)
    .text                                    0x080005dc   Section        0  _printf_dec.o(.text)
    .text                                    0x08000654   Section        0  _printf_charcount.o(.text)
    _printf_input_char                       0x0800067d   Thumb Code    10  _printf_char_common.o(.text)
    .text                                    0x0800067c   Section        0  _printf_char_common.o(.text)
    .text                                    0x080006ac   Section        0  _sputc.o(.text)
    .text                                    0x080006b8   Section        0  _printf_wctomb.o(.text)
    .text                                    0x08000774   Section        0  _printf_longlong_dec.o(.text)
    _printf_longlong_oct_internal            0x080007f1   Thumb Code     0  _printf_oct_int_ll.o(.text)
    .text                                    0x080007f0   Section        0  _printf_oct_int_ll.o(.text)
    _printf_hex_common                       0x08000861   Thumb Code     0  _printf_hex_int_ll_ptr.o(.text)
    .text                                    0x08000860   Section        0  _printf_hex_int_ll_ptr.o(.text)
    .text                                    0x080008f4   Section        0  __printf_flags_ss_wp.o(.text)
    .text                                    0x08000a7c   Section        8  libspace.o(.text)
    .text                                    0x08000a84   Section        0  maybetermalloc1.o(.text)
    .text                                    0x08000a84   Section        0  h1_extend.o(.text)
    .text                                    0x08000ab8   Section      138  lludiv10.o(.text)
    .text                                    0x08000b42   Section        0  _printf_intcommon.o(.text)
    _fp_digits                               0x08000bf5   Thumb Code   432  _printf_fp_dec.o(.text)
    .text                                    0x08000bf4   Section        0  _printf_fp_dec.o(.text)
    .text                                    0x08001010   Section        0  _printf_fp_hex.o(.text)
    .text                                    0x0800130c   Section        0  _printf_char.o(.text)
    .text                                    0x08001338   Section        0  _printf_wchar.o(.text)
    .text                                    0x08001364   Section        0  _c16rtomb.o(.text)
    .text                                    0x080013ac   Section        0  defsig_rtmem_outer.o(.text)
    .text                                    0x080013ba   Section        2  use_no_semi.o(.text)
    .text                                    0x080013bc   Section        0  indicate_semi.o(.text)
    .text                                    0x080013bc   Section       74  sys_stackheap_outer.o(.text)
    .text                                    0x08001408   Section       16  rt_ctype_table.o(.text)
    .text                                    0x08001418   Section        8  rt_locale_intlibspace.o(.text)
    .text                                    0x08001420   Section        0  _printf_fp_infnan.o(.text)
    .text                                    0x080014a0   Section        0  bigflt0.o(.text)
    .text                                    0x08001584   Section        0  exit.o(.text)
    .text                                    0x08001596   Section        0  defsig_exit.o(.text)
    .text                                    0x080015a0   Section        0  defsig_rtmem_inner.o(.text)
    .text                                    0x080015f0   Section        0  sys_exit.o(.text)
    .text                                    0x080015fc   Section        0  defsig_general.o(.text)
    .text                                    0x0800162e   Section        0  sys_wrch.o(.text)
    [Anonymous Symbol]                       0x0800163c   Section        0  gpio.o(.text.EXTI0_IRQHandler)
    [Anonymous Symbol]                       0x080016c0   Section        0  gpio.o(.text.EXTI15_10_IRQHandler)
    [Anonymous Symbol]                       0x08001744   Section        0  gpio.o(.text.EXTI1_IRQHandler)
    [Anonymous Symbol]                       0x080017c8   Section        0  gpio.o(.text.EXTI2_IRQHandler)
    [Anonymous Symbol]                       0x0800184c   Section        0  gpio.o(.text.EXTI3_IRQHandler)
    [Anonymous Symbol]                       0x080018d0   Section        0  gpio.o(.text.EXTI4_IRQHandler)
    [Anonymous Symbol]                       0x08001954   Section        0  gpio.o(.text.EXTI9_5_IRQHandler)
    [Anonymous Symbol]                       0x080019d8   Section        0  stm32f4xx_gpio.o(.text.GPIO_Init)
    [Anonymous Symbol]                       0x08001ad0   Section        0  stm32f4xx_gpio.o(.text.GPIO_PinAFConfig)
    NVIC_EncodePriority                      0x08001b45   Thumb Code   108  gpio.o(.text.NVIC_EncodePriority)
    [Anonymous Symbol]                       0x08001b44   Section        0  gpio.o(.text.NVIC_EncodePriority)
    [Anonymous Symbol]                       0x08001bb0   Section        0  stm32f4xx_rcc.o(.text.RCC_AHB1PeriphClockCmd)
    [Anonymous Symbol]                       0x08001be8   Section        0  stm32f4xx_rcc.o(.text.RCC_APB1PeriphClockCmd)
    [Anonymous Symbol]                       0x08001c20   Section        0  stm32f4xx_rcc.o(.text.RCC_GetClocksFreq)
    [Anonymous Symbol]                       0x08001d84   Section        0  timer.o(.text.SysTick_Handler)
    [Anonymous Symbol]                       0x08001d94   Section        0  system_stm32f4xx.o(.text.SystemInit)
    [Anonymous Symbol]                       0x08001da8   Section        0  uart.o(.text.USART2_IRQHandler)
    [Anonymous Symbol]                       0x08001de0   Section        0  stm32f4xx_usart.o(.text.USART_Cmd)
    [Anonymous Symbol]                       0x08001e10   Section        0  stm32f4xx_usart.o(.text.USART_GetFlagStatus)
    [Anonymous Symbol]                       0x08001e54   Section        0  stm32f4xx_usart.o(.text.USART_Init)
    [Anonymous Symbol]                       0x08001fc0   Section        0  stm32f4xx_usart.o(.text.USART_ReceiveData)
    [Anonymous Symbol]                       0x08001fd0   Section        0  stm32f4xx_usart.o(.text.USART_SendData)
    __NVIC_ClearPendingIRQ                   0x08001fe9   Thumb Code    48  gpio.o(.text.__NVIC_ClearPendingIRQ)
    [Anonymous Symbol]                       0x08001fe8   Section        0  gpio.o(.text.__NVIC_ClearPendingIRQ)
    __NVIC_ClearPendingIRQ                   0x08002019   Thumb Code    48  uart.o(.text.__NVIC_ClearPendingIRQ)
    [Anonymous Symbol]                       0x08002018   Section        0  uart.o(.text.__NVIC_ClearPendingIRQ)
    __NVIC_EnableIRQ                         0x08002049   Thumb Code    48  gpio.o(.text.__NVIC_EnableIRQ)
    [Anonymous Symbol]                       0x08002048   Section        0  gpio.o(.text.__NVIC_EnableIRQ)
    __NVIC_EnableIRQ                         0x08002079   Thumb Code    48  uart.o(.text.__NVIC_EnableIRQ)
    [Anonymous Symbol]                       0x08002078   Section        0  uart.o(.text.__NVIC_EnableIRQ)
    __NVIC_GetPriorityGrouping               0x080020a9   Thumb Code    16  gpio.o(.text.__NVIC_GetPriorityGrouping)
    [Anonymous Symbol]                       0x080020a8   Section        0  gpio.o(.text.__NVIC_GetPriorityGrouping)
    __NVIC_SetPriority                       0x080020b9   Thumb Code    66  gpio.o(.text.__NVIC_SetPriority)
    [Anonymous Symbol]                       0x080020b8   Section        0  gpio.o(.text.__NVIC_SetPriority)
    __NVIC_SetPriority                       0x080020fd   Thumb Code    66  uart.o(.text.__NVIC_SetPriority)
    [Anonymous Symbol]                       0x080020fc   Section        0  uart.o(.text.__NVIC_SetPriority)
    [Anonymous Symbol]                       0x08002140   Section        0  gpio.o(.text.gpio_get)
    [Anonymous Symbol]                       0x0800216c   Section        0  gpio.o(.text.gpio_set)
    [Anonymous Symbol]                       0x080021a4   Section        0  gpio.o(.text.gpio_set_callback)
    [Anonymous Symbol]                       0x080024f8   Section        0  gpio.o(.text.gpio_set_mode)
    [Anonymous Symbol]                       0x0800263c   Section        0  gpio.o(.text.gpio_set_trigger)
    [Anonymous Symbol]                       0x080026e8   Section        0  leds.o(.text.leds_init)
    [Anonymous Symbol]                       0x08002714   Section        0  leds.o(.text.leds_set)
    [Anonymous Symbol]                       0x0800274c   Section        0  c_lab2.o(.text.main)
    [Anonymous Symbol]                       0x080028d8   Section        0  queue.o(.text.queue_enqueue)
    [Anonymous Symbol]                       0x08002928   Section        0  queue.o(.text.queue_init)
    [Anonymous Symbol]                       0x08002958   Section        0  queue.o(.text.queue_is_full)
    [Anonymous Symbol]                       0x0800297c   Section        0  c_lab2.o(.text.switch_press_isr)
    [Anonymous Symbol]                       0x08002990   Section        0  uart.o(.text.uart_enable)
    [Anonymous Symbol]                       0x080029a4   Section        0  uart.o(.text.uart_init)
    [Anonymous Symbol]                       0x08002a30   Section        0  uart.o(.text.uart_print)
    [Anonymous Symbol]                       0x08002a54   Section        0  uart.o(.text.uart_rx)
    [Anonymous Symbol]                       0x08002a88   Section        0  c_lab2.o(.text.uart_rx_isr)
    [Anonymous Symbol]                       0x08002ae4   Section        0  uart.o(.text.uart_set_rx_callback)
    [Anonymous Symbol]                       0x08002b24   Section        0  uart.o(.text.uart_tx)
    CL$$btod_d2e                             0x08002b56   Section       62  btod.o(CL$$btod_d2e)
    CL$$btod_d2e_denorm_low                  0x08002b94   Section       70  btod.o(CL$$btod_d2e_denorm_low)
    CL$$btod_d2e_norm_op1                    0x08002bda   Section       96  btod.o(CL$$btod_d2e_norm_op1)
    CL$$btod_div_common                      0x08002c3c   Section      824  btod.o(CL$$btod_div_common)
    CL$$btod_e2e                             0x08002f74   Section      220  btod.o(CL$$btod_e2e)
    CL$$btod_ediv                            0x08003050   Section       42  btod.o(CL$$btod_ediv)
    CL$$btod_emul                            0x0800307a   Section       42  btod.o(CL$$btod_emul)
    CL$$btod_mult_common                     0x080030a4   Section      580  btod.o(CL$$btod_mult_common)
    i.__ARM_fpclassify                       0x080032e8   Section        0  fpclassify.o(i.__ARM_fpclassify)
    i._is_digit                              0x08003318   Section        0  __printf_wp.o(i._is_digit)
    locale$$code                             0x08003328   Section       44  lc_numeric_c.o(locale$$code)
    locale$$code                             0x08003354   Section       44  lc_ctype_c.o(locale$$code)
    $v0                                      0x08003380   Number         0  fpinit.o(x$fpl$fpinit)
    x$fpl$fpinit                             0x08003380   Section       26  fpinit.o(x$fpl$fpinit)
    $v0                                      0x0800339a   Number         0  printf1.o(x$fpl$printf1)
    x$fpl$printf1                            0x0800339a   Section        4  printf1.o(x$fpl$printf1)
    $v0                                      0x0800339e   Number         0  printf2.o(x$fpl$printf2)
    x$fpl$printf2                            0x0800339e   Section        4  printf2.o(x$fpl$printf2)
    x$fpl$usenofp                            0x080033a2   Section        0  usenofp.o(x$fpl$usenofp)
    initial_mbstate                          0x080033a4   Data           8  _printf_wctomb.o(.constdata)
    .constdata                               0x080033a4   Section        8  _printf_wctomb.o(.constdata)
    uc_hextab                                0x080033ac   Data          20  _printf_hex_int_ll_ptr.o(.constdata)
    .constdata                               0x080033ac   Section       40  _printf_hex_int_ll_ptr.o(.constdata)
    lc_hextab                                0x080033c0   Data          20  _printf_hex_int_ll_ptr.o(.constdata)
    maptable                                 0x080033d4   Data          17  __printf_flags_ss_wp.o(.constdata)
    .constdata                               0x080033d4   Section       17  __printf_flags_ss_wp.o(.constdata)
    lc_hextab                                0x080033e5   Data          19  _printf_fp_hex.o(.constdata)
    .constdata                               0x080033e5   Section       38  _printf_fp_hex.o(.constdata)
    uc_hextab                                0x080033f8   Data          19  _printf_fp_hex.o(.constdata)
    tenpwrs_x                                0x0800340c   Data          60  bigflt0.o(.constdata)
    .constdata                               0x0800340c   Section      148  bigflt0.o(.constdata)
    tenpwrs_i                                0x08003448   Data          64  bigflt0.o(.constdata)
    APBAHBPrescTable                         0x080034a0   Data          16  stm32f4xx_rcc.o(.rodata.APBAHBPrescTable)
    [Anonymous Symbol]                       0x080034a0   Section        0  stm32f4xx_rcc.o(.rodata.APBAHBPrescTable)
    .L.str.4                                 0x080034b0   Data          13  c_lab2.o(.rodata.str1.1)
    [Anonymous Symbol]                       0x080034b0   Section        0  c_lab2.o(.rodata.str1.1)
    .L.str                                   0x080034bd   Data          21  c_lab2.o(.rodata.str1.1)
    .L.str.3                                 0x080034d2   Data          18  c_lab2.o(.rodata.str1.1)
    .L.str.2                                 0x080034e4   Data          47  c_lab2.o(.rodata.str1.1)
    .L.str.1                                 0x08003513   Data          22  c_lab2.o(.rodata.str1.1)
    locale$$data                             0x0800353c   Section       28  lc_numeric_c.o(locale$$data)
    __lcnum_c_name                           0x08003540   Data           2  lc_numeric_c.o(locale$$data)
    __lcnum_c_start                          0x08003548   Data           0  lc_numeric_c.o(locale$$data)
    __lcnum_c_point                          0x08003554   Data           0  lc_numeric_c.o(locale$$data)
    __lcnum_c_thousands                      0x08003556   Data           0  lc_numeric_c.o(locale$$data)
    __lcnum_c_grouping                       0x08003557   Data           0  lc_numeric_c.o(locale$$data)
    __lcnum_c_end                            0x08003558   Data           0  lc_numeric_c.o(locale$$data)
    locale$$data                             0x08003558   Section      272  lc_ctype_c.o(locale$$data)
    __lcctype_c_name                         0x0800355c   Data           2  lc_ctype_c.o(locale$$data)
    __lcctype_c_start                        0x08003564   Data           0  lc_ctype_c.o(locale$$data)
    __lcctype_c_end                          0x08003668   Data           0  lc_ctype_c.o(locale$$data)
    .bss                                     0x20000000   Section       96  libspace.o(.bss)
    GPIO_callback                            0x20000064   Data           4  gpio.o(.bss.GPIO_callback)
    [Anonymous Symbol]                       0x20000064   Section        0  gpio.o(.bss.GPIO_callback)
    UART_callback                            0x20000074   Data           4  uart.o(.bss.UART_callback)
    [Anonymous Symbol]                       0x20000074   Section        0  uart.o(.bss.UART_callback)
    c                                        0x20000078   Data           4  c_lab2.o(.bss.c)
    [Anonymous Symbol]                       0x20000078   Section        0  c_lab2.o(.bss.c)
    counter                                  0x2000007c   Data           4  c_lab2.o(.bss.counter)
    [Anonymous Symbol]                       0x2000007c   Section        0  c_lab2.o(.bss.counter)
    ledFlag                                  0x20000080   Data           4  c_lab2.o(.bss.ledFlag)
    [Anonymous Symbol]                       0x20000080   Section        0  c_lab2.o(.bss.ledFlag)
    rx_queue                                 0x2000008c   Data          16  c_lab2.o(.bss.rx_queue)
    [Anonymous Symbol]                       0x2000008c   Section        0  c_lab2.o(.bss.rx_queue)
    switchFlag                               0x2000009c   Data           4  c_lab2.o(.bss.switchFlag)
    [Anonymous Symbol]                       0x2000009c   Section        0  c_lab2.o(.bss.switchFlag)
    timer_callback                           0x200000a0   Data           4  timer.o(.bss.timer_callback)
    [Anonymous Symbol]                       0x200000a0   Section        0  timer.o(.bss.timer_callback)
    Heap_Mem                                 0x200000a8   Data         512  startup_stm32f411xe.o(HEAP)
    HEAP                                     0x200000a8   Section      512  startup_stm32f411xe.o(HEAP)
    Stack_Mem                                0x200002a8   Data        1024  startup_stm32f411xe.o(STACK)
    STACK                                    0x200002a8   Section     1024  startup_stm32f411xe.o(STACK)
    __initial_sp                             0x200006a8   Data           0  startup_stm32f411xe.o(STACK)

    Global Symbols

    Symbol Name                              Value     Ov Type        Size  Object(Section)

    BuildAttributes$$THM_ISAv4$E$P$D$K$B$S$7EM$VFPi3$EXTD16$VFPS$VFMA$PE$A:L22UL41UL21$X:L11$S22US41US21$IEEE1$IW$~IW$USESV6$~STKCKD$USESV7$~SHL$OTIME$ROPI$IEEEJ$EBA8$UX$STANDARDLIB$REQ8$PRES8$EABIv2 0x00000000   Number         0  anon$$obj.o ABSOLUTE
    _printf_flags                            0x00000000   Number         0  printf_stubs.o ABSOLUTE
    _printf_return_value                     0x00000000   Number         0  printf_stubs.o ABSOLUTE
    _printf_sizespec                         0x00000000   Number         0  printf_stubs.o ABSOLUTE
    _printf_widthprec                        0x00000000   Number         0  printf_stubs.o ABSOLUTE
    __ARM_exceptions_init                     - Undefined Weak Reference
    __alloca_initialize                       - Undefined Weak Reference
    __arm_preinit_                            - Undefined Weak Reference
    __arm_relocate_pie_                       - Undefined Weak Reference
    __cpp_initialize__aeabi_                  - Undefined Weak Reference
    __cxa_finalize                            - Undefined Weak Reference
    __sigvec_lookup                           - Undefined Weak Reference
    __user_heap_extent                        - Undefined Weak Reference
    _atexit_init                              - Undefined Weak Reference
    _call_atexit_fns                          - Undefined Weak Reference
    _clock_init                               - Undefined Weak Reference
    _fp_trap_init                             - Undefined Weak Reference
    _fp_trap_shutdown                         - Undefined Weak Reference
    _get_lc_collate                           - Undefined Weak Reference
    _get_lc_monetary                          - Undefined Weak Reference
    _get_lc_time                              - Undefined Weak Reference
    _getenv_init                              - Undefined Weak Reference
    _handle_redirection                       - Undefined Weak Reference
    _initio                                   - Undefined Weak Reference
    _mutex_acquire                            - Undefined Weak Reference
    _mutex_free                               - Undefined Weak Reference
    _mutex_release                            - Undefined Weak Reference
    _printf_mbtowc                            - Undefined Weak Reference
    _printf_wc                                - Undefined Weak Reference
    _rand_init                                - Undefined Weak Reference
    _signal_finish                            - Undefined Weak Reference
    _signal_init                              - Undefined Weak Reference
    _terminateio                              - Undefined Weak Reference
    __Vectors_Size                           0x00000198   Number         0  startup_stm32f411xe.o ABSOLUTE
    __Vectors                                0x08000000   Data           4  startup_stm32f411xe.o(RESET)
    __Vectors_End                            0x08000198   Data           0  startup_stm32f411xe.o(RESET)
    __main                                   0x08000199   Thumb Code     8  __main.o(!!!main)
    __scatterload                            0x080001a1   Thumb Code     0  __scatter.o(!!!scatter)
    __scatterload_rt2                        0x080001a1   Thumb Code    44  __scatter.o(!!!scatter)
    __scatterload_rt2_thumb_only             0x080001a1   Thumb Code     0  __scatter.o(!!!scatter)
    __scatterload_null                       0x080001af   Thumb Code     0  __scatter.o(!!!scatter)
    __scatterload_zeroinit                   0x080001d5   Thumb Code    28  __scatter_zi.o(!!handler_zi)
    _printf_n                                0x080001f1   Thumb Code     0  _printf_n.o(.ARM.Collect$$_printf_percent$$00000001)
    _printf_percent                          0x080001f1   Thumb Code     0  _printf_percent.o(.ARM.Collect$$_printf_percent$$00000000)
    _printf_p                                0x080001f7   Thumb Code     0  _printf_p.o(.ARM.Collect$$_printf_percent$$00000002)
    _printf_f                                0x080001fd   Thumb Code     0  _printf_f.o(.ARM.Collect$$_printf_percent$$00000003)
    _printf_e                                0x08000203   Thumb Code     0  _printf_e.o(.ARM.Collect$$_printf_percent$$00000004)
    _printf_g                                0x08000209   Thumb Code     0  _printf_g.o(.ARM.Collect$$_printf_percent$$00000005)
    _printf_a                                0x0800020f   Thumb Code     0  _printf_a.o(.ARM.Collect$$_printf_percent$$00000006)
    _printf_ll                               0x08000215   Thumb Code     0  _printf_ll.o(.ARM.Collect$$_printf_percent$$00000007)
    _printf_i                                0x0800021f   Thumb Code     0  _printf_i.o(.ARM.Collect$$_printf_percent$$00000008)
    _printf_d                                0x08000225   Thumb Code     0  _printf_d.o(.ARM.Collect$$_printf_percent$$00000009)
    _printf_u                                0x0800022b   Thumb Code     0  _printf_u.o(.ARM.Collect$$_printf_percent$$0000000A)
    _printf_o                                0x08000231   Thumb Code     0  _printf_o.o(.ARM.Collect$$_printf_percent$$0000000B)
    _printf_x                                0x08000237   Thumb Code     0  _printf_x.o(.ARM.Collect$$_printf_percent$$0000000C)
    _printf_lli                              0x0800023d   Thumb Code     0  _printf_lli.o(.ARM.Collect$$_printf_percent$$0000000D)
    _printf_lld                              0x08000243   Thumb Code     0  _printf_lld.o(.ARM.Collect$$_printf_percent$$0000000E)
    _printf_llu                              0x08000249   Thumb Code     0  _printf_llu.o(.ARM.Collect$$_printf_percent$$0000000F)
    _printf_llo                              0x0800024f   Thumb Code     0  _printf_llo.o(.ARM.Collect$$_printf_percent$$00000010)
    _printf_llx                              0x08000255   Thumb Code     0  _printf_llx.o(.ARM.Collect$$_printf_percent$$00000011)
    _printf_l                                0x0800025b   Thumb Code     0  _printf_l.o(.ARM.Collect$$_printf_percent$$00000012)
    _printf_c                                0x08000265   Thumb Code     0  _printf_c.o(.ARM.Collect$$_printf_percent$$00000013)
    _printf_s                                0x0800026b   Thumb Code     0  _printf_s.o(.ARM.Collect$$_printf_percent$$00000014)
    _printf_lc                               0x08000271   Thumb Code     0  _printf_lc.o(.ARM.Collect$$_printf_percent$$00000015)
    _printf_ls                               0x08000277   Thumb Code     0  _printf_ls.o(.ARM.Collect$$_printf_percent$$00000016)
    _printf_percent_end                      0x0800027d   Thumb Code     0  _printf_percent_end.o(.ARM.Collect$$_printf_percent$$00000017)
    __rt_lib_init                            0x08000281   Thumb Code     0  libinit.o(.ARM.Collect$$libinit$$00000000)
    __rt_lib_init_fp_1                       0x08000283   Thumb Code     0  libinit2.o(.ARM.Collect$$libinit$$00000001)
    __rt_lib_init_heap_2                     0x08000287   Thumb Code     0  libinit2.o(.ARM.Collect$$libinit$$00000007)
    __rt_lib_init_preinit_1                  0x08000287   Thumb Code     0  libinit2.o(.ARM.Collect$$libinit$$00000006)
    __rt_lib_init_relocate_pie_1             0x08000287   Thumb Code     0  libinit2.o(.ARM.Collect$$libinit$$00000004)
    __rt_lib_init_heap_1                     0x0800028f   Thumb Code     0  libinit2.o(.ARM.Collect$$libinit$$0000000C)
    __rt_lib_init_lc_common                  0x0800028f   Thumb Code     0  libinit2.o(.ARM.Collect$$libinit$$00000011)
    __rt_lib_init_rand_1                     0x0800028f   Thumb Code     0  libinit2.o(.ARM.Collect$$libinit$$00000010)
    __rt_lib_init_user_alloc_1               0x0800028f   Thumb Code     0  libinit2.o(.ARM.Collect$$libinit$$0000000E)
    __rt_lib_init_lc_collate_1               0x08000295   Thumb Code     0  libinit2.o(.ARM.Collect$$libinit$$00000013)
    __rt_lib_init_lc_ctype_2                 0x08000295   Thumb Code     0  libinit2.o(.ARM.Collect$$libinit$$00000014)
    __rt_lib_init_lc_ctype_1                 0x080002a1   Thumb Code     0  libinit2.o(.ARM.Collect$$libinit$$00000015)
    __rt_lib_init_lc_monetary_1              0x080002a1   Thumb Code     0  libinit2.o(.ARM.Collect$$libinit$$00000017)
    __rt_lib_init_lc_numeric_2               0x080002a1   Thumb Code     0  libinit2.o(.ARM.Collect$$libinit$$00000018)
    __rt_lib_init_alloca_1                   0x080002ab   Thumb Code     0  libinit2.o(.ARM.Collect$$libinit$$00000030)
    __rt_lib_init_argv_1                     0x080002ab   Thumb Code     0  libinit2.o(.ARM.Collect$$libinit$$0000002E)
    __rt_lib_init_atexit_1                   0x080002ab   Thumb Code     0  libinit2.o(.ARM.Collect$$libinit$$0000001D)
    __rt_lib_init_clock_1                    0x080002ab   Thumb Code     0  libinit2.o(.ARM.Collect$$libinit$$00000023)
    __rt_lib_init_cpp_1                      0x080002ab   Thumb Code     0  libinit2.o(.ARM.Collect$$libinit$$00000034)
    __rt_lib_init_exceptions_1               0x080002ab   Thumb Code     0  libinit2.o(.ARM.Collect$$libinit$$00000032)
    __rt_lib_init_fp_trap_1                  0x080002ab   Thumb Code     0  libinit2.o(.ARM.Collect$$libinit$$00000021)
    __rt_lib_init_getenv_1                   0x080002ab   Thumb Code     0  libinit2.o(.ARM.Collect$$libinit$$00000025)
    __rt_lib_init_lc_numeric_1               0x080002ab   Thumb Code     0  libinit2.o(.ARM.Collect$$libinit$$00000019)
    __rt_lib_init_lc_time_1                  0x080002ab   Thumb Code     0  libinit2.o(.ARM.Collect$$libinit$$0000001B)
    __rt_lib_init_return                     0x080002ab   Thumb Code     0  libinit2.o(.ARM.Collect$$libinit$$00000035)
    __rt_lib_init_signal_1                   0x080002ab   Thumb Code     0  libinit2.o(.ARM.Collect$$libinit$$0000001F)
    __rt_lib_init_stdio_1                    0x080002ab   Thumb Code     0  libinit2.o(.ARM.Collect$$libinit$$00000027)
    __rt_lib_shutdown                        0x080002ad   Thumb Code     0  libshutdown.o(.ARM.Collect$$libshutdown$$00000000)
    __rt_lib_shutdown_cpp_1                  0x080002af   Thumb Code     0  libshutdown2.o(.ARM.Collect$$libshutdown$$00000002)
    __rt_lib_shutdown_fp_trap_1              0x080002af   Thumb Code     0  libshutdown2.o(.ARM.Collect$$libshutdown$$00000007)
    __rt_lib_shutdown_heap_1                 0x080002af   Thumb Code     0  libshutdown2.o(.ARM.Collect$$libshutdown$$0000000F)
    __rt_lib_shutdown_return                 0x080002af   Thumb Code     0  libshutdown2.o(.ARM.Collect$$libshutdown$$00000010)
    __rt_lib_shutdown_signal_1               0x080002af   Thumb Code     0  libshutdown2.o(.ARM.Collect$$libshutdown$$0000000A)
    __rt_lib_shutdown_stdio_1                0x080002af   Thumb Code     0  libshutdown2.o(.ARM.Collect$$libshutdown$$00000004)
    __rt_lib_shutdown_user_alloc_1           0x080002af   Thumb Code     0  libshutdown2.o(.ARM.Collect$$libshutdown$$0000000C)
    __rt_entry                               0x080002b1   Thumb Code     0  __rtentry.o(.ARM.Collect$$rtentry$$00000000)
    __rt_entry_presh_1                       0x080002b1   Thumb Code     0  __rtentry2.o(.ARM.Collect$$rtentry$$00000002)
    __rt_entry_sh                            0x080002b1   Thumb Code     0  __rtentry4.o(.ARM.Collect$$rtentry$$00000004)
    __rt_entry_li                            0x080002b7   Thumb Code     0  __rtentry2.o(.ARM.Collect$$rtentry$$0000000A)
    __rt_entry_postsh_1                      0x080002b7   Thumb Code     0  __rtentry2.o(.ARM.Collect$$rtentry$$00000009)
    __rt_entry_main                          0x080002bb   Thumb Code     0  __rtentry2.o(.ARM.Collect$$rtentry$$0000000D)
    __rt_entry_postli_1                      0x080002bb   Thumb Code     0  __rtentry2.o(.ARM.Collect$$rtentry$$0000000C)
    __rt_exit                                0x080002c3   Thumb Code     0  rtexit.o(.ARM.Collect$$rtexit$$00000000)
    __rt_exit_ls                             0x080002c5   Thumb Code     0  rtexit2.o(.ARM.Collect$$rtexit$$00000003)
    __rt_exit_prels_1                        0x080002c5   Thumb Code     0  rtexit2.o(.ARM.Collect$$rtexit$$00000002)
    __rt_exit_exit                           0x080002c9   Thumb Code     0  rtexit2.o(.ARM.Collect$$rtexit$$00000004)
    Reset_Handler                            0x080002d1   Thumb Code     8  startup_stm32f411xe.o(.text)
    NMI_Handler                              0x080002d9   Thumb Code     2  startup_stm32f411xe.o(.text)
    HardFault_Handler                        0x080002db   Thumb Code     2  startup_stm32f411xe.o(.text)
    MemManage_Handler                        0x080002dd   Thumb Code     2  startup_stm32f411xe.o(.text)
    BusFault_Handler                         0x080002df   Thumb Code     2  startup_stm32f411xe.o(.text)
    UsageFault_Handler                       0x080002e1   Thumb Code     2  startup_stm32f411xe.o(.text)
    SVC_Handler                              0x080002e3   Thumb Code     2  startup_stm32f411xe.o(.text)
    DebugMon_Handler                         0x080002e5   Thumb Code     2  startup_stm32f411xe.o(.text)
    PendSV_Handler                           0x080002e7   Thumb Code     2  startup_stm32f411xe.o(.text)
    ADC_IRQHandler                           0x080002eb   Thumb Code     0  startup_stm32f411xe.o(.text)
    DMA1_Stream0_IRQHandler                  0x080002eb   Thumb Code     0  startup_stm32f411xe.o(.text)
    DMA1_Stream1_IRQHandler                  0x080002eb   Thumb Code     0  startup_stm32f411xe.o(.text)
    DMA1_Stream2_IRQHandler                  0x080002eb   Thumb Code     0  startup_stm32f411xe.o(.text)
    DMA1_Stream3_IRQHandler                  0x080002eb   Thumb Code     0  startup_stm32f411xe.o(.text)
    DMA1_Stream4_IRQHandler                  0x080002eb   Thumb Code     0  startup_stm32f411xe.o(.text)
    DMA1_Stream5_IRQHandler                  0x080002eb   Thumb Code     0  startup_stm32f411xe.o(.text)
    DMA1_Stream6_IRQHandler                  0x080002eb   Thumb Code     0  startup_stm32f411xe.o(.text)
    DMA1_Stream7_IRQHandler                  0x080002eb   Thumb Code     0  startup_stm32f411xe.o(.text)
    DMA2_Stream0_IRQHandler                  0x080002eb   Thumb Code     0  startup_stm32f411xe.o(.text)
    DMA2_Stream1_IRQHandler                  0x080002eb   Thumb Code     0  startup_stm32f411xe.o(.text)
    DMA2_Stream2_IRQHandler                  0x080002eb   Thumb Code     0  startup_stm32f411xe.o(.text)
    DMA2_Stream3_IRQHandler                  0x080002eb   Thumb Code     0  startup_stm32f411xe.o(.text)
    DMA2_Stream4_IRQHandler                  0x080002eb   Thumb Code     0  startup_stm32f411xe.o(.text)
    DMA2_Stream5_IRQHandler                  0x080002eb   Thumb Code     0  startup_stm32f411xe.o(.text)
    DMA2_Stream6_IRQHandler                  0x080002eb   Thumb Code     0  startup_stm32f411xe.o(.text)
    DMA2_Stream7_IRQHandler                  0x080002eb   Thumb Code     0  startup_stm32f411xe.o(.text)
    FLASH_IRQHandler                         0x080002eb   Thumb Code     0  startup_stm32f411xe.o(.text)
    FPU_IRQHandler                           0x080002eb   Thumb Code     0  startup_stm32f411xe.o(.text)
    I2C1_ER_IRQHandler                       0x080002eb   Thumb Code     0  startup_stm32f411xe.o(.text)
    I2C1_EV_IRQHandler                       0x080002eb   Thumb Code     0  startup_stm32f411xe.o(.text)
    I2C2_ER_IRQHandler                       0x080002eb   Thumb Code     0  startup_stm32f411xe.o(.text)
    I2C2_EV_IRQHandler                       0x080002eb   Thumb Code     0  startup_stm32f411xe.o(.text)
    I2C3_ER_IRQHandler                       0x080002eb   Thumb Code     0  startup_stm32f411xe.o(.text)
    I2C3_EV_IRQHandler                       0x080002eb   Thumb Code     0  startup_stm32f411xe.o(.text)
    OTG_FS_IRQHandler                        0x080002eb   Thumb Code     0  startup_stm32f411xe.o(.text)
    OTG_FS_WKUP_IRQHandler                   0x080002eb   Thumb Code     0  startup_stm32f411xe.o(.text)
    PVD_IRQHandler                           0x080002eb   Thumb Code     0  startup_stm32f411xe.o(.text)
    RCC_IRQHandler                           0x080002eb   Thumb Code     0  startup_stm32f411xe.o(.text)
    RTC_Alarm_IRQHandler                     0x080002eb   Thumb Code     0  startup_stm32f411xe.o(.text)
    RTC_WKUP_IRQHandler                      0x080002eb   Thumb Code     0  startup_stm32f411xe.o(.text)
    SDIO_IRQHandler                          0x080002eb   Thumb Code     0  startup_stm32f411xe.o(.text)
    SPI1_IRQHandler                          0x080002eb   Thumb Code     0  startup_stm32f411xe.o(.text)
    SPI2_IRQHandler                          0x080002eb   Thumb Code     0  startup_stm32f411xe.o(.text)
    SPI3_IRQHandler                          0x080002eb   Thumb Code     0  startup_stm32f411xe.o(.text)
    SPI4_IRQHandler                          0x080002eb   Thumb Code     0  startup_stm32f411xe.o(.text)
    SPI5_IRQHandler                          0x080002eb   Thumb Code     0  startup_stm32f411xe.o(.text)
    TAMP_STAMP_IRQHandler                    0x080002eb   Thumb Code     0  startup_stm32f411xe.o(.text)
    TIM1_BRK_TIM9_IRQHandler                 0x080002eb   Thumb Code     0  startup_stm32f411xe.o(.text)
    TIM1_CC_IRQHandler                       0x080002eb   Thumb Code     0  startup_stm32f411xe.o(.text)
    TIM1_TRG_COM_TIM11_IRQHandler            0x080002eb   Thumb Code     0  startup_stm32f411xe.o(.text)
    TIM1_UP_TIM10_IRQHandler                 0x080002eb   Thumb Code     0  startup_stm32f411xe.o(.text)
    TIM2_IRQHandler                          0x080002eb   Thumb Code     0  startup_stm32f411xe.o(.text)
    TIM3_IRQHandler                          0x080002eb   Thumb Code     0  startup_stm32f411xe.o(.text)
    TIM4_IRQHandler                          0x080002eb   Thumb Code     0  startup_stm32f411xe.o(.text)
    TIM5_IRQHandler                          0x080002eb   Thumb Code     0  startup_stm32f411xe.o(.text)
    USART1_IRQHandler                        0x080002eb   Thumb Code     0  startup_stm32f411xe.o(.text)
    USART6_IRQHandler                        0x080002eb   Thumb Code     0  startup_stm32f411xe.o(.text)
    WWDG_IRQHandler                          0x080002eb   Thumb Code     0  startup_stm32f411xe.o(.text)
    __user_initial_stackheap                 0x080002ed   Thumb Code     0  startup_stm32f411xe.o(.text)
    malloc                                   0x08000311   Thumb Code    94  h1_alloc.o(.text)
    sprintf                                  0x08000371   Thumb Code    38  sprintf.o(.text)
    strcmp                                   0x080003a1   Thumb Code   124  strcmpv7em.o(.text)
    __use_two_region_memory                  0x0800041d   Thumb Code     2  heapauxi.o(.text)
    __rt_heap_escrow                         0x0800041f   Thumb Code     2  heapauxi.o(.text)
    __rt_heap_expand                         0x08000421   Thumb Code     2  heapauxi.o(.text)
    __rt_heap_descriptor                     0x08000425   Thumb Code     8  rt_heap_descriptor_intlibspace.o(.text)
    __use_no_heap                            0x0800042d   Thumb Code     2  hguard.o(.text)
    __heap$guard                             0x0800042f   Thumb Code     2  hguard.o(.text)
    _terminate_user_alloc                    0x08000431   Thumb Code     2  init_alloc.o(.text)
    _init_user_alloc                         0x08000433   Thumb Code     2  init_alloc.o(.text)
    __Heap_Full                              0x08000435   Thumb Code    34  init_alloc.o(.text)
    __Heap_Broken                            0x08000457   Thumb Code     6  init_alloc.o(.text)
    _init_alloc                              0x0800045d   Thumb Code    94  init_alloc.o(.text)
    __Heap_Initialize                        0x080004bb   Thumb Code    10  h1_init.o(.text)
    __Heap_DescSize                          0x080004c5   Thumb Code     4  h1_init.o(.text)
    free                                     0x080004c9   Thumb Code    78  h1_free.o(.text)
    _printf_pre_padding                      0x08000517   Thumb Code    44  _printf_pad.o(.text)
    _printf_post_padding                     0x08000543   Thumb Code    34  _printf_pad.o(.text)
    _printf_truncate_signed                  0x08000565   Thumb Code    18  _printf_truncate.o(.text)
    _printf_truncate_unsigned                0x08000577   Thumb Code    18  _printf_truncate.o(.text)
    _printf_str                              0x08000589   Thumb Code    82  _printf_str.o(.text)
    _printf_int_dec                          0x080005dd   Thumb Code   104  _printf_dec.o(.text)
    _printf_charcount                        0x08000655   Thumb Code    40  _printf_charcount.o(.text)
    _printf_char_common                      0x08000687   Thumb Code    32  _printf_char_common.o(.text)
    _sputc                                   0x080006ad   Thumb Code    10  _sputc.o(.text)
    _printf_wctomb                           0x080006b9   Thumb Code   182  _printf_wctomb.o(.text)
    _printf_longlong_dec                     0x08000775   Thumb Code   108  _printf_longlong_dec.o(.text)
    _printf_longlong_oct                     0x080007f1   Thumb Code    68  _printf_oct_int_ll.o(.text)
    _printf_int_oct                          0x08000835   Thumb Code    24  _printf_oct_int_ll.o(.text)
    _printf_ll_oct                           0x0800084d   Thumb Code    12  _printf_oct_int_ll.o(.text)
    _printf_longlong_hex                     0x08000861   Thumb Code    86  _printf_hex_int_ll_ptr.o(.text)
    _printf_int_hex                          0x080008b7   Thumb Code    28  _printf_hex_int_ll_ptr.o(.text)
    _printf_ll_hex                           0x080008d3   Thumb Code    12  _printf_hex_int_ll_ptr.o(.text)
    _printf_hex_ptr                          0x080008df   Thumb Code    18  _printf_hex_int_ll_ptr.o(.text)
    __printf                                 0x080008f5   Thumb Code   388  __printf_flags_ss_wp.o(.text)
    __user_libspace                          0x08000a7d   Thumb Code     8  libspace.o(.text)
    __user_perproc_libspace                  0x08000a7d   Thumb Code     0  libspace.o(.text)
    __user_perthread_libspace                0x08000a7d   Thumb Code     0  libspace.o(.text)
    __Heap_ProvideMemory                     0x08000a85   Thumb Code    52  h1_extend.o(.text)
    _maybe_terminate_alloc                   0x08000a85   Thumb Code     0  maybetermalloc1.o(.text)
    _ll_udiv10                               0x08000ab9   Thumb Code   138  lludiv10.o(.text)
    _printf_int_common                       0x08000b43   Thumb Code   178  _printf_intcommon.o(.text)
    _printf_fp_dec_real                      0x08000da5   Thumb Code   620  _printf_fp_dec.o(.text)
    _printf_fp_hex_real                      0x08001011   Thumb Code   756  _printf_fp_hex.o(.text)
    _printf_cs_common                        0x0800130d   Thumb Code    20  _printf_char.o(.text)
    _printf_char                             0x08001321   Thumb Code    16  _printf_char.o(.text)
    _printf_string                           0x08001331   Thumb Code     8  _printf_char.o(.text)
    _printf_lcs_common                       0x08001339   Thumb Code    20  _printf_wchar.o(.text)
    _printf_wchar                            0x0800134d   Thumb Code    16  _printf_wchar.o(.text)
    _printf_wstring                          0x0800135d   Thumb Code     8  _printf_wchar.o(.text)
    _c16rtomb                                0x08001365   Thumb Code    72  _c16rtomb.o(.text)
    _wcrtomb                                 0x08001365   Thumb Code     0  _c16rtomb.o(.text)
    __rt_SIGRTMEM                            0x080013ad   Thumb Code    14  defsig_rtmem_outer.o(.text)
    __I$use$semihosting                      0x080013bb   Thumb Code     0  use_no_semi.o(.text)
    __use_no_semihosting_swi                 0x080013bb   Thumb Code     2  use_no_semi.o(.text)
    __semihosting_library_function           0x080013bd   Thumb Code     0  indicate_semi.o(.text)
    __user_setup_stackheap                   0x080013bd   Thumb Code    74  sys_stackheap_outer.o(.text)
    __rt_ctype_table                         0x08001409   Thumb Code    16  rt_ctype_table.o(.text)
    __rt_locale                              0x08001419   Thumb Code     8  rt_locale_intlibspace.o(.text)
    _printf_fp_infnan                        0x08001421   Thumb Code   112  _printf_fp_infnan.o(.text)
    _btod_etento                             0x080014a1   Thumb Code   224  bigflt0.o(.text)
    exit                                     0x08001585   Thumb Code    18  exit.o(.text)
    __sig_exit                               0x08001597   Thumb Code    10  defsig_exit.o(.text)
    __rt_SIGRTMEM_inner                      0x080015a1   Thumb Code    22  defsig_rtmem_inner.o(.text)
    _sys_exit                                0x080015f1   Thumb Code     8  sys_exit.o(.text)
    __default_signal_display                 0x080015fd   Thumb Code    50  defsig_general.o(.text)
    _ttywrch                                 0x0800162f   Thumb Code    14  sys_wrch.o(.text)
    EXTI0_IRQHandler                         0x0800163d   Thumb Code   132  gpio.o(.text.EXTI0_IRQHandler)
    EXTI15_10_IRQHandler                     0x080016c1   Thumb Code   132  gpio.o(.text.EXTI15_10_IRQHandler)
    EXTI1_IRQHandler                         0x08001745   Thumb Code   132  gpio.o(.text.EXTI1_IRQHandler)
    EXTI2_IRQHandler                         0x080017c9   Thumb Code   132  gpio.o(.text.EXTI2_IRQHandler)
    EXTI3_IRQHandler                         0x0800184d   Thumb Code   132  gpio.o(.text.EXTI3_IRQHandler)
    EXTI4_IRQHandler                         0x080018d1   Thumb Code   132  gpio.o(.text.EXTI4_IRQHandler)
    EXTI9_5_IRQHandler                       0x08001955   Thumb Code   132  gpio.o(.text.EXTI9_5_IRQHandler)
    GPIO_Init                                0x080019d9   Thumb Code   246  stm32f4xx_gpio.o(.text.GPIO_Init)
    GPIO_PinAFConfig                         0x08001ad1   Thumb Code   114  stm32f4xx_gpio.o(.text.GPIO_PinAFConfig)
    RCC_AHB1PeriphClockCmd                   0x08001bb1   Thumb Code    56  stm32f4xx_rcc.o(.text.RCC_AHB1PeriphClockCmd)
    RCC_APB1PeriphClockCmd                   0x08001be9   Thumb Code    56  stm32f4xx_rcc.o(.text.RCC_APB1PeriphClockCmd)
    RCC_GetClocksFreq                        0x08001c21   Thumb Code   354  stm32f4xx_rcc.o(.text.RCC_GetClocksFreq)
    SysTick_Handler                          0x08001d85   Thumb Code    16  timer.o(.text.SysTick_Handler)
    SystemInit                               0x08001d95   Thumb Code    18  system_stm32f4xx.o(.text.SystemInit)
    USART2_IRQHandler                        0x08001da9   Thumb Code    54  uart.o(.text.USART2_IRQHandler)
    USART_Cmd                                0x08001de1   Thumb Code    46  stm32f4xx_usart.o(.text.USART_Cmd)
    USART_GetFlagStatus                      0x08001e11   Thumb Code    66  stm32f4xx_usart.o(.text.USART_GetFlagStatus)
    USART_Init                               0x08001e55   Thumb Code   362  stm32f4xx_usart.o(.text.USART_Init)
    USART_ReceiveData                        0x08001fc1   Thumb Code    16  stm32f4xx_usart.o(.text.USART_ReceiveData)
    USART_SendData                           0x08001fd1   Thumb Code    24  stm32f4xx_usart.o(.text.USART_SendData)
    gpio_get                                 0x08002141   Thumb Code    42  gpio.o(.text.gpio_get)
    gpio_set                                 0x0800216d   Thumb Code    54  gpio.o(.text.gpio_set)
    gpio_set_callback                        0x080021a5   Thumb Code   850  gpio.o(.text.gpio_set_callback)
    gpio_set_mode                            0x080024f9   Thumb Code   322  gpio.o(.text.gpio_set_mode)
    gpio_set_trigger                         0x0800263d   Thumb Code   172  gpio.o(.text.gpio_set_trigger)
    leds_init                                0x080026e9   Thumb Code    44  leds.o(.text.leds_init)
    leds_set                                 0x08002715   Thumb Code    56  leds.o(.text.leds_set)
    main                                     0x0800274d   Thumb Code   396  c_lab2.o(.text.main)
    queue_enqueue                            0x080028d9   Thumb Code    78  queue.o(.text.queue_enqueue)
    queue_init                               0x08002929   Thumb Code    48  queue.o(.text.queue_init)
    queue_is_full                            0x08002959   Thumb Code    34  queue.o(.text.queue_is_full)
    switch_press_isr                         0x0800297d   Thumb Code    20  c_lab2.o(.text.switch_press_isr)
    uart_enable                              0x08002991   Thumb Code    18  uart.o(.text.uart_enable)
    uart_init                                0x080029a5   Thumb Code   138  uart.o(.text.uart_init)
    uart_print                               0x08002a31   Thumb Code    34  uart.o(.text.uart_print)
    uart_rx                                  0x08002a55   Thumb Code    50  uart.o(.text.uart_rx)
    uart_rx_isr                              0x08002a89   Thumb Code    92  c_lab2.o(.text.uart_rx_isr)
    uart_set_rx_callback                     0x08002ae5   Thumb Code    62  uart.o(.text.uart_set_rx_callback)
    uart_tx                                  0x08002b25   Thumb Code    50  uart.o(.text.uart_tx)
    _btod_d2e                                0x08002b57   Thumb Code    62  btod.o(CL$$btod_d2e)
    _d2e_denorm_low                          0x08002b95   Thumb Code    70  btod.o(CL$$btod_d2e_denorm_low)
    _d2e_norm_op1                            0x08002bdb   Thumb Code    96  btod.o(CL$$btod_d2e_norm_op1)
    __btod_div_common                        0x08002c3d   Thumb Code   696  btod.o(CL$$btod_div_common)
    _e2e                                     0x08002f75   Thumb Code   220  btod.o(CL$$btod_e2e)
    _btod_ediv                               0x08003051   Thumb Code    42  btod.o(CL$$btod_ediv)
    _btod_emul                               0x0800307b   Thumb Code    42  btod.o(CL$$btod_emul)
    __btod_mult_common                       0x080030a5   Thumb Code   580  btod.o(CL$$btod_mult_common)
    __ARM_fpclassify                         0x080032e9   Thumb Code    48  fpclassify.o(i.__ARM_fpclassify)
    _is_digit                                0x08003319   Thumb Code    14  __printf_wp.o(i._is_digit)
    _get_lc_numeric                          0x08003329   Thumb Code    44  lc_numeric_c.o(locale$$code)
    _get_lc_ctype                            0x08003355   Thumb Code    44  lc_ctype_c.o(locale$$code)
    _fp_init                                 0x08003381   Thumb Code    26  fpinit.o(x$fpl$fpinit)
    __fplib_config_fpu_vfp                   0x08003399   Thumb Code     0  fpinit.o(x$fpl$fpinit)
    __fplib_config_pureend_doubles           0x08003399   Thumb Code     0  fpinit.o(x$fpl$fpinit)
    _printf_fp_dec                           0x0800339b   Thumb Code     4  printf1.o(x$fpl$printf1)
    _printf_fp_hex                           0x0800339f   Thumb Code     4  printf2.o(x$fpl$printf2)
    __I$use$fp                               0x080033a2   Number         0  usenofp.o(x$fpl$usenofp)
    Region$$Table$$Base                      0x0800352c   Number         0  anon$$obj.o(Region$$Table)
    Region$$Table$$Limit                     0x0800353c   Number         0  anon$$obj.o(Region$$Table)
    __ctype                                  0x08003565   Data           0  lc_ctype_c.o(locale$$data)
    __libspace_start                         0x20000000   Data          96  libspace.o(.bss)
    EXTI_port_set                            0x20000060   Data           4  gpio.o(.bss.EXTI_port_set)
    __temporary_stack_top$libspace           0x20000060   Data           0  libspace.o(.bss)
    IRQ_pin_index                            0x20000068   Data           4  gpio.o(.bss.IRQ_pin_index)
    IRQ_port_num                             0x2000006c   Data           4  gpio.o(.bss.IRQ_port_num)
    IRQ_status                               0x20000070   Data           4  gpio.o(.bss.IRQ_status)
    priority                                 0x20000084   Data           4  gpio.o(.bss.priority)
    prioritygroup                            0x20000088   Data           4  gpio.o(.bss.prioritygroup)



==============================================================================

Memory Map of the image

  Image Entry point : 0x080002d1

  Load Region LR_1 (Base: 0x08000000, Size: 0x00003668, Max: 0xffffffff, ABSOLUTE)

    Execution Region ER_RO (Exec base: 0x08000000, Load base: 0x08000000, Size: 0x00003668, Max: 0xffffffff, ABSOLUTE)

    Exec Addr    Load Addr    Size         Type   Attr      Idx    E Section Name        Object

    0x08000000   0x08000000   0x00000198   Data   RO          628    RESET               startup_stm32f411xe.o
    0x08000198   0x08000198   0x00000008   Code   RO          713  * !!!main             c_w.l(__main.o)
    0x080001a0   0x080001a0   0x00000034   Code   RO         1116    !!!scatter          c_w.l(__scatter.o)
    0x080001d4   0x080001d4   0x0000001c   Code   RO         1118    !!handler_zi        c_w.l(__scatter_zi.o)
    0x080001f0   0x080001f0   0x00000000   Code   RO          842    .ARM.Collect$$_printf_percent$$00000000  c_w.l(_printf_percent.o)
    0x080001f0   0x080001f0   0x00000006   Code   RO          831    .ARM.Collect$$_printf_percent$$00000001  c_w.l(_printf_n.o)
    0x080001f6   0x080001f6   0x00000006   Code   RO          833    .ARM.Collect$$_printf_percent$$00000002  c_w.l(_printf_p.o)
    0x080001fc   0x080001fc   0x00000006   Code   RO          838    .ARM.Collect$$_printf_percent$$00000003  c_w.l(_printf_f.o)
    0x08000202   0x08000202   0x00000006   Code   RO          839    .ARM.Collect$$_printf_percent$$00000004  c_w.l(_printf_e.o)
    0x08000208   0x08000208   0x00000006   Code   RO          840    .ARM.Collect$$_printf_percent$$00000005  c_w.l(_printf_g.o)
    0x0800020e   0x0800020e   0x00000006   Code   RO          841    .ARM.Collect$$_printf_percent$$00000006  c_w.l(_printf_a.o)
    0x08000214   0x08000214   0x0000000a   Code   RO          846    .ARM.Collect$$_printf_percent$$00000007  c_w.l(_printf_ll.o)
    0x0800021e   0x0800021e   0x00000006   Code   RO          835    .ARM.Collect$$_printf_percent$$00000008  c_w.l(_printf_i.o)
    0x08000224   0x08000224   0x00000006   Code   RO          836    .ARM.Collect$$_printf_percent$$00000009  c_w.l(_printf_d.o)
    0x0800022a   0x0800022a   0x00000006   Code   RO          837    .ARM.Collect$$_printf_percent$$0000000A  c_w.l(_printf_u.o)
    0x08000230   0x08000230   0x00000006   Code   RO          834    .ARM.Collect$$_printf_percent$$0000000B  c_w.l(_printf_o.o)
    0x08000236   0x08000236   0x00000006   Code   RO          832    .ARM.Collect$$_printf_percent$$0000000C  c_w.l(_printf_x.o)
    0x0800023c   0x0800023c   0x00000006   Code   RO          843    .ARM.Collect$$_printf_percent$$0000000D  c_w.l(_printf_lli.o)
    0x08000242   0x08000242   0x00000006   Code   RO          844    .ARM.Collect$$_printf_percent$$0000000E  c_w.l(_printf_lld.o)
    0x08000248   0x08000248   0x00000006   Code   RO          845    .ARM.Collect$$_printf_percent$$0000000F  c_w.l(_printf_llu.o)
    0x0800024e   0x0800024e   0x00000006   Code   RO          850    .ARM.Collect$$_printf_percent$$00000010  c_w.l(_printf_llo.o)
    0x08000254   0x08000254   0x00000006   Code   RO          851    .ARM.Collect$$_printf_percent$$00000011  c_w.l(_printf_llx.o)
    0x0800025a   0x0800025a   0x0000000a   Code   RO          847    .ARM.Collect$$_printf_percent$$00000012  c_w.l(_printf_l.o)
    0x08000264   0x08000264   0x00000006   Code   RO          829    .ARM.Collect$$_printf_percent$$00000013  c_w.l(_printf_c.o)
    0x0800026a   0x0800026a   0x00000006   Code   RO          830    .ARM.Collect$$_printf_percent$$00000014  c_w.l(_printf_s.o)
    0x08000270   0x08000270   0x00000006   Code   RO          848    .ARM.Collect$$_printf_percent$$00000015  c_w.l(_printf_lc.o)
    0x08000276   0x08000276   0x00000006   Code   RO          849    .ARM.Collect$$_printf_percent$$00000016  c_w.l(_printf_ls.o)
    0x0800027c   0x0800027c   0x00000004   Code   RO          963    .ARM.Collect$$_printf_percent$$00000017  c_w.l(_printf_percent_end.o)
    0x08000280   0x08000280   0x00000002   Code   RO         1040    .ARM.Collect$$libinit$$00000000  c_w.l(libinit.o)
    0x08000282   0x08000282   0x00000004   Code   RO          856    .ARM.Collect$$libinit$$00000001  c_w.l(libinit2.o)
    0x08000286   0x08000286   0x00000000   Code   RO          859    .ARM.Collect$$libinit$$00000004  c_w.l(libinit2.o)
    0x08000286   0x08000286   0x00000000   Code   RO          861    .ARM.Collect$$libinit$$00000006  c_w.l(libinit2.o)
    0x08000286   0x08000286   0x00000008   Code   RO          862    .ARM.Collect$$libinit$$00000007  c_w.l(libinit2.o)
    0x0800028e   0x0800028e   0x00000000   Code   RO          864    .ARM.Collect$$libinit$$0000000C  c_w.l(libinit2.o)
    0x0800028e   0x0800028e   0x00000000   Code   RO          866    .ARM.Collect$$libinit$$0000000E  c_w.l(libinit2.o)
    0x0800028e   0x0800028e   0x00000000   Code   RO          868    .ARM.Collect$$libinit$$00000010  c_w.l(libinit2.o)
    0x0800028e   0x0800028e   0x00000006   Code   RO          869    .ARM.Collect$$libinit$$00000011  c_w.l(libinit2.o)
    0x08000294   0x08000294   0x00000000   Code   RO          871    .ARM.Collect$$libinit$$00000013  c_w.l(libinit2.o)
    0x08000294   0x08000294   0x0000000c   Code   RO          872    .ARM.Collect$$libinit$$00000014  c_w.l(libinit2.o)
    0x080002a0   0x080002a0   0x00000000   Code   RO          873    .ARM.Collect$$libinit$$00000015  c_w.l(libinit2.o)
    0x080002a0   0x080002a0   0x00000000   Code   RO          875    .ARM.Collect$$libinit$$00000017  c_w.l(libinit2.o)
    0x080002a0   0x080002a0   0x0000000a   Code   RO          876    .ARM.Collect$$libinit$$00000018  c_w.l(libinit2.o)
    0x080002aa   0x080002aa   0x00000000   Code   RO          877    .ARM.Collect$$libinit$$00000019  c_w.l(libinit2.o)
    0x080002aa   0x080002aa   0x00000000   Code   RO          879    .ARM.Collect$$libinit$$0000001B  c_w.l(libinit2.o)
    0x080002aa   0x080002aa   0x00000000   Code   RO          881    .ARM.Collect$$libinit$$0000001D  c_w.l(libinit2.o)
    0x080002aa   0x080002aa   0x00000000   Code   RO          883    .ARM.Collect$$libinit$$0000001F  c_w.l(libinit2.o)
    0x080002aa   0x080002aa   0x00000000   Code   RO          885    .ARM.Collect$$libinit$$00000021  c_w.l(libinit2.o)
    0x080002aa   0x080002aa   0x00000000   Code   RO          887    .ARM.Collect$$libinit$$00000023  c_w.l(libinit2.o)
    0x080002aa   0x080002aa   0x00000000   Code   RO          889    .ARM.Collect$$libinit$$00000025  c_w.l(libinit2.o)
    0x080002aa   0x080002aa   0x00000000   Code   RO          891    .ARM.Collect$$libinit$$00000027  c_w.l(libinit2.o)
    0x080002aa   0x080002aa   0x00000000   Code   RO          895    .ARM.Collect$$libinit$$0000002E  c_w.l(libinit2.o)
    0x080002aa   0x080002aa   0x00000000   Code   RO          897    .ARM.Collect$$libinit$$00000030  c_w.l(libinit2.o)
    0x080002aa   0x080002aa   0x00000000   Code   RO          899    .ARM.Collect$$libinit$$00000032  c_w.l(libinit2.o)
    0x080002aa   0x080002aa   0x00000000   Code   RO          901    .ARM.Collect$$libinit$$00000034  c_w.l(libinit2.o)
    0x080002aa   0x080002aa   0x00000002   Code   RO          902    .ARM.Collect$$libinit$$00000035  c_w.l(libinit2.o)
    0x080002ac   0x080002ac   0x00000002   Code   RO         1113    .ARM.Collect$$libshutdown$$00000000  c_w.l(libshutdown.o)
    0x080002ae   0x080002ae   0x00000000   Code   RO         1065    .ARM.Collect$$libshutdown$$00000002  c_w.l(libshutdown2.o)
    0x080002ae   0x080002ae   0x00000000   Code   RO         1067    .ARM.Collect$$libshutdown$$00000004  c_w.l(libshutdown2.o)
    0x080002ae   0x080002ae   0x00000000   Code   RO         1070    .ARM.Collect$$libshutdown$$00000007  c_w.l(libshutdown2.o)
    0x080002ae   0x080002ae   0x00000000   Code   RO         1073    .ARM.Collect$$libshutdown$$0000000A  c_w.l(libshutdown2.o)
    0x080002ae   0x080002ae   0x00000000   Code   RO         1075    .ARM.Collect$$libshutdown$$0000000C  c_w.l(libshutdown2.o)
    0x080002ae   0x080002ae   0x00000000   Code   RO         1078    .ARM.Collect$$libshutdown$$0000000F  c_w.l(libshutdown2.o)
    0x080002ae   0x080002ae   0x00000002   Code   RO         1079    .ARM.Collect$$libshutdown$$00000010  c_w.l(libshutdown2.o)
    0x080002b0   0x080002b0   0x00000000   Code   RO          731    .ARM.Collect$$rtentry$$00000000  c_w.l(__rtentry.o)
    0x080002b0   0x080002b0   0x00000000   Code   RO          924    .ARM.Collect$$rtentry$$00000002  c_w.l(__rtentry2.o)
    0x080002b0   0x080002b0   0x00000006   Code   RO          936    .ARM.Collect$$rtentry$$00000004  c_w.l(__rtentry4.o)
    0x080002b6   0x080002b6   0x00000000   Code   RO          926    .ARM.Collect$$rtentry$$00000009  c_w.l(__rtentry2.o)
    0x080002b6   0x080002b6   0x00000004   Code   RO          927    .ARM.Collect$$rtentry$$0000000A  c_w.l(__rtentry2.o)
    0x080002ba   0x080002ba   0x00000000   Code   RO          929    .ARM.Collect$$rtentry$$0000000C  c_w.l(__rtentry2.o)
    0x080002ba   0x080002ba   0x00000008   Code   RO          930    .ARM.Collect$$rtentry$$0000000D  c_w.l(__rtentry2.o)
    0x080002c2   0x080002c2   0x00000002   Code   RO         1049    .ARM.Collect$$rtexit$$00000000  c_w.l(rtexit.o)
    0x080002c4   0x080002c4   0x00000000   Code   RO         1085    .ARM.Collect$$rtexit$$00000002  c_w.l(rtexit2.o)
    0x080002c4   0x080002c4   0x00000004   Code   RO         1086    .ARM.Collect$$rtexit$$00000003  c_w.l(rtexit2.o)
    0x080002c8   0x080002c8   0x00000006   Code   RO         1087    .ARM.Collect$$rtexit$$00000004  c_w.l(rtexit2.o)
    0x080002ce   0x080002ce   0x00000002   PAD
    0x080002d0   0x080002d0   0x00000040   Code   RO          629  * .text               startup_stm32f411xe.o
    0x08000310   0x08000310   0x0000005e   Code   RO          653    .text               c_w.l(h1_alloc.o)
    0x0800036e   0x0800036e   0x00000002   PAD
    0x08000370   0x08000370   0x0000002c   Code   RO          707    .text               c_w.l(sprintf.o)
    0x0800039c   0x0800039c   0x00000004   PAD
    0x080003a0   0x080003a0   0x0000007c   Code   RO          709    .text               c_w.l(strcmpv7em.o)
    0x0800041c   0x0800041c   0x00000006   Code   RO          711    .text               c_w.l(heapauxi.o)
    0x08000422   0x08000422   0x00000002   PAD
    0x08000424   0x08000424   0x00000008   Code   RO          735    .text               c_w.l(rt_heap_descriptor_intlibspace.o)
    0x0800042c   0x0800042c   0x00000004   Code   RO          737    .text               c_w.l(hguard.o)
    0x08000430   0x08000430   0x0000008a   Code   RO          739    .text               c_w.l(init_alloc.o)
    0x080004ba   0x080004ba   0x0000000e   Code   RO          745    .text               c_w.l(h1_init.o)
    0x080004c8   0x080004c8   0x0000004e   Code   RO          747    .text               c_w.l(h1_free.o)
    0x08000516   0x08000516   0x0000004e   Code   RO          763    .text               c_w.l(_printf_pad.o)
    0x08000564   0x08000564   0x00000024   Code   RO          765    .text               c_w.l(_printf_truncate.o)
    0x08000588   0x08000588   0x00000052   Code   RO          767    .text               c_w.l(_printf_str.o)
    0x080005da   0x080005da   0x00000002   PAD
    0x080005dc   0x080005dc   0x00000078   Code   RO          769    .text               c_w.l(_printf_dec.o)
    0x08000654   0x08000654   0x00000028   Code   RO          771    .text               c_w.l(_printf_charcount.o)
    0x0800067c   0x0800067c   0x00000030   Code   RO          773    .text               c_w.l(_printf_char_common.o)
    0x080006ac   0x080006ac   0x0000000a   Code   RO          775    .text               c_w.l(_sputc.o)
    0x080006b6   0x080006b6   0x00000002   PAD
    0x080006b8   0x080006b8   0x000000bc   Code   RO          777    .text               c_w.l(_printf_wctomb.o)
    0x08000774   0x08000774   0x0000007c   Code   RO          780    .text               c_w.l(_printf_longlong_dec.o)
    0x080007f0   0x080007f0   0x00000070   Code   RO          786    .text               c_w.l(_printf_oct_int_ll.o)
    0x08000860   0x08000860   0x00000094   Code   RO          806    .text               c_w.l(_printf_hex_int_ll_ptr.o)
    0x080008f4   0x080008f4   0x00000188   Code   RO          826    .text               c_w.l(__printf_flags_ss_wp.o)
    0x08000a7c   0x08000a7c   0x00000008   Code   RO          920    .text               c_w.l(libspace.o)
    0x08000a84   0x08000a84   0x00000000   Code   RO          940    .text               c_w.l(maybetermalloc1.o)
    0x08000a84   0x08000a84   0x00000034   Code   RO          942    .text               c_w.l(h1_extend.o)
    0x08000ab8   0x08000ab8   0x0000008a   Code   RO          946    .text               c_w.l(lludiv10.o)
    0x08000b42   0x08000b42   0x000000b2   Code   RO          948    .text               c_w.l(_printf_intcommon.o)
    0x08000bf4   0x08000bf4   0x0000041c   Code   RO          950    .text               c_w.l(_printf_fp_dec.o)
    0x08001010   0x08001010   0x000002fc   Code   RO          954    .text               c_w.l(_printf_fp_hex.o)
    0x0800130c   0x0800130c   0x0000002c   Code   RO          959    .text               c_w.l(_printf_char.o)
    0x08001338   0x08001338   0x0000002c   Code   RO          961    .text               c_w.l(_printf_wchar.o)
    0x08001364   0x08001364   0x00000048   Code   RO          964    .text               c_w.l(_c16rtomb.o)
    0x080013ac   0x080013ac   0x0000000e   Code   RO          966    .text               c_w.l(defsig_rtmem_outer.o)
    0x080013ba   0x080013ba   0x00000002   Code   RO          977    .text               c_w.l(use_no_semi.o)
    0x080013bc   0x080013bc   0x00000000   Code   RO          979    .text               c_w.l(indicate_semi.o)
    0x080013bc   0x080013bc   0x0000004a   Code   RO          980    .text               c_w.l(sys_stackheap_outer.o)
    0x08001406   0x08001406   0x00000002   PAD
    0x08001408   0x08001408   0x00000010   Code   RO          982    .text               c_w.l(rt_ctype_table.o)
    0x08001418   0x08001418   0x00000008   Code   RO          989    .text               c_w.l(rt_locale_intlibspace.o)
    0x08001420   0x08001420   0x00000080   Code   RO          993    .text               c_w.l(_printf_fp_infnan.o)
    0x080014a0   0x080014a0   0x000000e4   Code   RO          995    .text               c_w.l(bigflt0.o)
    0x08001584   0x08001584   0x00000012   Code   RO         1025    .text               c_w.l(exit.o)
    0x08001596   0x08001596   0x0000000a   Code   RO         1027    .text               c_w.l(defsig_exit.o)
    0x080015a0   0x080015a0   0x00000050   Code   RO         1029    .text               c_w.l(defsig_rtmem_inner.o)
    0x080015f0   0x080015f0   0x0000000c   Code   RO         1045    .text               c_w.l(sys_exit.o)
    0x080015fc   0x080015fc   0x00000032   Code   RO         1062    .text               c_w.l(defsig_general.o)
    0x0800162e   0x0800162e   0x0000000e   Code   RO         1080    .text               c_w.l(sys_wrch.o)
    0x0800163c   0x0800163c   0x00000084   Code   RO          118    .text.EXTI0_IRQHandler  gpio.o
    0x080016c0   0x080016c0   0x00000084   Code   RO          132    .text.EXTI15_10_IRQHandler  gpio.o
    0x08001744   0x08001744   0x00000084   Code   RO          122    .text.EXTI1_IRQHandler  gpio.o
    0x080017c8   0x080017c8   0x00000084   Code   RO          124    .text.EXTI2_IRQHandler  gpio.o
    0x0800184c   0x0800184c   0x00000084   Code   RO          126    .text.EXTI3_IRQHandler  gpio.o
    0x080018d0   0x080018d0   0x00000084   Code   RO          128    .text.EXTI4_IRQHandler  gpio.o
    0x08001954   0x08001954   0x00000084   Code   RO          130    .text.EXTI9_5_IRQHandler  gpio.o
    0x080019d8   0x080019d8   0x000000f6   Code   RO          274    .text.GPIO_Init     stm32f4xx_gpio.o
    0x08001ace   0x08001ace   0x00000002   PAD
    0x08001ad0   0x08001ad0   0x00000072   Code   RO          298    .text.GPIO_PinAFConfig  stm32f4xx_gpio.o
    0x08001b42   0x08001b42   0x00000002   PAD
    0x08001b44   0x08001b44   0x0000006c   Code   RO          112    .text.NVIC_EncodePriority  gpio.o
    0x08001bb0   0x08001bb0   0x00000038   Code   RO          430    .text.RCC_AHB1PeriphClockCmd  stm32f4xx_rcc.o
    0x08001be8   0x08001be8   0x00000038   Code   RO          436    .text.RCC_APB1PeriphClockCmd  stm32f4xx_rcc.o
    0x08001c20   0x08001c20   0x00000162   Code   RO          420    .text.RCC_GetClocksFreq  stm32f4xx_rcc.o
    0x08001d82   0x08001d82   0x00000002   PAD
    0x08001d84   0x08001d84   0x00000010   Code   RO          557    .text.SysTick_Handler  timer.o
    0x08001d94   0x08001d94   0x00000012   Code   RO          636    .text.SystemInit    system_stm32f4xx.o
    0x08001da6   0x08001da6   0x00000002   PAD
    0x08001da8   0x08001da8   0x00000036   Code   RO          586    .text.USART2_IRQHandler  uart.o
    0x08001dde   0x08001dde   0x00000002   PAD
    0x08001de0   0x08001de0   0x0000002e   Code   RO          486    .text.USART_Cmd     stm32f4xx_usart.o
    0x08001e0e   0x08001e0e   0x00000002   PAD
    0x08001e10   0x08001e10   0x00000042   Code   RO          526    .text.USART_GetFlagStatus  stm32f4xx_usart.o
    0x08001e52   0x08001e52   0x00000002   PAD
    0x08001e54   0x08001e54   0x0000016a   Code   RO          478    .text.USART_Init    stm32f4xx_usart.o
    0x08001fbe   0x08001fbe   0x00000002   PAD
    0x08001fc0   0x08001fc0   0x00000010   Code   RO          496    .text.USART_ReceiveData  stm32f4xx_usart.o
    0x08001fd0   0x08001fd0   0x00000018   Code   RO          494    .text.USART_SendData  stm32f4xx_usart.o
    0x08001fe8   0x08001fe8   0x00000030   Code   RO          120    .text.__NVIC_ClearPendingIRQ  gpio.o
    0x08002018   0x08002018   0x00000030   Code   RO          580    .text.__NVIC_ClearPendingIRQ  uart.o
    0x08002048   0x08002048   0x00000030   Code   RO          116    .text.__NVIC_EnableIRQ  gpio.o
    0x08002078   0x08002078   0x00000030   Code   RO          582    .text.__NVIC_EnableIRQ  uart.o
    0x080020a8   0x080020a8   0x00000010   Code   RO          110    .text.__NVIC_GetPriorityGrouping  gpio.o
    0x080020b8   0x080020b8   0x00000042   Code   RO          114    .text.__NVIC_SetPriority  gpio.o
    0x080020fa   0x080020fa   0x00000002   PAD
    0x080020fc   0x080020fc   0x00000042   Code   RO          578    .text.__NVIC_SetPriority  uart.o
    0x0800213e   0x0800213e   0x00000002   PAD
    0x08002140   0x08002140   0x0000002a   Code   RO           98    .text.gpio_get      gpio.o
    0x0800216a   0x0800216a   0x00000002   PAD
    0x0800216c   0x0800216c   0x00000036   Code   RO           96    .text.gpio_set      gpio.o
    0x080021a2   0x080021a2   0x00000002   PAD
    0x080021a4   0x080021a4   0x00000352   Code   RO          108    .text.gpio_set_callback  gpio.o
    0x080024f6   0x080024f6   0x00000002   PAD
    0x080024f8   0x080024f8   0x00000142   Code   RO          104    .text.gpio_set_mode  gpio.o
    0x0800263a   0x0800263a   0x00000002   PAD
    0x0800263c   0x0800263c   0x000000ac   Code   RO          106    .text.gpio_set_trigger  gpio.o
    0x080026e8   0x080026e8   0x0000002c   Code   RO          161    .text.leds_init     leds.o
    0x08002714   0x08002714   0x00000038   Code   RO          163    .text.leds_set      leds.o
    0x0800274c   0x0800274c   0x0000018c   Code   RO            2    .text.main          c_lab2.o
    0x080028d8   0x080028d8   0x0000004e   Code   RO          174    .text.queue_enqueue  queue.o
    0x08002926   0x08002926   0x00000002   PAD
    0x08002928   0x08002928   0x00000030   Code   RO          172    .text.queue_init    queue.o
    0x08002958   0x08002958   0x00000022   Code   RO          176    .text.queue_is_full  queue.o
    0x0800297a   0x0800297a   0x00000002   PAD
    0x0800297c   0x0800297c   0x00000014   Code   RO            6    .text.switch_press_isr  c_lab2.o
    0x08002990   0x08002990   0x00000012   Code   RO          570    .text.uart_enable   uart.o
    0x080029a2   0x080029a2   0x00000002   PAD
    0x080029a4   0x080029a4   0x0000008a   Code   RO          568    .text.uart_init     uart.o
    0x08002a2e   0x08002a2e   0x00000002   PAD
    0x08002a30   0x08002a30   0x00000022   Code   RO          572    .text.uart_print    uart.o
    0x08002a52   0x08002a52   0x00000002   PAD
    0x08002a54   0x08002a54   0x00000032   Code   RO          584    .text.uart_rx       uart.o
    0x08002a86   0x08002a86   0x00000002   PAD
    0x08002a88   0x08002a88   0x0000005c   Code   RO            4    .text.uart_rx_isr   c_lab2.o
    0x08002ae4   0x08002ae4   0x0000003e   Code   RO          576    .text.uart_set_rx_callback  uart.o
    0x08002b22   0x08002b22   0x00000002   PAD
    0x08002b24   0x08002b24   0x00000032   Code   RO          574    .text.uart_tx       uart.o
    0x08002b56   0x08002b56   0x0000003e   Code   RO          998    CL$$btod_d2e        c_w.l(btod.o)
    0x08002b94   0x08002b94   0x00000046   Code   RO         1000    CL$$btod_d2e_denorm_low  c_w.l(btod.o)
    0x08002bda   0x08002bda   0x00000060   Code   RO          999    CL$$btod_d2e_norm_op1  c_w.l(btod.o)
    0x08002c3a   0x08002c3a   0x00000002   PAD
    0x08002c3c   0x08002c3c   0x00000338   Code   RO         1008    CL$$btod_div_common  c_w.l(btod.o)
    0x08002f74   0x08002f74   0x000000dc   Code   RO         1005    CL$$btod_e2e        c_w.l(btod.o)
    0x08003050   0x08003050   0x0000002a   Code   RO         1002    CL$$btod_ediv       c_w.l(btod.o)
    0x0800307a   0x0800307a   0x0000002a   Code   RO         1001    CL$$btod_emul       c_w.l(btod.o)
    0x080030a4   0x080030a4   0x00000244   Code   RO         1007    CL$$btod_mult_common  c_w.l(btod.o)
    0x080032e8   0x080032e8   0x00000030   Code   RO         1043    i.__ARM_fpclassify  m_wm.l(fpclassify.o)
    0x08003318   0x08003318   0x0000000e   Code   RO          819    i._is_digit         c_w.l(__printf_wp.o)
    0x08003326   0x08003326   0x00000002   PAD
    0x08003328   0x08003328   0x0000002c   Code   RO         1023    locale$$code        c_w.l(lc_numeric_c.o)
    0x08003354   0x08003354   0x0000002c   Code   RO         1058    locale$$code        c_w.l(lc_ctype_c.o)
    0x08003380   0x08003380   0x0000001a   Code   RO          975    x$fpl$fpinit        fz_wm.l(fpinit.o)
    0x0800339a   0x0800339a   0x00000004   Code   RO          907    x$fpl$printf1       fz_wm.l(printf1.o)
    0x0800339e   0x0800339e   0x00000004   Code   RO          909    x$fpl$printf2       fz_wm.l(printf2.o)
    0x080033a2   0x080033a2   0x00000000   Code   RO          915    x$fpl$usenofp       fz_wm.l(usenofp.o)
    0x080033a2   0x080033a2   0x00000002   PAD
    0x080033a4   0x080033a4   0x00000008   Data   RO          778    .constdata          c_w.l(_printf_wctomb.o)
    0x080033ac   0x080033ac   0x00000028   Data   RO          807    .constdata          c_w.l(_printf_hex_int_ll_ptr.o)
    0x080033d4   0x080033d4   0x00000011   Data   RO          827    .constdata          c_w.l(__printf_flags_ss_wp.o)
    0x080033e5   0x080033e5   0x00000026   Data   RO          955    .constdata          c_w.l(_printf_fp_hex.o)
    0x0800340b   0x0800340b   0x00000001   PAD
    0x0800340c   0x0800340c   0x00000094   Data   RO          996    .constdata          c_w.l(bigflt0.o)
    0x080034a0   0x080034a0   0x00000010   Data   RO          468    .rodata.APBAHBPrescTable  stm32f4xx_rcc.o
    0x080034b0   0x080034b0   0x00000079   Data   RO            9    .rodata.str1.1      c_lab2.o
    0x08003529   0x08003529   0x00000003   PAD
    0x0800352c   0x0800352c   0x00000010   Data   RO         1115    Region$$Table       anon$$obj.o
    0x0800353c   0x0800353c   0x0000001c   Data   RO         1022    locale$$data        c_w.l(lc_numeric_c.o)
    0x08003558   0x08003558   0x00000110   Data   RO         1057    locale$$data        c_w.l(lc_ctype_c.o)


    Execution Region ER_RW (Exec base: 0x20000000, Load base: 0x08003668, Size: 0x00000000, Max: 0xffffffff, ABSOLUTE)

    **** No section assigned to this execution region ****


    Execution Region ER_ZI (Exec base: 0x20000000, Load base: 0x08003668, Size: 0x000006a8, Max: 0xffffffff, ABSOLUTE)

    Exec Addr    Load Addr    Size         Type   Attr      Idx    E Section Name        Object

    0x20000000        -       0x00000060   Zero   RW          921    .bss                c_w.l(libspace.o)
    0x20000060        -       0x00000004   Zero   RW          137    .bss.EXTI_port_set  gpio.o
    0x20000064        -       0x00000004   Zero   RW          138    .bss.GPIO_callback  gpio.o
    0x20000068        -       0x00000004   Zero   RW          136    .bss.IRQ_pin_index  gpio.o
    0x2000006c        -       0x00000004   Zero   RW          135    .bss.IRQ_port_num   gpio.o
    0x20000070        -       0x00000004   Zero   RW          134    .bss.IRQ_status     gpio.o
    0x20000074        -       0x00000004   Zero   RW          588    .bss.UART_callback  uart.o
    0x20000078        -       0x00000004   Zero   RW           13    .bss.c              c_lab2.o
    0x2000007c        -       0x00000004   Zero   RW           11    .bss.counter        c_lab2.o
    0x20000080        -       0x00000004   Zero   RW           12    .bss.ledFlag        c_lab2.o
    0x20000084        -       0x00000004   Zero   RW          140    .bss.priority       gpio.o
    0x20000088        -       0x00000004   Zero   RW          139    .bss.prioritygroup  gpio.o
    0x2000008c        -       0x00000010   Zero   RW            8    .bss.rx_queue       c_lab2.o
    0x2000009c        -       0x00000004   Zero   RW           10    .bss.switchFlag     c_lab2.o
    0x200000a0        -       0x00000004   Zero   RW          559    .bss.timer_callback  timer.o
    0x200000a4   0x08003668   0x00000004   PAD
    0x200000a8        -       0x00000200   Zero   RW          627    HEAP                startup_stm32f411xe.o
    0x200002a8        -       0x00000400   Zero   RW          626    STACK               startup_stm32f411xe.o


==============================================================================

Image component sizes


      Code (inc. data)   RO Data    RW Data    ZI Data      Debug   Object Name

       508          0        121          0         32       2573   c_lab2.o
      2650         38          0          0         28       9786   gpio.o
       100          0          0          0          0       1426   leds.o
       160          0          0          0          0       1409   queue.o
        64         26        408          0       1536        892   startup_stm32f411xe.o
       360          0          0          0          0       4438   stm32f4xx_gpio.o
       466          0         16          0          0       9277   stm32f4xx_rcc.o
       514          0          0          0          0       7033   stm32f4xx_usart.o
        18          0          0          0          0       2738   system_stm32f4xx.o
        16          0          0          0          4       4836   timer.o
       568          0          0          0          4       6156   uart.o

    ----------------------------------------------------------------------
      5466         64        564          0       1608      50564   Object Totals
         0          0         16          0          0          0   (incl. Generated)
        42          0          3          0          4          0   (incl. Padding)

    ----------------------------------------------------------------------

      Code (inc. data)   RO Data    RW Data    ZI Data      Debug   Library Member Name

         8          0          0          0          0         68   __main.o
       392          4         17          0          0         92   __printf_flags_ss_wp.o
        14          0          0          0          0         68   __printf_wp.o
         0          0          0          0          0          0   __rtentry.o
        12          0          0          0          0          0   __rtentry2.o
         6          0          0          0          0          0   __rtentry4.o
        52          8          0          0          0          0   __scatter.o
        28          0          0          0          0          0   __scatter_zi.o
        72          0          0          0          0         96   _c16rtomb.o
         6          0          0          0          0          0   _printf_a.o
         6          0          0          0          0          0   _printf_c.o
        44          0          0          0          0        108   _printf_char.o
        48          6          0          0          0         96   _printf_char_common.o
        40          0          0          0          0         68   _printf_charcount.o
         6          0          0          0          0          0   _printf_d.o
       120         16          0          0          0         92   _printf_dec.o
         6          0          0          0          0          0   _printf_e.o
         6          0          0          0          0          0   _printf_f.o
      1052          0          0          0          0        148   _printf_fp_dec.o
       764          8         38          0          0        100   _printf_fp_hex.o
       128         16          0          0          0         84   _printf_fp_infnan.o
         6          0          0          0          0          0   _printf_g.o
       148          4         40          0          0        160   _printf_hex_int_ll_ptr.o
         6          0          0          0          0          0   _printf_i.o
       178          0          0          0          0         88   _printf_intcommon.o
        10          0          0          0          0          0   _printf_l.o
         6          0          0          0          0          0   _printf_lc.o
        10          0          0          0          0          0   _printf_ll.o
         6          0          0          0          0          0   _printf_lld.o
         6          0          0          0          0          0   _printf_lli.o
         6          0          0          0          0          0   _printf_llo.o
         6          0          0          0          0          0   _printf_llu.o
         6          0          0          0          0          0   _printf_llx.o
       124         16          0          0          0         92   _printf_longlong_dec.o
         6          0          0          0          0          0   _printf_ls.o
         6          0          0          0          0          0   _printf_n.o
         6          0          0          0          0          0   _printf_o.o
       112          8          0          0          0        124   _printf_oct_int_ll.o
         6          0          0          0          0          0   _printf_p.o
        78          0          0          0          0        108   _printf_pad.o
         0          0          0          0          0          0   _printf_percent.o
         4          0          0          0          0          0   _printf_percent_end.o
         6          0          0          0          0          0   _printf_s.o
        82          0          0          0          0         80   _printf_str.o
        36          0          0          0          0         84   _printf_truncate.o
         6          0          0          0          0          0   _printf_u.o
        44          0          0          0          0        108   _printf_wchar.o
       188          6          8          0          0         92   _printf_wctomb.o
         6          0          0          0          0          0   _printf_x.o
        10          0          0          0          0         68   _sputc.o
       228          4        148          0          0         96   bigflt0.o
      1936        128          0          0          0        668   btod.o
        10          0          0          0          0         68   defsig_exit.o
        50          0          0          0          0         88   defsig_general.o
        80         58          0          0          0         76   defsig_rtmem_inner.o
        14          0          0          0          0         80   defsig_rtmem_outer.o
        18          0          0          0          0         80   exit.o
        94          0          0          0          0         80   h1_alloc.o
        52          0          0          0          0         68   h1_extend.o
        78          0          0          0          0         80   h1_free.o
        14          0          0          0          0         84   h1_init.o
         6          0          0          0          0        152   heapauxi.o
         4          0          0          0          0        136   hguard.o
         0          0          0          0          0          0   indicate_semi.o
       138          0          0          0          0        168   init_alloc.o
        44         10        272          0          0         76   lc_ctype_c.o
        44         10         28          0          0         76   lc_numeric_c.o
         2          0          0          0          0          0   libinit.o
        42          0          0          0          0          0   libinit2.o
         2          0          0          0          0          0   libshutdown.o
         2          0          0          0          0          0   libshutdown2.o
         8          4          0          0         96         68   libspace.o
       138          0          0          0          0         80   lludiv10.o
         0          0          0          0          0          0   maybetermalloc1.o
        16          4          0          0          0         76   rt_ctype_table.o
         8          4          0          0          0         68   rt_heap_descriptor_intlibspace.o
         8          4          0          0          0         68   rt_locale_intlibspace.o
         2          0          0          0          0          0   rtexit.o
        10          0          0          0          0          0   rtexit2.o
        44          6          0          0          0         84   sprintf.o
       124          0          0          0          0         88   strcmpv7em.o
        12          4          0          0          0         68   sys_exit.o
        74          0          0          0          0         80   sys_stackheap_outer.o
        14          0          0          0          0         76   sys_wrch.o
         2          0          0          0          0         68   use_no_semi.o
        26          0          0          0          0        116   fpinit.o
         4          0          0          0          0        116   printf1.o
         4          0          0          0          0        116   printf2.o
         0          0          0          0          0          0   usenofp.o
        48          0          0          0          0        124   fpclassify.o

    ----------------------------------------------------------------------
      7346        332        552          0         96       5396   Library Totals
        22          4          1          0          0          0   (incl. Padding)

    ----------------------------------------------------------------------

      Code (inc. data)   RO Data    RW Data    ZI Data      Debug   Library Name

      7242        328        551          0         96       4924   c_w.l
        34          0          0          0          0        348   fz_wm.l
        48          0          0          0          0        124   m_wm.l

    ----------------------------------------------------------------------
      7346        332        552          0         96       5396   Library Totals

    ----------------------------------------------------------------------

==============================================================================


      Code (inc. data)   RO Data    RW Data    ZI Data      Debug   

     12812        396       1116          0       1704      52808   Grand Totals
     12812        396       1116          0       1704      52808   ELF Image Totals
     12812        396       1116          0          0          0   ROM Totals

==============================================================================

    Total RO  Size (Code + RO Data)                13928 (  13.60kB)
    Total RW  Size (RW Data + ZI Data)              1704 (   1.66kB)
    Total ROM Size (Code + RO Data + RW Data)      13928 (  13.60kB)

==============================================================================

