Component: ARM Compiler 6.16 Tool: armlink [5dfeaa00]

==============================================================================

Section Cross References

    dht11.o(.text.dht11_init) refers to gpio.o(.text.gpio_set_mode) for gpio_set_mode
    dht11.o(.text.dht11_init) refers to gpio.o(.text.gpio_set) for gpio_set
    dht11.o(.ARM.exidx.text.dht11_init) refers to dht11.o(.text.dht11_init) for [Anonymous Symbol]
    dht11.o(.text.dht11_start) refers to gpio.o(.text.gpio_set) for gpio_set
    dht11.o(.text.dht11_start) refers to delay.o(.text.delay_ms) for delay_ms
    dht11.o(.text.dht11_start) refers to delay.o(.text.delay_us) for delay_us
    dht11.o(.text.dht11_start) refers to gpio.o(.text.gpio_set_mode) for gpio_set_mode
    dht11.o(.text.dht11_start) refers to gpio.o(.text.gpio_get) for gpio_get
    dht11.o(.ARM.exidx.text.dht11_start) refers to dht11.o(.text.dht11_start) for [Anonymous Symbol]
    dht11.o(.text.dht11_read_byte) refers to gpio.o(.text.gpio_get) for gpio_get
    dht11.o(.text.dht11_read_byte) refers to delay.o(.text.delay_us) for delay_us
    dht11.o(.ARM.exidx.text.dht11_read_byte) refers to dht11.o(.text.dht11_read_byte) for [Anonymous Symbol]
    dht11.o(.text.dht11_read) refers to dht11.o(.text.dht11_start) for dht11_start
    dht11.o(.text.dht11_read) refers to dht11.o(.text.dht11_read_byte) for dht11_read_byte
    dht11.o(.text.dht11_read) refers to gpio.o(.text.gpio_set_mode) for gpio_set_mode
    dht11.o(.text.dht11_read) refers to gpio.o(.text.gpio_set) for gpio_set
    dht11.o(.ARM.exidx.text.dht11_read) refers to dht11.o(.text.dht11_read) for [Anonymous Symbol]
    delay.o(.text.delay_ms) refers to system_stm32f4xx.o(.data.SystemCoreClock) for SystemCoreClock
    delay.o(.text.delay_ms) refers to delay_cycles.o(.text) for delay_cycles
    delay.o(.ARM.exidx.text.delay_ms) refers to delay.o(.text.delay_ms) for [Anonymous Symbol]
    delay.o(.text.delay_us) refers to system_stm32f4xx.o(.data.SystemCoreClock) for SystemCoreClock
    delay.o(.text.delay_us) refers to delay_cycles.o(.text) for delay_cycles
    delay.o(.ARM.exidx.text.delay_us) refers to delay.o(.text.delay_us) for [Anonymous Symbol]
    lab3.o(.text.main) refers to lab3.o(.bss.rx_queue) for rx_queue
    lab3.o(.text.main) refers to queue.o(.text.queue_init) for queue_init
    lab3.o(.text.main) refers to uart.o(.text.uart_init) for uart_init
    lab3.o(.text.main) refers to lab3.o(.text.uart_rx_isr) for uart_rx_isr
    lab3.o(.text.main) refers to uart.o(.text.uart_set_rx_callback) for uart_set_rx_callback
    lab3.o(.text.main) refers to uart.o(.text.uart_enable) for uart_enable
    lab3.o(.text.main) refers to leds.o(.text.leds_init) for leds_init
    lab3.o(.text.main) refers to leds.o(.text.leds_set) for leds_set
    lab3.o(.text.main) refers to lab3.o(.bss.dht11) for dht11
    lab3.o(.text.main) refers to dht11.o(.text.dht11_init) for dht11_init
    lab3.o(.text.main) refers to lab3.o(.rodata.str1.1) for .L.str
    lab3.o(.text.main) refers to uart.o(.text.uart_print) for uart_print
    lab3.o(.text.main) refers to lab3.o(.bss.aemFlag) for aemFlag
    lab3.o(.text.main) refers to lab3.o(.bss.our_timer_period) for our_timer_period
    lab3.o(.text.main) refers to timer.o(.text.timer_init) for timer_init
    lab3.o(.text.main) refers to lab3.o(.text.timer_isr) for timer_isr
    lab3.o(.text.main) refers to timer.o(.text.timer_set_callback) for timer_set_callback
    lab3.o(.text.main) refers to timer.o(.text.timer_enable) for timer_enable
    lab3.o(.text.main) refers to gpio.o(.text.gpio_set_mode) for gpio_set_mode
    lab3.o(.text.main) refers to gpio.o(.text.gpio_set_trigger) for gpio_set_trigger
    lab3.o(.text.main) refers to lab3.o(.text.switch_press_isr) for switch_press_isr
    lab3.o(.text.main) refers to gpio.o(.text.gpio_set_callback) for gpio_set_callback
    lab3.o(.text.main) refers to lab3.o(.bss.switchFlag) for switchFlag
    lab3.o(.text.main) refers to lab3.o(.bss.switchCount) for switchCount
    lab3.o(.text.main) refers to lab3.o(.bss.aemCount) for aemCount
    lab3.o(.text.main) refers to lab3.o(.bss.getTempFlag) for getTempFlag
    lab3.o(.text.main) refers to dht11.o(.text.dht11_read) for dht11_read
    lab3.o(.text.main) refers to lab3.o(.text.tmp) for tmp
    lab3.o(.text.main) refers to lab3.o(.bss.tmpFlag) for tmpFlag
    lab3.o(.text.main) refers to gpio.o(.text.gpio_set) for gpio_set
    lab3.o(.text.main) refers to gpio.o(.text.gpio_toggle) for gpio_toggle
    lab3.o(.text.main) refers to delay.o(.text.delay_ms) for delay_ms
    lab3.o(.ARM.exidx.text.main) refers to lab3.o(.text.main) for [Anonymous Symbol]
    lab3.o(.text.uart_rx_isr) refers to lab3.o(.bss.rx_queue) for rx_queue
    lab3.o(.text.uart_rx_isr) refers to queue.o(.text.queue_enqueue) for queue_enqueue
    lab3.o(.text.uart_rx_isr) refers to lab3.o(.bss.aemCount) for aemCount
    lab3.o(.text.uart_rx_isr) refers to lab3.o(.bss.aemFlag) for aemFlag
[...]
    _fp_digits                               0x08000c29   Thumb Code   432  _printf_fp_dec.o(.text)
    .text                                    0x08000c28   Section        0  _printf_fp_dec.o(.text)
    .text                                    0x08001044   Section        0  _printf_fp_hex.o(.text)
    .text                                    0x08001340   Section        0  _printf_char.o(.text)
    .text                                    0x0800136c   Section        0  _printf_wchar.o(.text)
    .text                                    0x08001398   Section        0  _c16rtomb.o(.text)
    .text                                    0x080013e0   Section        0  defsig_rtmem_outer.o(.text)
    .text                                    0x080013ee   Section        2  use_no_semi.o(.text)
    .text                                    0x080013f0   Section        0  indicate_semi.o(.text)
    .text                                    0x080013f0   Section       74  sys_stackheap_outer.o(.text)
    .text                                    0x0800143c   Section       16  rt_ctype_table.o(.text)
    .text                                    0x0800144c   Section        8  rt_locale_intlibspace.o(.text)
    .text                                    0x08001454   Section        0  _printf_fp_infnan.o(.text)
    .text                                    0x080014d4   Section        0  bigflt0.o(.text)
    .text                                    0x080015b8   Section        0  exit.o(.text)
    .text                                    0x080015ca   Section        0  defsig_exit.o(.text)
    .text                                    0x080015d4   Section        0  defsig_rtmem_inner.o(.text)
    .text                                    0x08001624   Section        0  defsig_general.o(.text)
    .text                                    0x08001656   Section        0  sys_wrch.o(.text)
    [Anonymous Symbol]                       0x08001664   Section        0  gpio.o(.text.EXTI0_IRQHandler)
    [Anonymous Symbol]                       0x080016e8   Section        0  gpio.o(.text.EXTI15_10_IRQHandler)
    [Anonymous Symbol]                       0x0800176c   Section        0  gpio.o(.text.EXTI1_IRQHandler)
    [Anonymous Symbol]                       0x080017f0   Section        0  gpio.o(.text.EXTI2_IRQHandler)
    [Anonymous Symbol]                       0x08001874   Section        0  gpio.o(.text.EXTI3_IRQHandler)
    [Anonymous Symbol]                       0x080018f8   Section        0  gpio.o(.text.EXTI4_IRQHandler)
    [Anonymous Symbol]                       0x0800197c   Section        0  gpio.o(.text.EXTI9_5_IRQHandler)
    [Anonymous Symbol]                       0x08001a00   Section        0  stm32f4xx_gpio.o(.text.GPIO_Init)
    [Anonymous Symbol]                       0x08001af8   Section        0  stm32f4xx_gpio.o(.text.GPIO_PinAFConfig)
    NVIC_EncodePriority                      0x08001b6d   Thumb Code   108  gpio.o(.text.NVIC_EncodePriority)
    [Anonymous Symbol]                       0x08001b6c   Section        0  gpio.o(.text.NVIC_EncodePriority)
    NVIC_EncodePriority                      0x08001bd9   Thumb Code   108  timer.o(.text.NVIC_EncodePriority)
    [Anonymous Symbol]                       0x08001bd8   Section        0  timer.o(.text.NVIC_EncodePriority)
    [Anonymous Symbol]                       0x08001c44   Section        0  stm32f4xx_rcc.o(.text.RCC_AHB1PeriphClockCmd)
    [Anonymous Symbol]                       0x08001c7c   Section        0  stm32f4xx_rcc.o(.text.RCC_APB1PeriphClockCmd)
    [Anonymous Symbol]                       0x08001cb4   Section        0  stm32f4xx_rcc.o(.text.RCC_GetClocksFreq)
    SysTick_Config                           0x08001e19   Thumb Code    82  timer.o(.text.SysTick_Config)
    [Anonymous Symbol]                       0x08001e18   Section        0  timer.o(.text.SysTick_Config)
    [Anonymous Symbol]                       0x08001e6c   Section        0  timer.o(.text.SysTick_Handler)
    [Anonymous Symbol]                       0x08001e7c   Section        0  system_stm32f4xx.o(.text.SystemInit)
    [Anonymous Symbol]                       0x08001e90   Section        0  uart.o(.text.USART2_IRQHandler)
    [Anonymous Symbol]                       0x08001ec8   Section        0  stm32f4xx_usart.o(.text.USART_Cmd)
    [Anonymous Symbol]                       0x08001ef8   Section        0  stm32f4xx_usart.o(.text.USART_GetFlagStatus)
    [Anonymous Symbol]                       0x08001f3c   Section        0  stm32f4xx_usart.o(.text.USART_Init)
    [Anonymous Symbol]                       0x080020a8   Section        0  stm32f4xx_usart.o(.text.USART_ReceiveData)
    [Anonymous Symbol]                       0x080020b8   Section        0  stm32f4xx_usart.o(.text.USART_SendData)
    __NVIC_ClearPendingIRQ                   0x080020d1   Thumb Code    48  gpio.o(.text.__NVIC_ClearPendingIRQ)
    [Anonymous Symbol]                       0x080020d0   Section        0  gpio.o(.text.__NVIC_ClearPendingIRQ)
    __NVIC_ClearPendingIRQ                   0x08002101   Thumb Code    48  uart.o(.text.__NVIC_ClearPendingIRQ)
    [Anonymous Symbol]                       0x08002100   Section        0  uart.o(.text.__NVIC_ClearPendingIRQ)
    __NVIC_EnableIRQ                         0x08002131   Thumb Code    48  gpio.o(.text.__NVIC_EnableIRQ)
    [Anonymous Symbol]                       0x08002130   Section        0  gpio.o(.text.__NVIC_EnableIRQ)
    __NVIC_EnableIRQ                         0x08002161   Thumb Code    48  uart.o(.text.__NVIC_EnableIRQ)
    [Anonymous Symbol]                       0x08002160   Section        0  uart.o(.text.__NVIC_EnableIRQ)
    __NVIC_GetPriorityGrouping               0x08002191   Thumb Code    16  gpio.o(.text.__NVIC_GetPriorityGrouping)
    [Anonymous Symbol]                       0x08002190   Section        0  gpio.o(.text.__NVIC_GetPriorityGrouping)
    __NVIC_GetPriorityGrouping               0x080021a1   Thumb Code    16  timer.o(.text.__NVIC_GetPriorityGrouping)
    [Anonymous Symbol]                       0x080021a0   Section        0  timer.o(.text.__NVIC_GetPriorityGrouping)
    __NVIC_SetPriority                       0x080021b1   Thumb Code    66  gpio.o(.text.__NVIC_SetPriority)
    [Anonymous Symbol]                       0x080021b0   Section        0  gpio.o(.text.__NVIC_SetPriority)
    __NVIC_SetPriority                       0x080021f5   Thumb Code    66  timer.o(.text.__NVIC_SetPriority)
    [Anonymous Symbol]                       0x080021f4   Section        0  timer.o(.text.__NVIC_SetPriority)
    __NVIC_SetPriority                       0x08002239   Thumb Code    66  uart.o(.text.__NVIC_SetPriority)
    [Anonymous Symbol]                       0x08002238   Section        0  uart.o(.text.__NVIC_SetPriority)
    [Anonymous Symbol]                       0x0800227c   Section        0  delay.o(.text.delay_ms)
    [Anonymous Symbol]                       0x080022f4   Section        0  delay.o(.text.delay_us)
    [Anonymous Symbol]                       0x08002370   Section        0  dht11.o(.text.dht11_init)
    [Anonymous Symbol]                       0x080023ac   Section        0  dht11.o(.text.dht11_read)
    [Anonymous Symbol]                       0x08002448   Section        0  dht11.o(.text.dht11_read_byte)
    [Anonymous Symbol]                       0x080024b0   Section        0  dht11.o(.text.dht11_start)
    [Anonymous Symbol]                       0x08002524   Section        0  gpio.o(.text.gpio_get)
    [Anonymous Symbol]                       0x08002550   Section        0  gpio.o(.text.gpio_set)
    [Anonymous Symbol]                       0x08002588   Section        0  gpio.o(.text.gpio_set_callback)
    [Anonymous Symbol]                       0x080028dc   Section        0  gpio.o(.text.gpio_set_mode)
    [Anonymous Symbol]                       0x08002a20   Section        0  gpio.o(.text.gpio_set_trigger)
    [Anonymous Symbol]                       0x08002acc   Section        0  gpio.o(.text.gpio_toggle)
    [Anonymous Symbol]                       0x08002aec   Section        0  leds.o(.text.leds_init)
    [Anonymous Symbol]                       0x08002b18   Section        0  leds.o(.text.leds_set)
    [Anonymous Symbol]                       0x08002b50   Section        0  lab3.o(.text.main)
    [Anonymous Symbol]                       0x08002dc0   Section        0  lab3.o(.text.print_isr)
    [Anonymous Symbol]                       0x08002e08   Section        0  queue.o(.text.queue_enqueue)
    [Anonymous Symbol]                       0x08002e58   Section        0  queue.o(.text.queue_init)
    [Anonymous Symbol]                       0x08002e88   Section        0  queue.o(.text.queue_is_full)
    [Anonymous Symbol]                       0x08002eac   Section        0  lab3.o(.text.switch_press_isr)
    [Anonymous Symbol]                       0x08002ec0   Section        0  timer.o(.text.timer_enable)
    [Anonymous Symbol]                       0x08002ed0   Section        0  timer.o(.text.timer_init)
    [Anonymous Symbol]                       0x08002f38   Section        0  lab3.o(.text.timer_isr)
    [Anonymous Symbol]                       0x08002f9c   Section        0  timer.o(.text.timer_set_callback)
    [Anonymous Symbol]                       0x08002fb0   Section        0  lab3.o(.text.tmp)
    [Anonymous Symbol]                       0x08003014   Section        0  uart.o(.text.uart_enable)
    [Anonymous Symbol]                       0x08003028   Section        0  uart.o(.text.uart_init)
    [Anonymous Symbol]                       0x080030b4   Section        0  uart.o(.text.uart_print)
    [Anonymous Symbol]                       0x080030d8   Section        0  uart.o(.text.uart_rx)
    [Anonymous Symbol]                       0x0800310c   Section        0  lab3.o(.text.uart_rx_isr)
    [Anonymous Symbol]                       0x08003150   Section        0  uart.o(.text.uart_set_rx_callback)
    [Anonymous Symbol]                       0x08003190   Section        0  uart.o(.text.uart_tx)
    CL$$btod_d2e                             0x080031c2   Section       62  btod.o(CL$$btod_d2e)
    CL$$btod_d2e_denorm_low                  0x08003200   Section       70  btod.o(CL$$btod_d2e_denorm_low)
    CL$$btod_d2e_norm_op1                    0x08003246   Section       96  btod.o(CL$$btod_d2e_norm_op1)
    CL$$btod_div_common                      0x080032a8   Section      824  btod.o(CL$$btod_div_common)
    CL$$btod_e2e                             0x080035e0   Section      220  btod.o(CL$$btod_e2e)
    CL$$btod_ediv                            0x080036bc   Section       42  btod.o(CL$$btod_ediv)
    CL$$btod_emul                            0x080036e6   Section       42  btod.o(CL$$btod_emul)
    CL$$btod_mult_common                     0x08003710   Section      580  btod.o(CL$$btod_mult_common)
    i.__ARM_fpclassify                       0x08003954   Section        0  fpclassify.o(i.__ARM_fpclassify)
    i._is_digit                              0x08003984   Section        0  __printf_wp.o(i._is_digit)
    locale$$code                             0x08003994   Section       44  lc_numeric_c.o(locale$$code)
    locale$$code                             0x080039c0   Section       44  lc_ctype_c.o(locale$$code)
    $v0                                      0x080039ec   Number         0  ddiv.o(x$fpl$ddiv)
    x$fpl$ddiv                               0x080039ec   Section      692  ddiv.o(x$fpl$ddiv)
    ddiv_entry                               0x080039f3   Thumb Code     0  ddiv.o(x$fpl$ddiv)
    $v0                                      0x08003ca0   Number         0  dfixu.o(x$fpl$dfixu)
    x$fpl$dfixu                              0x08003ca0   Section       90  dfixu.o(x$fpl$dfixu)
    $v0                                      0x08003cfa   Number         0  dflt_clz.o(x$fpl$dfltu)
    x$fpl$dfltu                              0x08003cfa   Section       38  dflt_clz.o(x$fpl$dfltu)
    $v0                                      0x08003d20   Number         0  dnaninf.o(x$fpl$dnaninf)
    x$fpl$dnaninf                            0x08003d20   Section      156  dnaninf.o(x$fpl$dnaninf)
    $v0                                      0x08003dbc   Number         0  dretinf.o(x$fpl$dretinf)
    x$fpl$dretinf                            0x08003dbc   Section       12  dretinf.o(x$fpl$dretinf)
    $v0                                      0x08003dc8   Number         0  fpinit.o(x$fpl$fpinit)
    x$fpl$fpinit                             0x08003dc8   Section       26  fpinit.o(x$fpl$fpinit)
    $v0                                      0x08003de2   Number         0  printf1.o(x$fpl$printf1)
    x$fpl$printf1                            0x08003de2   Section        4  printf1.o(x$fpl$printf1)
    $v0                                      0x08003de6   Number         0  printf2.o(x$fpl$printf2)
    x$fpl$printf2                            0x08003de6   Section        4  printf2.o(x$fpl$printf2)
    x$fpl$usenofp                            0x08003dea   Section        0  usenofp.o(x$fpl$usenofp)
    initial_mbstate                          0x08003dec   Data           8  _printf_wctomb.o(.constdata)
    .constdata                               0x08003dec   Section        8  _printf_wctomb.o(.constdata)
    uc_hextab                                0x08003df4   Data          20  _printf_hex_int_ll_ptr.o(.constdata)
    .constdata                               0x08003df4   Section       40  _printf_hex_int_ll_ptr.o(.constdata)
    lc_hextab                                0x08003e08   Data          20  _printf_hex_int_ll_ptr.o(.constdata)
    maptable                                 0x08003e1c   Data          17  __printf_flags_ss_wp.o(.constdata)
    .constdata                               0x08003e1c   Section       17  __printf_flags_ss_wp.o(.constdata)
    lc_hextab                                0x08003e2d   Data          19  _printf_fp_hex.o(.constdata)
    .constdata                               0x08003e2d   Section       38  _printf_fp_hex.o(.constdata)
    uc_hextab                                0x08003e40   Data          19  _printf_fp_hex.o(.constdata)
    tenpwrs_x                                0x08003e54   Data          60  bigflt0.o(.constdata)
    .constdata                               0x08003e54   Section      148  bigflt0.o(.constdata)
    tenpwrs_i                                0x08003e90   Data          64  bigflt0.o(.constdata)
    APBAHBPrescTable                         0x08003ee8   Data          16  stm32f4xx_rcc.o(.rodata.APBAHBPrescTable)
    [Anonymous Symbol]                       0x08003ee8   Section        0  stm32f4xx_rcc.o(.rodata.APBAHBPrescTable)
    .L.str                                   0x08003ef8   Data          21  lab3.o(.rodata.str1.1)
    [Anonymous Symbol]                       0x08003ef8   Section        0  lab3.o(.rodata.str1.1)
    .L.str.2                                 0x08003f0d   Data          27  lab3.o(.rodata.str1.1)
    .L.str.1                                 0x08003f28   Data          41  lab3.o(.rodata.str1.1)
    locale$$data                             0x08003f74   Section       28  lc_numeric_c.o(locale$$data)
    __lcnum_c_name                           0x08003f78   Data           2  lc_numeric_c.o(locale$$data)
    __lcnum_c_start                          0x08003f80   Data           0  lc_numeric_c.o(locale$$data)
    __lcnum_c_point                          0x08003f8c   Data           0  lc_numeric_c.o(locale$$data)
    __lcnum_c_thousands                      0x08003f8e   Data           0  lc_numeric_c.o(locale$$data)
    __lcnum_c_grouping                       0x08003f8f   Data           0  lc_numeric_c.o(locale$$data)
    __lcnum_c_end                            0x08003f90   Data           0  lc_numeric_c.o(locale$$data)
    locale$$data                             0x08003f90   Section      272  lc_ctype_c.o(locale$$data)
    __lcctype_c_name                         0x08003f94   Data           2  lc_ctype_c.o(locale$$data)
    __lcctype_c_start                        0x08003f9c   Data           0  lc_ctype_c.o(locale$$data)
    __lcctype_c_end                          0x080040a0   Data           0  lc_ctype_c.o(locale$$data)
    .bss                                     0x20000008   Section       96  libspace.o(.bss)
    GPIO_callback                            0x2000006c   Data           4  gpio.o(.bss.GPIO_callback)
    [Anonymous Symbol]                       0x2000006c   Section        0  gpio.o(.bss.GPIO_callback)
    UART_callback                            0x2000007c   Data           4  uart.o(.bss.UART_callback)
    [Anonymous Symbol]                       0x2000007c   Section        0  uart.o(.bss.UART_callback)
    aemCount                                 0x20000080   Data           4  lab3.o(.bss.aemCount)
    [Anonymous Symbol]                       0x20000080   Section        0  lab3.o(.bss.aemCount)
    aemFlag                                  0x20000084   Data           4  lab3.o(.bss.aemFlag)
    [Anonymous Symbol]                       0x20000084   Section        0  lab3.o(.bss.aemFlag)
    counter                                  0x20000088   Data           4  lab3.o(.bss.counter)
    [Anonymous Symbol]                       0x20000088   Section        0  lab3.o(.bss.counter)
    dht11                                    0x2000008c   Data           8  lab3.o(.bss.dht11)
    [Anonymous Symbol]                       0x2000008c   Section        0  lab3.o(.bss.dht11)
    getTempFlag                              0x20000094   Data           4  lab3.o(.bss.getTempFlag)
    [Anonymous Symbol]                       0x20000094   Section        0  lab3.o(.bss.getTempFlag)
    rx_queue                                 0x200000a4   Data          16  lab3.o(.bss.rx_queue)
    [Anonymous Symbol]                       0x200000a4   Section        0  lab3.o(.bss.rx_queue)
    switchCount                              0x200000b4   Data           4  lab3.o(.bss.switchCount)
    [Anonymous Symbol]                       0x200000b4   Section        0  lab3.o(.bss.switchCount)
    switchFlag                               0x200000b8   Data           4  lab3.o(.bss.switchFlag)
    [Anonymous Symbol]                       0x200000b8   Section        0  lab3.o(.bss.switchFlag)
    timer_callback                           0x200000bc   Data           4  timer.o(.bss.timer_callback)
    [Anonymous Symbol]                       0x200000bc   Section        0  timer.o(.bss.timer_callback)
    tmpFlag                                  0x200000c0   Data           4  lab3.o(.bss.tmpFlag)
    [Anonymous Symbol]                       0x200000c0   Section        0  lab3.o(.bss.tmpFlag)
    Heap_Mem                                 0x200000c8   Data         512  startup_stm32f411xe.o(HEAP)
    HEAP                                     0x200000c8   Section      512  startup_stm32f411xe.o(HEAP)
    Stack_Mem                                0x200002c8   Data        1024  startup_stm32f411xe.o(STACK)
    STACK                                    0x200002c8   Section     1024  startup_stm32f411xe.o(STACK)
    __initial_sp                             0x200006c8   Data           0  startup_stm32f411xe.o(STACK)

    Global Symbols

    Symbol Name                              Value     Ov Type        Size  Object(Section)

    BuildAttributes$$THM_ISAv4$E$P$D$K$B$S$7EM$VFPi3$EXTD16$VFPS$VFMA$PE$A:L22UL41UL21$X:L11$S22US41US21$IEEE1$IW$~IW$USESV6$~STKCKD$USESV7$~SHL$OTIME$ROPI$IEEEJ$EBA8$UX$STANDARDLIB$REQ8$EABIv2 0x00000000   Number         0  anon$$obj.o ABSOLUTE
    _printf_flags                            0x00000000   Number         0  printf_stubs.o ABSOLUTE
    _printf_return_value                     0x00000000   Number         0  printf_stubs.o ABSOLUTE
    _printf_sizespec                         0x00000000   Number         0  printf_stubs.o ABSOLUTE
    _printf_widthprec                        0x00000000   Number         0  printf_stubs.o ABSOLUTE
    SHT$$ARM_EXIDX$$Base                      - Undefined Reference
    SHT$$ARM_EXIDX$$Limit                     - Undefined Reference
    __ARM_exceptions_init                     - Undefined Weak Reference
    __alloca_initialize                       - Undefined Weak Reference
    __arm_find_exidx_section                  - Undefined Weak Reference
    __arm_preinit_                            - Undefined Weak Reference
    __cpp_initialize__aeabi_                  - Undefined Weak Reference
    __cxa_finalize                            - Undefined Weak Reference
    __sigvec_lookup                           - Undefined Weak Reference
    __user_heap_extent                        - Undefined Weak Reference
    _atexit_init                              - Undefined Weak Reference
    _call_atexit_fns                          - Undefined Weak Reference
    _clock_init                               - Undefined Weak Reference
    _fp_trap_init                             - Undefined Weak Reference
    _fp_trap_shutdown                         - Undefined Weak Reference
    _get_lc_collate                           - Undefined Weak Reference
    _get_lc_monetary                          - Undefined Weak Reference
    _get_lc_time                              - Undefined Weak Reference
    _getenv_init                              - Undefined Weak Reference
    _handle_redirection                       - Undefined Weak Reference
    _initio                                   - Undefined Weak Reference
    _mutex_acquire                            - Undefined Weak Reference
    _mutex_free                               - Undefined Weak Reference
    _mutex_release                            - Undefined Weak Reference
    _printf_mbtowc                            - Undefined Weak Reference
    _printf_wc                                - Undefined Weak Reference
    _rand_init                                - Undefined Weak Reference
    _signal_finish                            - Undefined Weak Reference
    _signal_init                              - Undefined Weak Reference
    _terminateio                              - Undefined Weak Reference
    __Vectors_Size                           0x00000198   Number         0  startup_stm32f411xe.o ABSOLUTE
    __Vectors                                0x08000000   Data           4  startup_stm32f411xe.o(RESET)
    __Vectors_End                            0x08000198   Data           0  startup_stm32f411xe.o(RESET)
    __main                                   0x08000199   Thumb Code     8  __main.o(!!!main)
    __scatterload                            0x080001a1   Thumb Code     0  __scatter.o(!!!scatter)
    __scatterload_rt2                        0x080001a1   Thumb Code    44  __scatter.o(!!!scatter)
    __scatterload_rt2_thumb_only             0x080001a1   Thumb Code     0  __scatter.o(!!!scatter)
    __scatterload_null                       0x080001af   Thumb Code     0  __scatter.o(!!!scatter)
    __scatterload_copy                       0x080001d5   Thumb Code    26  __scatter_copy.o(!!handler_copy)
    __scatterload_zeroinit                   0x080001f1   Thumb Code    28  __scatter_zi.o(!!handler_zi)
    _printf_n                                0x0800020d   Thumb Code     0  _printf_n.o(.ARM.Collect$$_printf_percent$$00000001)
    _printf_percent                          0x0800020d   Thumb Code     0  _printf_percent.o(.ARM.Collect$$_printf_percent$$00000000)
    _printf_p                                0x08000213   Thumb Code     0  _printf_p.o(.ARM.Collect$$_printf_percent$$00000002)
    _printf_f                                0x08000219   Thumb Code     0  _printf_f.o(.ARM.Collect$$_printf_percent$$00000003)
    _printf_e                                0x0800021f   Thumb Code     0  _printf_e.o(.ARM.Collect$$_printf_percent$$00000004)
    _printf_g                                0x08000225   Thumb Code     0  _printf_g.o(.ARM.Collect$$_printf_percent$$00000005)
    _printf_a                                0x0800022b   Thumb Code     0  _printf_a.o(.ARM.Collect$$_printf_percent$$00000006)
    _printf_ll                               0x08000231   Thumb Code     0  _printf_ll.o(.ARM.Collect$$_printf_percent$$00000007)
    _printf_i                                0x0800023b   Thumb Code     0  _printf_i.o(.ARM.Collect$$_printf_percent$$00000008)
    _printf_d                                0x08000241   Thumb Code     0  _printf_d.o(.ARM.Collect$$_printf_percent$$00000009)
    _printf_u                                0x08000247   Thumb Code     0  _printf_u.o(.ARM.Collect$$_printf_percent$$0000000A)
    _printf_o                                0x0800024d   Thumb Code     0  _printf_o.o(.ARM.Collect$$_printf_percent$$0000000B)
    _printf_x                                0x08000253   Thumb Code     0  _printf_x.o(.ARM.Collect$$_printf_percent$$0000000C)
    _printf_lli                              0x08000259   Thumb Code     0  _printf_lli.o(.ARM.Collect$$_printf_percent$$0000000D)
    _printf_lld                              0x0800025f   Thumb Code     0  _printf_lld.o(.ARM.Collect$$_printf_percent$$0000000E)
    _printf_llu                              0x08000265   Thumb Code     0  _printf_llu.o(.ARM.Collect$$_printf_percent$$0000000F)
    _printf_llo                              0x0800026b   Thumb Code     0  _printf_llo.o(.ARM.Collect$$_printf_percent$$00000010)
    _printf_llx                              0x08000271   Thumb Code     0  _printf_llx.o(.ARM.Collect$$_printf_percent$$00000011)
    _printf_l                                0x08000277   Thumb Code     0  _printf_l.o(.ARM.Collect$$_printf_percent$$00000012)
    _printf_c                                0x08000281   Thumb Code     0  _printf_c.o(.ARM.Collect$$_printf_percent$$00000013)
    _printf_s                                0x08000287   Thumb Code     0  _printf_s.o(.ARM.Collect$$_printf_percent$$00000014)
    _printf_lc                               0x0800028d   Thumb Code     0  _printf_lc.o(.ARM.Collect$$_printf_percent$$00000015)
    _printf_ls                               0x08000293   Thumb Code     0  _printf_ls.o(.ARM.Collect$$_printf_percent$$00000016)
    _printf_percent_end                      0x08000299   Thumb Code     0  _printf_percent_end.o(.ARM.Collect$$_printf_percent$$00000017)
    __rt_lib_init                            0x0800029d   Thumb Code     0  libinit.o(.ARM.Collect$$libinit$$00000000)
    __rt_lib_init_fp_1                       0x0800029f   Thumb Code     0  libinit2.o(.ARM.Collect$$libinit$$00000001)
    __rt_lib_init_heap_2                     0x080002a3   Thumb Code     0  libinit2.o(.ARM.Collect$$libinit$$00000005)
    __rt_lib_init_preinit_1                  0x080002a3   Thumb Code     0  libinit2.o(.ARM.Collect$$libinit$$00000004)
    __rt_lib_init_heap_1                     0x080002ab   Thumb Code     0  libinit2.o(.ARM.Collect$$libinit$$0000000A)
    __rt_lib_init_lc_common                  0x080002ab   Thumb Code     0  libinit2.o(.ARM.Collect$$libinit$$0000000F)
    __rt_lib_init_rand_1                     0x080002ab   Thumb Code     0  libinit2.o(.ARM.Collect$$libinit$$0000000E)
    __rt_lib_init_user_alloc_1               0x080002ab   Thumb Code     0  libinit2.o(.ARM.Collect$$libinit$$0000000C)
    __rt_lib_init_lc_collate_1               0x080002b1   Thumb Code     0  libinit2.o(.ARM.Collect$$libinit$$00000011)
    __rt_lib_init_lc_ctype_2                 0x080002b1   Thumb Code     0  libinit2.o(.ARM.Collect$$libinit$$00000012)
    __rt_lib_init_lc_ctype_1                 0x080002bd   Thumb Code     0  libinit2.o(.ARM.Collect$$libinit$$00000013)
    __rt_lib_init_lc_monetary_1              0x080002bd   Thumb Code     0  libinit2.o(.ARM.Collect$$libinit$$00000015)
    __rt_lib_init_lc_numeric_2               0x080002bd   Thumb Code     0  libinit2.o(.ARM.Collect$$libinit$$00000016)
    __rt_lib_init_alloca_1                   0x080002c7   Thumb Code     0  libinit2.o(.ARM.Collect$$libinit$$0000002E)
    __rt_lib_init_argv_1                     0x080002c7   Thumb Code     0  libinit2.o(.ARM.Collect$$libinit$$0000002C)
    __rt_lib_init_atexit_1                   0x080002c7   Thumb Code     0  libinit2.o(.ARM.Collect$$libinit$$0000001B)
    __rt_lib_init_clock_1                    0x080002c7   Thumb Code     0  libinit2.o(.ARM.Collect$$libinit$$00000021)
    __rt_lib_init_cpp_1                      0x080002c7   Thumb Code     0  libinit2.o(.ARM.Collect$$libinit$$00000032)
    __rt_lib_init_exceptions_1               0x080002c7   Thumb Code     0  libinit2.o(.ARM.Collect$$libinit$$00000030)
    __rt_lib_init_fp_trap_1                  0x080002c7   Thumb Code     0  libinit2.o(.ARM.Collect$$libinit$$0000001F)
    __rt_lib_init_getenv_1                   0x080002c7   Thumb Code     0  libinit2.o(.ARM.Collect$$libinit$$00000023)
    __rt_lib_init_lc_numeric_1               0x080002c7   Thumb Code     0  libinit2.o(.ARM.Collect$$libinit$$00000017)
    __rt_lib_init_lc_time_1                  0x080002c7   Thumb Code     0  libinit2.o(.ARM.Collect$$libinit$$00000019)
    __rt_lib_init_return                     0x080002c7   Thumb Code     0  libinit2.o(.ARM.Collect$$libinit$$00000033)
    __rt_lib_init_signal_1                   0x080002c7   Thumb Code     0  libinit2.o(.ARM.Collect$$libinit$$0000001D)
    __rt_lib_init_stdio_1                    0x080002c7   Thumb Code     0  libinit2.o(.ARM.Collect$$libinit$$00000025)
    __rt_lib_shutdown                        0x080002c9   Thumb Code     0  libshutdown.o(.ARM.Collect$$libshutdown$$00000000)
    __rt_lib_shutdown_cpp_1                  0x080002cb   Thumb Code     0  libshutdown2.o(.ARM.Collect$$libshutdown$$00000002)
    __rt_lib_shutdown_fp_trap_1              0x080002cb   Thumb Code     0  libshutdown2.o(.ARM.Collect$$libshutdown$$00000007)
    __rt_lib_shutdown_heap_1                 0x080002cb   Thumb Code     0  libshutdown2.o(.ARM.Collect$$libshutdown$$0000000F)
    __rt_lib_shutdown_return                 0x080002cb   Thumb Code     0  libshutdown2.o(.ARM.Collect$$libshutdown$$00000010)
    __rt_lib_shutdown_signal_1               0x080002cb   Thumb Code     0  libshutdown2.o(.ARM.Collect$$libshutdown$$0000000A)
    __rt_lib_shutdown_stdio_1                0x080002cb   Thumb Code     0  libshutdown2.o(.ARM.Collect$$libshutdown$$00000004)
    __rt_lib_shutdown_user_alloc_1           0x080002cb   Thumb Code     0  libshutdown2.o(.ARM.Collect$$libshutdown$$0000000C)
    __rt_entry                               0x080002cd   Thumb Code     0  __rtentry.o(.ARM.Collect$$rtentry$$00000000)
    __rt_entry_presh_1                       0x080002cd   Thumb Code     0  __rtentry2.o(.ARM.Collect$$rtentry$$00000002)
    __rt_entry_sh                            0x080002cd   Thumb Code     0  __rtentry4.o(.ARM.Collect$$rtentry$$00000004)
    __rt_entry_li                            0x080002d3   Thumb Code     0  __rtentry2.o(.ARM.Collect$$rtentry$$0000000A)
    __rt_entry_postsh_1                      0x080002d3   Thumb Code     0  __rtentry2.o(.ARM.Collect$$rtentry$$00000009)
    __rt_entry_main                          0x080002d7   Thumb Code     0  __rtentry2.o(.ARM.Collect$$rtentry$$0000000D)
    __rt_entry_postli_1                      0x080002d7   Thumb Code     0  __rtentry2.o(.ARM.Collect$$rtentry$$0000000C)
    __rt_exit                                0x080002df   Thumb Code     0  rtexit.o(.ARM.Collect$$rtexit$$00000000)
    __rt_exit_ls                             0x080002e1   Thumb Code     0  rtexit2.o(.ARM.Collect$$rtexit$$00000003)
    __rt_exit_prels_1                        0x080002e1   Thumb Code     0  rtexit2.o(.ARM.Collect$$rtexit$$00000002)
    __rt_exit_exit                           0x080002e5   Thumb Code     0  rtexit2.o(.ARM.Collect$$rtexit$$00000004)
    delay_cycles                             0x080002ed   Thumb Code     0  delay_cycles.o(.text)
    Reset_Handler                            0x080002f9   Thumb Code     8  startup_stm32f411xe.o(.text)
    NMI_Handler                              0x08000301   Thumb Code     2  startup_stm32f411xe.o(.text)
    HardFault_Handler                        0x08000303   Thumb Code     2  startup_stm32f411xe.o(.text)
    MemManage_Handler                        0x08000305   Thumb Code     2  startup_stm32f411xe.o(.text)
    BusFault_Handler                         0x08000307   Thumb Code     2  startup_stm32f411xe.o(.text)
    UsageFault_Handler                       0x08000309   Thumb Code     2  startup_stm32f411xe.o(.text)
    SVC_Handler                              0x0800030b   Thumb Code     2  startup_stm32f411xe.o(.text)
    DebugMon_Handler                         0x0800030d   Thumb Code     2  startup_stm32f411xe.o(.text)
    PendSV_Handler                           0x0800030f   Thumb Code     2  startup_stm32f411xe.o(.text)
    ADC_IRQHandler                           0x08000313   Thumb Code     0  startup_stm32f411xe.o(.text)
    DMA1_Stream0_IRQHandler                  0x08000313   Thumb Code     0  startup_stm32f411xe.o(.text)
    DMA1_Stream1_IRQHandler                  0x08000313   Thumb Code     0  startup_stm32f411xe.o(.text)
    DMA1_Stream2_IRQHandler                  0x08000313   Thumb Code     0  startup_stm32f411xe.o(.text)
    DMA1_Stream3_IRQHandler                  0x08000313   Thumb Code     0  startup_stm32f411xe.o(.text)
    DMA1_Stream4_IRQHandler                  0x08000313   Thumb Code     0  startup_stm32f411xe.o(.text)
    DMA1_Stream5_IRQHandler                  0x08000313   Thumb Code     0  startup_stm32f411xe.o(.text)
    DMA1_Stream6_IRQHandler                  0x08000313   Thumb Code     0  startup_stm32f411xe.o(.text)
    DMA1_Stream7_IRQHandler                  0x08000313   Thumb Code     0  startup_stm32f411xe.o(.text)
    DMA2_Stream0_IRQHandler                  0x08000313   Thumb Code     0  startup_stm32f411xe.o(.text)
    DMA2_Stream1_IRQHandler                  0x08000313   Thumb Code     0  startup_stm32f411xe.o(.text)
    DMA2_Stream2_IRQHandler                  0x08000313   Thumb Code     0  startup_stm32f411xe.o(.text)
    DMA2_Stream3_IRQHandler                  0x08000313   Thumb Code     0  startup_stm32f411xe.o(.text)
    DMA2_Stream4_IRQHandler                  0x08000313   Thumb Code     0  startup_stm32f411xe.o(.text)
    DMA2_Stream5_IRQHandler                  0x08000313   Thumb Code     0  startup_stm32f411xe.o(.text)
    DMA2_Stream6_IRQHandler                  0x08000313   Thumb Code     0  startup_stm32f411xe.o(.text)
    DMA2_Stream7_IRQHandler                  0x08000313   Thumb Code     0  startup_stm32f411xe.o(.text)
    FLASH_IRQHandler                         0x08000313   Thumb Code     0  startup_stm32f411xe.o(.text)
    FPU_IRQHandler                           0x08000313   Thumb Code     0  startup_stm32f411xe.o(.text)
    I2C1_ER_IRQHandler                       0x08000313   Thumb Code     0  startup_stm32f411xe.o(.text)
    I2C1_EV_IRQHandler                       0x08000313   Thumb Code     0  startup_stm32f411xe.o(.text)
    I2C2_ER_IRQHandler                       0x08000313   Thumb Code     0  startup_stm32f411xe.o(.text)
    I2C2_EV_IRQHandler                       0x08000313   Thumb Code     0  startup_stm32f411xe.o(.text)
    I2C3_ER_IRQHandler                       0x08000313   Thumb Code     0  startup_stm32f411xe.o(.text)
    I2C3_EV_IRQHandler                       0x08000313   Thumb Code     0  startup_stm32f411xe.o(.text)
    OTG_FS_IRQHandler                        0x08000313   Thumb Code     0  startup_stm32f411xe.o(.text)
    OTG_FS_WKUP_IRQHandler                   0x08000313   Thumb Code     0  startup_stm32f411xe.o(.text)
    PVD_IRQHandler                           0x08000313   Thumb Code     0  startup_stm32f411xe.o(.text)
    RCC_IRQHandler                           0x08000313   Thumb Code     0  startup_stm32f411xe.o(.text)
    RTC_Alarm_IRQHandler                     0x08000313   Thumb Code     0  startup_stm32f411xe.o(.text)
    RTC_WKUP_IRQHandler                      0x08000313   Thumb Code     0  startup_stm32f411xe.o(.text)
    SDIO_IRQHandler                          0x08000313   Thumb Code     0  startup_stm32f411xe.o(.text)
    SPI1_IRQHandler                          0x08000313   Thumb Code     0  startup_stm32f411xe.o(.text)
    SPI2_IRQHandler                          0x08000313   Thumb Code     0  startup_stm32f411xe.o(.text)
    SPI3_IRQHandler                          0x08000313   Thumb Code     0  startup_stm32f411xe.o(.text)
    SPI4_IRQHandler                          0x08000313   Thumb Code     0  startup_stm32f411xe.o(.text)
    SPI5_IRQHandler                          0x08000313   Thumb Code     0  startup_stm32f411xe.o(.text)
    TAMP_STAMP_IRQHandler                    0x08000313   Thumb Code     0  startup_stm32f411xe.o(.text)
    TIM1_BRK_TIM9_IRQHandler                 0x08000313   Thumb Code     0  startup_stm32f411xe.o(.text)
    TIM1_CC_IRQHandler                       0x08000313   Thumb Code     0  startup_stm32f411xe.o(.text)
    TIM1_TRG_COM_TIM11_IRQHandler            0x08000313   Thumb Code     0  startup_stm32f411xe.o(.text)
    TIM1_UP_TIM10_IRQHandler                 0x08000313   Thumb Code     0  startup_stm32f411xe.o(.text)
    TIM2_IRQHandler                          0x08000313   Thumb Code     0  startup_stm32f411xe.o(.text)
    TIM3_IRQHandler                          0x08000313   Thumb Code     0  startup_stm32f411xe.o(.text)
    TIM4_IRQHandler                          0x08000313   Thumb Code     0  startup_stm32f411xe.o(.text)
    TIM5_IRQHandler                          0x08000313   Thumb Code     0  startup_stm32f411xe.o(.text)
    USART1_IRQHandler                        0x08000313   Thumb Code     0  startup_stm32f411xe.o(.text)
    USART6_IRQHandler                        0x08000313   Thumb Code     0  startup_stm32f411xe.o(.text)
    WWDG_IRQHandler                          0x08000313   Thumb Code     0  startup_stm32f411xe.o(.text)
    __user_initial_stackheap                 0x08000315   Thumb Code     0  startup_stm32f411xe.o(.text)
    malloc                                   0x08000339   Thumb Code    94  h1_alloc.o(.text)
    sprintf                                  0x08000399   Thumb Code    38  sprintf.o(.text)
    strcmp                                   0x080003c9   Thumb Code   124  strcmpv7em.o(.text)
    __use_two_region_memory                  0x08000445   Thumb Code     2  heapauxi.o(.text)
    __rt_heap_escrow                         0x08000447   Thumb Code     2  heapauxi.o(.text)
    __rt_heap_expand                         0x08000449   Thumb Code     2  heapauxi.o(.text)
    __rt_heap_descriptor                     0x0800044d   Thumb Code     8  rt_heap_descriptor_intlibspace.o(.text)
    __use_no_heap                            0x08000455   Thumb Code     2  hguard.o(.text)
    __heap$guard                             0x08000457   Thumb Code     2  hguard.o(.text)
    _terminate_user_alloc                    0x08000459   Thumb Code     2  init_alloc.o(.text)
    _init_user_alloc                         0x0800045b   Thumb Code     2  init_alloc.o(.text)
    __Heap_Full                              0x0800045d   Thumb Code    34  init_alloc.o(.text)
    __Heap_Broken                            0x0800047f   Thumb Code     6  init_alloc.o(.text)
    _init_alloc                              0x08000485   Thumb Code    94  init_alloc.o(.text)
    __Heap_Initialize                        0x080004e3   Thumb Code    10  h1_init.o(.text)
    __Heap_DescSize                          0x080004ed   Thumb Code     4  h1_init.o(.text)
    free                                     0x080004f1   Thumb Code    78  h1_free.o(.text)
    _printf_pre_padding                      0x0800053f   Thumb Code    44  _printf_pad.o(.text)
    _printf_post_padding                     0x0800056b   Thumb Code    34  _printf_pad.o(.text)
    _printf_truncate_signed                  0x0800058d   Thumb Code    18  _printf_truncate.o(.text)
    _printf_truncate_unsigned                0x0800059f   Thumb Code    18  _printf_truncate.o(.text)
    _printf_str                              0x080005b1   Thumb Code    82  _printf_str.o(.text)
    _printf_int_dec                          0x08000605   Thumb Code   104  _printf_dec.o(.text)
    _printf_charcount                        0x0800067d   Thumb Code    40  _printf_charcount.o(.text)
    _printf_char_common                      0x080006af   Thumb Code    32  _printf_char_common.o(.text)
    _sputc                                   0x080006d5   Thumb Code    10  _sputc.o(.text)
    _printf_wctomb                           0x080006e1   Thumb Code   182  _printf_wctomb.o(.text)
    _printf_longlong_dec                     0x0800079d   Thumb Code   108  _printf_longlong_dec.o(.text)
    _printf_longlong_oct                     0x08000819   Thumb Code    68  _printf_oct_int_ll.o(.text)
    _printf_int_oct                          0x0800085d   Thumb Code    24  _printf_oct_int_ll.o(.text)
    _printf_ll_oct                           0x08000875   Thumb Code    12  _printf_oct_int_ll.o(.text)
    _printf_longlong_hex                     0x08000889   Thumb Code    86  _printf_hex_int_ll_ptr.o(.text)
    _printf_int_hex                          0x080008df   Thumb Code    28  _printf_hex_int_ll_ptr.o(.text)
    _printf_ll_hex                           0x080008fb   Thumb Code    12  _printf_hex_int_ll_ptr.o(.text)
    _printf_hex_ptr                          0x08000907   Thumb Code    18  _printf_hex_int_ll_ptr.o(.text)
    __printf                                 0x0800091d   Thumb Code   388  __printf_flags_ss_wp.o(.text)
    _sys_exit                                0x08000aa5   Thumb Code     8  sys_exit.o(.text)
    __user_libspace                          0x08000ab1   Thumb Code     8  libspace.o(.text)
    __user_perproc_libspace                  0x08000ab1   Thumb Code     0  libspace.o(.text)
    __user_perthread_libspace                0x08000ab1   Thumb Code     0  libspace.o(.text)
    __Heap_ProvideMemory                     0x08000ab9   Thumb Code    52  h1_extend.o(.text)
    _maybe_terminate_alloc                   0x08000ab9   Thumb Code     0  maybetermalloc1.o(.text)
    _ll_udiv10                               0x08000aed   Thumb Code   138  lludiv10.o(.text)
    _printf_int_common                       0x08000b77   Thumb Code   178  _printf_intcommon.o(.text)
    _printf_fp_dec_real                      0x08000dd9   Thumb Code   620  _printf_fp_dec.o(.text)
    _printf_fp_hex_real                      0x08001045   Thumb Code   756  _printf_fp_hex.o(.text)
    _printf_cs_common                        0x08001341   Thumb Code    20  _printf_char.o(.text)
    _printf_char                             0x08001355   Thumb Code    16  _printf_char.o(.text)
    _printf_string                           0x08001365   Thumb Code     8  _printf_char.o(.text)
    _printf_lcs_common                       0x0800136d   Thumb Code    20  _printf_wchar.o(.text)
    _printf_wchar                            0x08001381   Thumb Code    16  _printf_wchar.o(.text)
    _printf_wstring                          0x08001391   Thumb Code     8  _printf_wchar.o(.text)
    _c16rtomb                                0x08001399   Thumb Code    72  _c16rtomb.o(.text)
    _wcrtomb                                 0x08001399   Thumb Code     0  _c16rtomb.o(.text)
    __rt_SIGRTMEM                            0x080013e1   Thumb Code    14  defsig_rtmem_outer.o(.text)
    __I$use$semihosting                      0x080013ef   Thumb Code     0  use_no_semi.o(.text)
    __use_no_semihosting_swi                 0x080013ef   Thumb Code     2  use_no_semi.o(.text)
    __semihosting_library_function           0x080013f1   Thumb Code     0  indicate_semi.o(.text)
    __user_setup_stackheap                   0x080013f1   Thumb Code    74  sys_stackheap_outer.o(.text)
    __rt_ctype_table                         0x0800143d   Thumb Code    16  rt_ctype_table.o(.text)
    __rt_locale                              0x0800144d   Thumb Code     8  rt_locale_intlibspace.o(.text)
    _printf_fp_infnan                        0x08001455   Thumb Code   112  _printf_fp_infnan.o(.text)
    _btod_etento                             0x080014d5   Thumb Code   224  bigflt0.o(.text)
    exit                                     0x080015b9   Thumb Code    18  exit.o(.text)
    __sig_exit                               0x080015cb   Thumb Code    10  defsig_exit.o(.text)
    __rt_SIGRTMEM_inner                      0x080015d5   Thumb Code    22  defsig_rtmem_inner.o(.text)
    __default_signal_display                 0x08001625   Thumb Code    50  defsig_general.o(.text)
    _ttywrch                                 0x08001657   Thumb Code    14  sys_wrch.o(.text)
    EXTI0_IRQHandler                         0x08001665   Thumb Code   132  gpio.o(.text.EXTI0_IRQHandler)
    EXTI15_10_IRQHandler                     0x080016e9   Thumb Code   132  gpio.o(.text.EXTI15_10_IRQHandler)
    EXTI1_IRQHandler                         0x0800176d   Thumb Code   132  gpio.o(.text.EXTI1_IRQHandler)
    EXTI2_IRQHandler                         0x080017f1   Thumb Code   132  gpio.o(.text.EXTI2_IRQHandler)
    EXTI3_IRQHandler                         0x08001875   Thumb Code   132  gpio.o(.text.EXTI3_IRQHandler)
    EXTI4_IRQHandler                         0x080018f9   Thumb Code   132  gpio.o(.text.EXTI4_IRQHandler)
    EXTI9_5_IRQHandler                       0x0800197d   Thumb Code   132  gpio.o(.text.EXTI9_5_IRQHandler)
    GPIO_Init                                0x08001a01   Thumb Code   246  stm32f4xx_gpio.o(.text.GPIO_Init)
    GPIO_PinAFConfig                         0x08001af9   Thumb Code   114  stm32f4xx_gpio.o(.text.GPIO_PinAFConfig)
    RCC_AHB1PeriphClockCmd                   0x08001c45   Thumb Code    56  stm32f4xx_rcc.o(.text.RCC_AHB1PeriphClockCmd)
    RCC_APB1PeriphClockCmd                   0x08001c7d   Thumb Code    56  stm32f4xx_rcc.o(.text.RCC_APB1PeriphClockCmd)
    RCC_GetClocksFreq                        0x08001cb5   Thumb Code   354  stm32f4xx_rcc.o(.text.RCC_GetClocksFreq)
    SysTick_Handler                          0x08001e6d   Thumb Code    16  timer.o(.text.SysTick_Handler)
    SystemInit                               0x08001e7d   Thumb Code    18  system_stm32f4xx.o(.text.SystemInit)
    USART2_IRQHandler                        0x08001e91   Thumb Code    54  uart.o(.text.USART2_IRQHandler)
    USART_Cmd                                0x08001ec9   Thumb Code    46  stm32f4xx_usart.o(.text.USART_Cmd)
    USART_GetFlagStatus                      0x08001ef9   Thumb Code    66  stm32f4xx_usart.o(.text.USART_GetFlagStatus)
    USART_Init                               0x08001f3d   Thumb Code   362  stm32f4xx_usart.o(.text.USART_Init)
    USART_ReceiveData                        0x080020a9   Thumb Code    16  stm32f4xx_usart.o(.text.USART_ReceiveData)
    USART_SendData                           0x080020b9   Thumb Code    24  stm32f4xx_usart.o(.text.USART_SendData)
    delay_ms                                 0x0800227d   Thumb Code   118  delay.o(.text.delay_ms)
    delay_us                                 0x080022f5   Thumb Code   122  delay.o(.text.delay_us)
    dht11_init                               0x08002371   Thumb Code    60  dht11.o(.text.dht11_init)
    dht11_read                               0x080023ad   Thumb Code   156  dht11.o(.text.dht11_read)
    dht11_read_byte                          0x08002449   Thumb Code   102  dht11.o(.text.dht11_read_byte)
    dht11_start                              0x080024b1   Thumb Code   116  dht11.o(.text.dht11_start)
    gpio_get                                 0x08002525   Thumb Code    42  gpio.o(.text.gpio_get)
    gpio_set                                 0x08002551   Thumb Code    54  gpio.o(.text.gpio_set)
    gpio_set_callback                        0x08002589   Thumb Code   850  gpio.o(.text.gpio_set_callback)
    gpio_set_mode                            0x080028dd   Thumb Code   322  gpio.o(.text.gpio_set_mode)
    gpio_set_trigger                         0x08002a21   Thumb Code   172  gpio.o(.text.gpio_set_trigger)
    gpio_toggle                              0x08002acd   Thumb Code    32  gpio.o(.text.gpio_toggle)
    leds_init                                0x08002aed   Thumb Code    44  leds.o(.text.leds_init)
    leds_set                                 0x08002b19   Thumb Code    56  leds.o(.text.leds_set)
    main                                     0x08002b51   Thumb Code   624  lab3.o(.text.main)
    print_isr                                0x08002dc1   Thumb Code    72  lab3.o(.text.print_isr)
    queue_enqueue                            0x08002e09   Thumb Code    78  queue.o(.text.queue_enqueue)
    queue_init                               0x08002e59   Thumb Code    48  queue.o(.text.queue_init)
    queue_is_full                            0x08002e89   Thumb Code    34  queue.o(.text.queue_is_full)
    switch_press_isr                         0x08002ead   Thumb Code    20  lab3.o(.text.switch_press_isr)
    timer_enable                             0x08002ec1   Thumb Code    14  timer.o(.text.timer_enable)
    timer_init                               0x08002ed1   Thumb Code   104  timer.o(.text.timer_init)
    timer_isr                                0x08002f39   Thumb Code    98  lab3.o(.text.timer_isr)
    timer_set_callback                       0x08002f9d   Thumb Code    20  timer.o(.text.timer_set_callback)
    tmp                                      0x08002fb1   Thumb Code   100  lab3.o(.text.tmp)
    uart_enable                              0x08003015   Thumb Code    18  uart.o(.text.uart_enable)
    uart_init                                0x08003029   Thumb Code   138  uart.o(.text.uart_init)
    uart_print                               0x080030b5   Thumb Code    34  uart.o(.text.uart_print)
    uart_rx                                  0x080030d9   Thumb Code    50  uart.o(.text.uart_rx)
    uart_rx_isr                              0x0800310d   Thumb Code    68  lab3.o(.text.uart_rx_isr)
    uart_set_rx_callback                     0x08003151   Thumb Code    62  uart.o(.text.uart_set_rx_callback)
    uart_tx                                  0x08003191   Thumb Code    50  uart.o(.text.uart_tx)
    _btod_d2e                                0x080031c3   Thumb Code    62  btod.o(CL$$btod_d2e)
    _d2e_denorm_low                          0x08003201   Thumb Code    70  btod.o(CL$$btod_d2e_denorm_low)
    _d2e_norm_op1                            0x08003247   Thumb Code    96  btod.o(CL$$btod_d2e_norm_op1)
    __btod_div_common                        0x080032a9   Thumb Code   696  btod.o(CL$$btod_div_common)
    _e2e                                     0x080035e1   Thumb Code   220  btod.o(CL$$btod_e2e)
    _btod_ediv                               0x080036bd   Thumb Code    42  btod.o(CL$$btod_ediv)
    _btod_emul                               0x080036e7   Thumb Code    42  btod.o(CL$$btod_emul)
    __btod_mult_common                       0x08003711   Thumb Code   580  btod.o(CL$$btod_mult_common)
    __ARM_fpclassify                         0x08003955   Thumb Code    48  fpclassify.o(i.__ARM_fpclassify)
    _is_digit                                0x08003985   Thumb Code    14  __printf_wp.o(i._is_digit)
    _get_lc_numeric                          0x08003995   Thumb Code    44  lc_numeric_c.o(locale$$code)
    _get_lc_ctype                            0x080039c1   Thumb Code    44  lc_ctype_c.o(locale$$code)
    __aeabi_ddiv                             0x080039ed   Thumb Code     0  ddiv.o(x$fpl$ddiv)
    _ddiv                                    0x080039ed   Thumb Code   556  ddiv.o(x$fpl$ddiv)
    __aeabi_d2uiz                            0x08003ca1   Thumb Code     0  dfixu.o(x$fpl$dfixu)
    _dfixu                                   0x08003ca1   Thumb Code    90  dfixu.o(x$fpl$dfixu)
    __aeabi_ui2d                             0x08003cfb   Thumb Code     0  dflt_clz.o(x$fpl$dfltu)
    _dfltu                                   0x08003cfb   Thumb Code    38  dflt_clz.o(x$fpl$dfltu)
    __fpl_dnaninf                            0x08003d21   Thumb Code   156  dnaninf.o(x$fpl$dnaninf)
    __fpl_dretinf                            0x08003dbd   Thumb Code    12  dretinf.o(x$fpl$dretinf)
    _fp_init                                 0x08003dc9   Thumb Code    26  fpinit.o(x$fpl$fpinit)
    __fplib_config_fpu_vfp                   0x08003de1   Thumb Code     0  fpinit.o(x$fpl$fpinit)
    __fplib_config_pureend_doubles           0x08003de1   Thumb Code     0  fpinit.o(x$fpl$fpinit)
    _printf_fp_dec                           0x08003de3   Thumb Code     4  printf1.o(x$fpl$printf1)
    _printf_fp_hex                           0x08003de7   Thumb Code     4  printf2.o(x$fpl$printf2)
    __I$use$fp                               0x08003dea   Number         0  usenofp.o(x$fpl$usenofp)
    Region$$Table$$Base                      0x08003f54   Number         0  anon$$obj.o(Region$$Table)
    Region$$Table$$Limit                     0x08003f74   Number         0  anon$$obj.o(Region$$Table)
    __ctype                                  0x08003f9d   Data           0  lc_ctype_c.o(locale$$data)
    SystemCoreClock                          0x20000000   Data           4  system_stm32f4xx.o(.data.SystemCoreClock)
    __libspace_start                         0x20000008   Data          96  libspace.o(.bss)
    EXTI_port_set                            0x20000068   Data           4  gpio.o(.bss.EXTI_port_set)
    __temporary_stack_top$libspace           0x20000068   Data           0  libspace.o(.bss)
    IRQ_pin_index                            0x20000070   Data           4  gpio.o(.bss.IRQ_pin_index)
    IRQ_port_num                             0x20000074   Data           4  gpio.o(.bss.IRQ_port_num)
    IRQ_status                               0x20000078   Data           4  gpio.o(.bss.IRQ_status)
    our_timer_period                         0x20000098   Data           4  lab3.o(.bss.our_timer_period)
    priority                                 0x2000009c   Data           4  gpio.o(.bss.priority)
    prioritygroup                            0x200000a0   Data           4  gpio.o(.bss.prioritygroup)



==============================================================================

Memory Map of the image

  Image Entry point : 0x080002f9

  Load Region LR_1 (Base: 0x08000000, Size: 0x000040a4, Max: 0xffffffff, ABSOLUTE)

    Execution Region ER_RO (Exec base: 0x08000000, Load base: 0x08000000, Size: 0x000040a0, Max: 0xffffffff, ABSOLUTE)

    Exec Addr    Load Addr    Size         Type   Attr      Idx    E Section Name        Object

    0x08000000   0x08000000   0x00000198   Data   RO          671    RESET               startup_stm32f411xe.o
    0x08000198   0x08000198   0x00000008   Code   RO          756  * !!!main             c_w.l(__main.o)
    0x080001a0   0x080001a0   0x00000034   Code   RO         1278    !!!scatter          c_w.l(__scatter.o)
    0x080001d4   0x080001d4   0x0000001a   Code   RO         1280    !!handler_copy      c_w.l(__scatter_copy.o)
    0x080001ee   0x080001ee   0x00000002   PAD
    0x080001f0   0x080001f0   0x0000001c   Code   RO         1282    !!handler_zi        c_w.l(__scatter_zi.o)
    0x0800020c   0x0800020c   0x00000000   Code   RO          922    .ARM.Collect$$_printf_percent$$00000000  c_w.l(_printf_percent.o)
    0x0800020c   0x0800020c   0x00000006   Code   RO          911    .ARM.Collect$$_printf_percent$$00000001  c_w.l(_printf_n.o)
    0x08000212   0x08000212   0x00000006   Code   RO          913    .ARM.Collect$$_printf_percent$$00000002  c_w.l(_printf_p.o)
    0x08000218   0x08000218   0x00000006   Code   RO          918    .ARM.Collect$$_printf_percent$$00000003  c_w.l(_printf_f.o)
    0x0800021e   0x0800021e   0x00000006   Code   RO          919    .ARM.Collect$$_printf_percent$$00000004  c_w.l(_printf_e.o)
    0x08000224   0x08000224   0x00000006   Code   RO          920    .ARM.Collect$$_printf_percent$$00000005  c_w.l(_printf_g.o)
    0x0800022a   0x0800022a   0x00000006   Code   RO          921    .ARM.Collect$$_printf_percent$$00000006  c_w.l(_printf_a.o)
    0x08000230   0x08000230   0x0000000a   Code   RO          926    .ARM.Collect$$_printf_percent$$00000007  c_w.l(_printf_ll.o)
    0x0800023a   0x0800023a   0x00000006   Code   RO          915    .ARM.Collect$$_printf_percent$$00000008  c_w.l(_printf_i.o)
    0x08000240   0x08000240   0x00000006   Code   RO          916    .ARM.Collect$$_printf_percent$$00000009  c_w.l(_printf_d.o)
    0x08000246   0x08000246   0x00000006   Code   RO          917    .ARM.Collect$$_printf_percent$$0000000A  c_w.l(_printf_u.o)
    0x0800024c   0x0800024c   0x00000006   Code   RO          914    .ARM.Collect$$_printf_percent$$0000000B  c_w.l(_printf_o.o)
    0x08000252   0x08000252   0x00000006   Code   RO          912    .ARM.Collect$$_printf_percent$$0000000C  c_w.l(_printf_x.o)
    0x08000258   0x08000258   0x00000006   Code   RO          923    .ARM.Collect$$_printf_percent$$0000000D  c_w.l(_printf_lli.o)
    0x0800025e   0x0800025e   0x00000006   Code   RO          924    .ARM.Collect$$_printf_percent$$0000000E  c_w.l(_printf_lld.o)
    0x08000264   0x08000264   0x00000006   Code   RO          925    .ARM.Collect$$_printf_percent$$0000000F  c_w.l(_printf_llu.o)
    0x0800026a   0x0800026a   0x00000006   Code   RO          930    .ARM.Collect$$_printf_percent$$00000010  c_w.l(_printf_llo.o)
    0x08000270   0x08000270   0x00000006   Code   RO          931    .ARM.Collect$$_printf_percent$$00000011  c_w.l(_printf_llx.o)
    0x08000276   0x08000276   0x0000000a   Code   RO          927    .ARM.Collect$$_printf_percent$$00000012  c_w.l(_printf_l.o)
    0x08000280   0x08000280   0x00000006   Code   RO          909    .ARM.Collect$$_printf_percent$$00000013  c_w.l(_printf_c.o)
    0x08000286   0x08000286   0x00000006   Code   RO          910    .ARM.Collect$$_printf_percent$$00000014  c_w.l(_printf_s.o)
    0x0800028c   0x0800028c   0x00000006   Code   RO          928    .ARM.Collect$$_printf_percent$$00000015  c_w.l(_printf_lc.o)
    0x08000292   0x08000292   0x00000006   Code   RO          929    .ARM.Collect$$_printf_percent$$00000016  c_w.l(_printf_ls.o)
    0x08000298   0x08000298   0x00000004   Code   RO         1120    .ARM.Collect$$_printf_percent$$00000017  c_w.l(_printf_percent_end.o)
    0x0800029c   0x0800029c   0x00000002   Code   RO         1208    .ARM.Collect$$libinit$$00000000  c_w.l(libinit.o)
    0x0800029e   0x0800029e   0x00000004   Code   RO          938    .ARM.Collect$$libinit$$00000001  c_w.l(libinit2.o)
    0x080002a2   0x080002a2   0x00000000   Code   RO          941    .ARM.Collect$$libinit$$00000004  c_w.l(libinit2.o)
    0x080002a2   0x080002a2   0x00000008   Code   RO          942    .ARM.Collect$$libinit$$00000005  c_w.l(libinit2.o)
    0x080002aa   0x080002aa   0x00000000   Code   RO          944    .ARM.Collect$$libinit$$0000000A  c_w.l(libinit2.o)
    0x080002aa   0x080002aa   0x00000000   Code   RO          946    .ARM.Collect$$libinit$$0000000C  c_w.l(libinit2.o)
    0x080002aa   0x080002aa   0x00000000   Code   RO          948    .ARM.Collect$$libinit$$0000000E  c_w.l(libinit2.o)
    0x080002aa   0x080002aa   0x00000006   Code   RO          949    .ARM.Collect$$libinit$$0000000F  c_w.l(libinit2.o)
    0x080002b0   0x080002b0   0x00000000   Code   RO          951    .ARM.Collect$$libinit$$00000011  c_w.l(libinit2.o)
    0x080002b0   0x080002b0   0x0000000c   Code   RO          952    .ARM.Collect$$libinit$$00000012  c_w.l(libinit2.o)
    0x080002bc   0x080002bc   0x00000000   Code   RO          953    .ARM.Collect$$libinit$$00000013  c_w.l(libinit2.o)
    0x080002bc   0x080002bc   0x00000000   Code   RO          955    .ARM.Collect$$libinit$$00000015  c_w.l(libinit2.o)
    0x080002bc   0x080002bc   0x0000000a   Code   RO          956    .ARM.Collect$$libinit$$00000016  c_w.l(libinit2.o)
    0x080002c6   0x080002c6   0x00000000   Code   RO          957    .ARM.Collect$$libinit$$00000017  c_w.l(libinit2.o)
    0x080002c6   0x080002c6   0x00000000   Code   RO          959    .ARM.Collect$$libinit$$00000019  c_w.l(libinit2.o)
    0x080002c6   0x080002c6   0x00000000   Code   RO          961    .ARM.Collect$$libinit$$0000001B  c_w.l(libinit2.o)
    0x080002c6   0x080002c6   0x00000000   Code   RO          963    .ARM.Collect$$libinit$$0000001D  c_w.l(libinit2.o)
    0x080002c6   0x080002c6   0x00000000   Code   RO          965    .ARM.Collect$$libinit$$0000001F  c_w.l(libinit2.o)
    0x080002c6   0x080002c6   0x00000000   Code   RO          967    .ARM.Collect$$libinit$$00000021  c_w.l(libinit2.o)
    0x080002c6   0x080002c6   0x00000000   Code   RO          969    .ARM.Collect$$libinit$$00000023  c_w.l(libinit2.o)
    0x080002c6   0x080002c6   0x00000000   Code   RO          971    .ARM.Collect$$libinit$$00000025  c_w.l(libinit2.o)
    0x080002c6   0x080002c6   0x00000000   Code   RO          975    .ARM.Collect$$libinit$$0000002C  c_w.l(libinit2.o)
    0x080002c6   0x080002c6   0x00000000   Code   RO          977    .ARM.Collect$$libinit$$0000002E  c_w.l(libinit2.o)
    0x080002c6   0x080002c6   0x00000000   Code   RO          979    .ARM.Collect$$libinit$$00000030  c_w.l(libinit2.o)
    0x080002c6   0x080002c6   0x00000000   Code   RO          981    .ARM.Collect$$libinit$$00000032  c_w.l(libinit2.o)
    0x080002c6   0x080002c6   0x00000002   Code   RO          982    .ARM.Collect$$libinit$$00000033  c_w.l(libinit2.o)
    0x080002c8   0x080002c8   0x00000002   Code   RO         1275    .ARM.Collect$$libshutdown$$00000000  c_w.l(libshutdown.o)
    0x080002ca   0x080002ca   0x00000000   Code   RO         1229    .ARM.Collect$$libshutdown$$00000002  c_w.l(libshutdown2.o)
    0x080002ca   0x080002ca   0x00000000   Code   RO         1231    .ARM.Collect$$libshutdown$$00000004  c_w.l(libshutdown2.o)
    0x080002ca   0x080002ca   0x00000000   Code   RO         1234    .ARM.Collect$$libshutdown$$00000007  c_w.l(libshutdown2.o)
    0x080002ca   0x080002ca   0x00000000   Code   RO         1237    .ARM.Collect$$libshutdown$$0000000A  c_w.l(libshutdown2.o)
    0x080002ca   0x080002ca   0x00000000   Code   RO         1239    .ARM.Collect$$libshutdown$$0000000C  c_w.l(libshutdown2.o)
    0x080002ca   0x080002ca   0x00000000   Code   RO         1242    .ARM.Collect$$libshutdown$$0000000F  c_w.l(libshutdown2.o)
    0x080002ca   0x080002ca   0x00000002   Code   RO         1243    .ARM.Collect$$libshutdown$$00000010  c_w.l(libshutdown2.o)
    0x080002cc   0x080002cc   0x00000000   Code   RO          811    .ARM.Collect$$rtentry$$00000000  c_w.l(__rtentry.o)
    0x080002cc   0x080002cc   0x00000000   Code   RO         1081    .ARM.Collect$$rtentry$$00000002  c_w.l(__rtentry2.o)
    0x080002cc   0x080002cc   0x00000006   Code   RO         1093    .ARM.Collect$$rtentry$$00000004  c_w.l(__rtentry4.o)
    0x080002d2   0x080002d2   0x00000000   Code   RO         1083    .ARM.Collect$$rtentry$$00000009  c_w.l(__rtentry2.o)
    0x080002d2   0x080002d2   0x00000004   Code   RO         1084    .ARM.Collect$$rtentry$$0000000A  c_w.l(__rtentry2.o)
    0x080002d6   0x080002d6   0x00000000   Code   RO         1086    .ARM.Collect$$rtentry$$0000000C  c_w.l(__rtentry2.o)
    0x080002d6   0x080002d6   0x00000008   Code   RO         1087    .ARM.Collect$$rtentry$$0000000D  c_w.l(__rtentry2.o)
    0x080002de   0x080002de   0x00000002   Code   RO         1213    .ARM.Collect$$rtexit$$00000000  c_w.l(rtexit.o)
    0x080002e0   0x080002e0   0x00000000   Code   RO         1249    .ARM.Collect$$rtexit$$00000002  c_w.l(rtexit2.o)
    0x080002e0   0x080002e0   0x00000004   Code   RO         1250    .ARM.Collect$$rtexit$$00000003  c_w.l(rtexit2.o)
    0x080002e4   0x080002e4   0x00000006   Code   RO         1251    .ARM.Collect$$rtexit$$00000004  c_w.l(rtexit2.o)
    0x080002ea   0x080002ea   0x00000002   PAD
    0x080002ec   0x080002ec   0x0000000c   Code   RO           58    .text               delay_cycles.o
    0x080002f8   0x080002f8   0x00000040   Code   RO          672  * .text               startup_stm32f411xe.o
    0x08000338   0x08000338   0x0000005e   Code   RO          696    .text               c_w.l(h1_alloc.o)
    0x08000396   0x08000396   0x00000002   PAD
    0x08000398   0x08000398   0x0000002c   Code   RO          750    .text               c_w.l(sprintf.o)
    0x080003c4   0x080003c4   0x00000004   PAD
    0x080003c8   0x080003c8   0x0000007c   Code   RO          752    .text               c_w.l(strcmpv7em.o)
    0x08000444   0x08000444   0x00000006   Code   RO          754    .text               c_w.l(heapauxi.o)
    0x0800044a   0x0800044a   0x00000002   PAD
    0x0800044c   0x0800044c   0x00000008   Code   RO          815    .text               c_w.l(rt_heap_descriptor_intlibspace.o)
    0x08000454   0x08000454   0x00000004   Code   RO          817    .text               c_w.l(hguard.o)
    0x08000458   0x08000458   0x0000008a   Code   RO          819    .text               c_w.l(init_alloc.o)
    0x080004e2   0x080004e2   0x0000000e   Code   RO          825    .text               c_w.l(h1_init.o)
    0x080004f0   0x080004f0   0x0000004e   Code   RO          827    .text               c_w.l(h1_free.o)
    0x0800053e   0x0800053e   0x0000004e   Code   RO          843    .text               c_w.l(_printf_pad.o)
    0x0800058c   0x0800058c   0x00000024   Code   RO          845    .text               c_w.l(_printf_truncate.o)
    0x080005b0   0x080005b0   0x00000052   Code   RO          847    .text               c_w.l(_printf_str.o)
    0x08000602   0x08000602   0x00000002   PAD
    0x08000604   0x08000604   0x00000078   Code   RO          849    .text               c_w.l(_printf_dec.o)
    0x0800067c   0x0800067c   0x00000028   Code   RO          851    .text               c_w.l(_printf_charcount.o)
    0x080006a4   0x080006a4   0x00000030   Code   RO          853    .text               c_w.l(_printf_char_common.o)
    0x080006d4   0x080006d4   0x0000000a   Code   RO          855    .text               c_w.l(_sputc.o)
    0x080006de   0x080006de   0x00000002   PAD
    0x080006e0   0x080006e0   0x000000bc   Code   RO          857    .text               c_w.l(_printf_wctomb.o)
    0x0800079c   0x0800079c   0x0000007c   Code   RO          860    .text               c_w.l(_printf_longlong_dec.o)
    0x08000818   0x08000818   0x00000070   Code   RO          866    .text               c_w.l(_printf_oct_int_ll.o)
    0x08000888   0x08000888   0x00000094   Code   RO          886    .text               c_w.l(_printf_hex_int_ll_ptr.o)
    0x0800091c   0x0800091c   0x00000188   Code   RO          906    .text               c_w.l(__printf_flags_ss_wp.o)
    0x08000aa4   0x08000aa4   0x0000000c   Code   RO         1071    .text               c_w.l(sys_exit.o)
    0x08000ab0   0x08000ab0   0x00000008   Code   RO         1077    .text               c_w.l(libspace.o)
    0x08000ab8   0x08000ab8   0x00000000   Code   RO         1097    .text               c_w.l(maybetermalloc1.o)
    0x08000ab8   0x08000ab8   0x00000034   Code   RO         1099    .text               c_w.l(h1_extend.o)
    0x08000aec   0x08000aec   0x0000008a   Code   RO         1103    .text               c_w.l(lludiv10.o)
    0x08000b76   0x08000b76   0x000000b2   Code   RO         1105    .text               c_w.l(_printf_intcommon.o)
    0x08000c28   0x08000c28   0x0000041c   Code   RO         1107    .text               c_w.l(_printf_fp_dec.o)
    0x08001044   0x08001044   0x000002fc   Code   RO         1111    .text               c_w.l(_printf_fp_hex.o)
    0x08001340   0x08001340   0x0000002c   Code   RO         1116    .text               c_w.l(_printf_char.o)
    0x0800136c   0x0800136c   0x0000002c   Code   RO         1118    .text               c_w.l(_printf_wchar.o)
    0x08001398   0x08001398   0x00000048   Code   RO         1121    .text               c_w.l(_c16rtomb.o)
    0x080013e0   0x080013e0   0x0000000e   Code   RO         1127    .text               c_w.l(defsig_rtmem_outer.o)
    0x080013ee   0x080013ee   0x00000002   Code   RO         1143    .text               c_w.l(use_no_semi.o)
    0x080013f0   0x080013f0   0x00000000   Code   RO         1145    .text               c_w.l(indicate_semi.o)
    0x080013f0   0x080013f0   0x0000004a   Code   RO         1146    .text               c_w.l(sys_stackheap_outer.o)
    0x0800143a   0x0800143a   0x00000002   PAD
    0x0800143c   0x0800143c   0x00000010   Code   RO         1148    .text               c_w.l(rt_ctype_table.o)
    0x0800144c   0x0800144c   0x00000008   Code   RO         1155    .text               c_w.l(rt_locale_intlibspace.o)
    0x08001454   0x08001454   0x00000080   Code   RO         1159    .text               c_w.l(_printf_fp_infnan.o)
    0x080014d4   0x080014d4   0x000000e4   Code   RO         1161    .text               c_w.l(bigflt0.o)
    0x080015b8   0x080015b8   0x00000012   Code   RO         1191    .text               c_w.l(exit.o)
    0x080015ca   0x080015ca   0x0000000a   Code   RO         1193    .text               c_w.l(defsig_exit.o)
    0x080015d4   0x080015d4   0x00000050   Code   RO         1197    .text               c_w.l(defsig_rtmem_inner.o)
    0x08001624   0x08001624   0x00000032   Code   RO         1226    .text               c_w.l(defsig_general.o)
    0x08001656   0x08001656   0x0000000e   Code   RO         1244    .text               c_w.l(sys_wrch.o)
    0x08001664   0x08001664   0x00000084   Code   RO          161    .text.EXTI0_IRQHandler  gpio.o
    0x080016e8   0x080016e8   0x00000084   Code   RO          175    .text.EXTI15_10_IRQHandler  gpio.o
    0x0800176c   0x0800176c   0x00000084   Code   RO          165    .text.EXTI1_IRQHandler  gpio.o
    0x080017f0   0x080017f0   0x00000084   Code   RO          167    .text.EXTI2_IRQHandler  gpio.o
    0x08001874   0x08001874   0x00000084   Code   RO          169    .text.EXTI3_IRQHandler  gpio.o
    0x080018f8   0x080018f8   0x00000084   Code   RO          171    .text.EXTI4_IRQHandler  gpio.o
    0x0800197c   0x0800197c   0x00000084   Code   RO          173    .text.EXTI9_5_IRQHandler  gpio.o
    0x08001a00   0x08001a00   0x000000f6   Code   RO          317    .text.GPIO_Init     stm32f4xx_gpio.o
    0x08001af6   0x08001af6   0x00000002   PAD
    0x08001af8   0x08001af8   0x00000072   Code   RO          341    .text.GPIO_PinAFConfig  stm32f4xx_gpio.o
    0x08001b6a   0x08001b6a   0x00000002   PAD
    0x08001b6c   0x08001b6c   0x0000006c   Code   RO          155    .text.NVIC_EncodePriority  gpio.o
    0x08001bd8   0x08001bd8   0x0000006c   Code   RO          590    .text.NVIC_EncodePriority  timer.o
    0x08001c44   0x08001c44   0x00000038   Code   RO          473    .text.RCC_AHB1PeriphClockCmd  stm32f4xx_rcc.o
    0x08001c7c   0x08001c7c   0x00000038   Code   RO          479    .text.RCC_APB1PeriphClockCmd  stm32f4xx_rcc.o
    0x08001cb4   0x08001cb4   0x00000162   Code   RO          463    .text.RCC_GetClocksFreq  stm32f4xx_rcc.o
    0x08001e16   0x08001e16   0x00000002   PAD
    0x08001e18   0x08001e18   0x00000052   Code   RO          586    .text.SysTick_Config  timer.o
    0x08001e6a   0x08001e6a   0x00000002   PAD
    0x08001e6c   0x08001e6c   0x00000010   Code   RO          600    .text.SysTick_Handler  timer.o
    0x08001e7c   0x08001e7c   0x00000012   Code   RO          679    .text.SystemInit    system_stm32f4xx.o
    0x08001e8e   0x08001e8e   0x00000002   PAD
    0x08001e90   0x08001e90   0x00000036   Code   RO          629    .text.USART2_IRQHandler  uart.o
    0x08001ec6   0x08001ec6   0x00000002   PAD
    0x08001ec8   0x08001ec8   0x0000002e   Code   RO          529    .text.USART_Cmd     stm32f4xx_usart.o
    0x08001ef6   0x08001ef6   0x00000002   PAD
    0x08001ef8   0x08001ef8   0x00000042   Code   RO          569    .text.USART_GetFlagStatus  stm32f4xx_usart.o
    0x08001f3a   0x08001f3a   0x00000002   PAD
    0x08001f3c   0x08001f3c   0x0000016a   Code   RO          521    .text.USART_Init    stm32f4xx_usart.o
    0x080020a6   0x080020a6   0x00000002   PAD
    0x080020a8   0x080020a8   0x00000010   Code   RO          539    .text.USART_ReceiveData  stm32f4xx_usart.o
    0x080020b8   0x080020b8   0x00000018   Code   RO          537    .text.USART_SendData  stm32f4xx_usart.o
    0x080020d0   0x080020d0   0x00000030   Code   RO          163    .text.__NVIC_ClearPendingIRQ  gpio.o
    0x08002100   0x08002100   0x00000030   Code   RO          623    .text.__NVIC_ClearPendingIRQ  uart.o
    0x08002130   0x08002130   0x00000030   Code   RO          159    .text.__NVIC_EnableIRQ  gpio.o
    0x08002160   0x08002160   0x00000030   Code   RO          625    .text.__NVIC_EnableIRQ  uart.o
    0x08002190   0x08002190   0x00000010   Code   RO          153    .text.__NVIC_GetPriorityGrouping  gpio.o
    0x080021a0   0x080021a0   0x00000010   Code   RO          592    .text.__NVIC_GetPriorityGrouping  timer.o
    0x080021b0   0x080021b0   0x00000042   Code   RO          157    .text.__NVIC_SetPriority  gpio.o
    0x080021f2   0x080021f2   0x00000002   PAD
    0x080021f4   0x080021f4   0x00000042   Code   RO          588    .text.__NVIC_SetPriority  timer.o
    0x08002236   0x08002236   0x00000002   PAD
    0x08002238   0x08002238   0x00000042   Code   RO          621    .text.__NVIC_SetPriority  uart.o
    0x0800227a   0x0800227a   0x00000002   PAD
    0x0800227c   0x0800227c   0x00000076   Code   RO           17    .text.delay_ms      delay.o
    0x080022f2   0x080022f2   0x00000002   PAD
    0x080022f4   0x080022f4   0x0000007a   Code   RO           19    .text.delay_us      delay.o
    0x0800236e   0x0800236e   0x00000002   PAD
    0x08002370   0x08002370   0x0000003c   Code   RO            2    .text.dht11_init    dht11.o
    0x080023ac   0x080023ac   0x0000009c   Code   RO            8    .text.dht11_read    dht11.o
    0x08002448   0x08002448   0x00000066   Code   RO            6    .text.dht11_read_byte  dht11.o
    0x080024ae   0x080024ae   0x00000002   PAD
    0x080024b0   0x080024b0   0x00000074   Code   RO            4    .text.dht11_start   dht11.o
    0x08002524   0x08002524   0x0000002a   Code   RO          141    .text.gpio_get      gpio.o
    0x0800254e   0x0800254e   0x00000002   PAD
    0x08002550   0x08002550   0x00000036   Code   RO          139    .text.gpio_set      gpio.o
    0x08002586   0x08002586   0x00000002   PAD
    0x08002588   0x08002588   0x00000352   Code   RO          151    .text.gpio_set_callback  gpio.o
    0x080028da   0x080028da   0x00000002   PAD
    0x080028dc   0x080028dc   0x00000142   Code   RO          147    .text.gpio_set_mode  gpio.o
    0x08002a1e   0x08002a1e   0x00000002   PAD
    0x08002a20   0x08002a20   0x000000ac   Code   RO          149    .text.gpio_set_trigger  gpio.o
    0x08002acc   0x08002acc   0x00000020   Code   RO          137    .text.gpio_toggle   gpio.o
    0x08002aec   0x08002aec   0x0000002c   Code   RO          204    .text.leds_init     leds.o
    0x08002b18   0x08002b18   0x00000038   Code   RO          206    .text.leds_set      leds.o
    0x08002b50   0x08002b50   0x00000270   Code   RO           28    .text.main          lab3.o
    0x08002dc0   0x08002dc0   0x00000048   Code   RO           38    .text.print_isr     lab3.o
    0x08002e08   0x08002e08   0x0000004e   Code   RO          217    .text.queue_enqueue  queue.o
    0x08002e56   0x08002e56   0x00000002   PAD
    0x08002e58   0x08002e58   0x00000030   Code   RO          215    .text.queue_init    queue.o
    0x08002e88   0x08002e88   0x00000022   Code   RO          219    .text.queue_is_full  queue.o
    0x08002eaa   0x08002eaa   0x00000002   PAD
    0x08002eac   0x08002eac   0x00000014   Code   RO           34    .text.switch_press_isr  lab3.o
    0x08002ec0   0x08002ec0   0x0000000e   Code   RO          594    .text.timer_enable  timer.o
    0x08002ece   0x08002ece   0x00000002   PAD
    0x08002ed0   0x08002ed0   0x00000068   Code   RO          584    .text.timer_init    timer.o
    0x08002f38   0x08002f38   0x00000062   Code   RO           32    .text.timer_isr     lab3.o
    0x08002f9a   0x08002f9a   0x00000002   PAD
    0x08002f9c   0x08002f9c   0x00000014   Code   RO          598    .text.timer_set_callback  timer.o
    0x08002fb0   0x08002fb0   0x00000064   Code   RO           36    .text.tmp           lab3.o
    0x08003014   0x08003014   0x00000012   Code   RO          613    .text.uart_enable   uart.o
    0x08003026   0x08003026   0x00000002   PAD
    0x08003028   0x08003028   0x0000008a   Code   RO          611    .text.uart_init     uart.o
    0x080030b2   0x080030b2   0x00000002   PAD
    0x080030b4   0x080030b4   0x00000022   Code   RO          615    .text.uart_print    uart.o
    0x080030d6   0x080030d6   0x00000002   PAD
    0x080030d8   0x080030d8   0x00000032   Code   RO          627    .text.uart_rx       uart.o
    0x0800310a   0x0800310a   0x00000002   PAD
    0x0800310c   0x0800310c   0x00000044   Code   RO           30    .text.uart_rx_isr   lab3.o
    0x08003150   0x08003150   0x0000003e   Code   RO          619    .text.uart_set_rx_callback  uart.o
    0x0800318e   0x0800318e   0x00000002   PAD
    0x08003190   0x08003190   0x00000032   Code   RO          617    .text.uart_tx       uart.o
    0x080031c2   0x080031c2   0x0000003e   Code   RO         1164    CL$$btod_d2e        c_w.l(btod.o)
    0x08003200   0x08003200   0x00000046   Code   RO         1166    CL$$btod_d2e_denorm_low  c_w.l(btod.o)
    0x08003246   0x08003246   0x00000060   Code   RO         1165    CL$$btod_d2e_norm_op1  c_w.l(btod.o)
    0x080032a6   0x080032a6   0x00000002   PAD
    0x080032a8   0x080032a8   0x00000338   Code   RO         1174    CL$$btod_div_common  c_w.l(btod.o)
    0x080035e0   0x080035e0   0x000000dc   Code   RO         1171    CL$$btod_e2e        c_w.l(btod.o)
    0x080036bc   0x080036bc   0x0000002a   Code   RO         1168    CL$$btod_ediv       c_w.l(btod.o)
    0x080036e6   0x080036e6   0x0000002a   Code   RO         1167    CL$$btod_emul       c_w.l(btod.o)
    0x08003710   0x08003710   0x00000244   Code   RO         1173    CL$$btod_mult_common  c_w.l(btod.o)
    0x08003954   0x08003954   0x00000030   Code   RO         1211    i.__ARM_fpclassify  m_wm.l(fpclassify.o)
    0x08003984   0x08003984   0x0000000e   Code   RO          899    i._is_digit         c_w.l(__printf_wp.o)
    0x08003992   0x08003992   0x00000002   PAD
    0x08003994   0x08003994   0x0000002c   Code   RO         1189    locale$$code        c_w.l(lc_numeric_c.o)
    0x080039c0   0x080039c0   0x0000002c   Code   RO         1222    locale$$code        c_w.l(lc_ctype_c.o)
    0x080039ec   0x080039ec   0x000002b4   Code   RO          759    x$fpl$ddiv          fz_wm.l(ddiv.o)
    0x08003ca0   0x08003ca0   0x0000005a   Code   RO          762    x$fpl$dfixu         fz_wm.l(dfixu.o)
    0x08003cfa   0x08003cfa   0x00000026   Code   RO          766    x$fpl$dfltu         fz_wm.l(dflt_clz.o)
    0x08003d20   0x08003d20   0x0000009c   Code   RO          983    x$fpl$dnaninf       fz_wm.l(dnaninf.o)
    0x08003dbc   0x08003dbc   0x0000000c   Code   RO          985    x$fpl$dretinf       fz_wm.l(dretinf.o)
    0x08003dc8   0x08003dc8   0x0000001a   Code   RO         1140    x$fpl$fpinit        fz_wm.l(fpinit.o)
    0x08003de2   0x08003de2   0x00000004   Code   RO          987    x$fpl$printf1       fz_wm.l(printf1.o)
    0x08003de6   0x08003de6   0x00000004   Code   RO          989    x$fpl$printf2       fz_wm.l(printf2.o)
    0x08003dea   0x08003dea   0x00000000   Code   RO          995    x$fpl$usenofp       fz_wm.l(usenofp.o)
    0x08003dea   0x08003dea   0x00000002   PAD
    0x08003dec   0x08003dec   0x00000008   Data   RO          858    .constdata          c_w.l(_printf_wctomb.o)
    0x08003df4   0x08003df4   0x00000028   Data   RO          887    .constdata          c_w.l(_printf_hex_int_ll_ptr.o)
    0x08003e1c   0x08003e1c   0x00000011   Data   RO          907    .constdata          c_w.l(__printf_flags_ss_wp.o)
    0x08003e2d   0x08003e2d   0x00000026   Data   RO         1112    .constdata          c_w.l(_printf_fp_hex.o)
    0x08003e53   0x08003e53   0x00000001   PAD
    0x08003e54   0x08003e54   0x00000094   Data   RO         1162    .constdata          c_w.l(bigflt0.o)
    0x08003ee8   0x08003ee8   0x00000010   Data   RO          511    .rodata.APBAHBPrescTable  stm32f4xx_rcc.o
    0x08003ef8   0x08003ef8   0x00000059   Data   RO           42    .rodata.str1.1      lab3.o
    0x08003f51   0x08003f51   0x00000003   PAD
    0x08003f54   0x08003f54   0x00000020   Data   RO         1277    Region$$Table       anon$$obj.o
    0x08003f74   0x08003f74   0x0000001c   Data   RO         1188    locale$$data        c_w.l(lc_numeric_c.o)
    0x08003f90   0x08003f90   0x00000110   Data   RO         1221    locale$$data        c_w.l(lc_ctype_c.o)


    Execution Region ER_RW (Exec base: 0x20000000, Load base: 0x080040a0, Size: 0x00000004, Max: 0xffffffff, ABSOLUTE)

    Exec Addr    Load Addr    Size         Type   Attr      Idx    E Section Name        Object

    0x20000000   0x080040a0   0x00000004   Data   RW          683    .data.SystemCoreClock  system_stm32f4xx.o


    Execution Region ER_ZI (Exec base: 0x20000008, Load base: 0x080040a4, Size: 0x000006c0, Max: 0xffffffff, ABSOLUTE)

    Exec Addr    Load Addr    Size         Type   Attr      Idx    E Section Name        Object

    0x20000008        -       0x00000060   Zero   RW         1078    .bss                c_w.l(libspace.o)
    0x20000068        -       0x00000004   Zero   RW          180    .bss.EXTI_port_set  gpio.o
    0x2000006c        -       0x00000004   Zero   RW          181    .bss.GPIO_callback  gpio.o
    0x20000070        -       0x00000004   Zero   RW          179    .bss.IRQ_pin_index  gpio.o
    0x20000074        -       0x00000004   Zero   RW          178    .bss.IRQ_port_num   gpio.o
    0x20000078        -       0x00000004   Zero   RW          177    .bss.IRQ_status     gpio.o
    0x2000007c        -       0x00000004   Zero   RW          631    .bss.UART_callback  uart.o
    0x20000080        -       0x00000004   Zero   RW           47    .bss.aemCount       lab3.o
    0x20000084        -       0x00000004   Zero   RW           43    .bss.aemFlag        lab3.o
    0x20000088        -       0x00000004   Zero   RW           50    .bss.counter        lab3.o
    0x2000008c        -       0x00000008   Zero   RW           41    .bss.dht11          lab3.o
    0x20000094        -       0x00000004   Zero   RW           48    .bss.getTempFlag    lab3.o
    0x20000098        -       0x00000004   Zero   RW           44    .bss.our_timer_period  lab3.o
    0x2000009c        -       0x00000004   Zero   RW          183    .bss.priority       gpio.o
    0x200000a0        -       0x00000004   Zero   RW          182    .bss.prioritygroup  gpio.o
    0x200000a4        -       0x00000010   Zero   RW           40    .bss.rx_queue       lab3.o
    0x200000b4        -       0x00000004   Zero   RW           46    .bss.switchCount    lab3.o
    0x200000b8        -       0x00000004   Zero   RW           45    .bss.switchFlag     lab3.o
    0x200000bc        -       0x00000004   Zero   RW          602    .bss.timer_callback  timer.o
    0x200000c0        -       0x00000004   Zero   RW           49    .bss.tmpFlag        lab3.o
    0x200000c4   0x080040a4   0x00000004   PAD
    0x200000c8        -       0x00000200   Zero   RW          670    HEAP                startup_stm32f411xe.o
    0x200002c8        -       0x00000400   Zero   RW          669    STACK               startup_stm32f411xe.o


==============================================================================

Image component sizes


      Code (inc. data)   RO Data    RW Data    ZI Data      Debug   Object Name

       240          0          0          0          0        753   delay.o
        12          0          0          0          0        320   delay_cycles.o
       434          0          0          0          0       2417   dht11.o
      2682         38          0          0         28       9728   gpio.o
       982          0         89          0         56       3188   lab3.o
       100          0          0          0          0       1398   leds.o
       160          0          0          0          0       1359   queue.o
        64         26        408          0       1536        864   startup_stm32f411xe.o
       360          0          0          0          0       4387   stm32f4xx_gpio.o
       466          0         16          0          0       9226   stm32f4xx_rcc.o
       514          0          0          0          0       6976   stm32f4xx_usart.o
        18          0          0          4          0       2680   system_stm32f4xx.o
       426          8          0          0          4       4778   timer.o
       568          0          0          0          4       6098   uart.o

    ----------------------------------------------------------------------
      7082         72        548          4       1632      54172   Object Totals
         0          0         32          0          0          0   (incl. Generated)
        56          0          3          0          4          0   (incl. Padding)

    ----------------------------------------------------------------------

      Code (inc. data)   RO Data    RW Data    ZI Data      Debug   Library Member Name

         8          0          0          0          0         68   __main.o
       392          4         17          0          0         92   __printf_flags_ss_wp.o
        14          0          0          0          0         68   __printf_wp.o
         0          0          0          0          0          0   __rtentry.o
        12          0          0          0          0          0   __rtentry2.o
         6          0          0          0          0          0   __rtentry4.o
        52          8          0          0          0          0   __scatter.o
        26          0          0          0          0          0   __scatter_copy.o
        28          0          0          0          0          0   __scatter_zi.o
        72          0          0          0          0         96   _c16rtomb.o
         6          0          0          0          0          0   _printf_a.o
         6          0          0          0          0          0   _printf_c.o
        44          0          0          0          0        108   _printf_char.o
        48          6          0          0          0         96   _printf_char_common.o
        40          0          0          0          0         68   _printf_charcount.o
         6          0          0          0          0          0   _printf_d.o
       120         16          0          0          0         92   _printf_dec.o
         6          0          0          0          0          0   _printf_e.o
         6          0          0          0          0          0   _printf_f.o
      1052          0          0          0          0        148   _printf_fp_dec.o
       764          8         38          0          0        100   _printf_fp_hex.o
       128         16          0          0          0         84   _printf_fp_infnan.o
         6          0          0          0          0          0   _printf_g.o
       148          4         40          0          0        160   _printf_hex_int_ll_ptr.o
         6          0          0          0          0          0   _printf_i.o
       178          0          0          0          0         88   _printf_intcommon.o
        10          0          0          0          0          0   _printf_l.o
         6          0          0          0          0          0   _printf_lc.o
        10          0          0          0          0          0   _printf_ll.o
         6          0          0          0          0          0   _printf_lld.o
         6          0          0          0          0          0   _printf_lli.o
         6          0          0          0          0          0   _printf_llo.o
         6          0          0          0          0          0   _printf_llu.o
         6          0          0          0          0          0   _printf_llx.o
       124         16          0          0          0         92   _printf_longlong_dec.o
         6          0          0          0          0          0   _printf_ls.o
         6          0          0          0          0          0   _printf_n.o
         6          0          0          0          0          0   _printf_o.o
       112          8          0          0          0        124   _printf_oct_int_ll.o
         6          0          0          0          0          0   _printf_p.o
        78          0          0          0          0        108   _printf_pad.o
         0          0          0          0          0          0   _printf_percent.o
         4          0          0          0          0          0   _printf_percent_end.o
         6          0          0          0          0          0   _printf_s.o
        82          0          0          0          0         80   _printf_str.o
        36          0          0          0          0         84   _printf_truncate.o
         6          0          0          0          0          0   _printf_u.o
        44          0          0          0          0        108   _printf_wchar.o
       188          6          8          0          0         92   _printf_wctomb.o
         6          0          0          0          0          0   _printf_x.o
        10          0          0          0          0         68   _sputc.o
       228          4        148          0          0         96   bigflt0.o
      1936        128          0          0          0        668   btod.o
        10          0          0          0          0         68   defsig_exit.o
        50          0          0          0          0         88   defsig_general.o
        80         58          0          0          0         76   defsig_rtmem_inner.o
        14          0          0          0          0         80   defsig_rtmem_outer.o
        18          0          0          0          0         80   exit.o
        94          0          0          0          0         80   h1_alloc.o
        52          0          0          0          0         68   h1_extend.o
        78          0          0          0          0         80   h1_free.o
        14          0          0          0          0         84   h1_init.o
         6          0          0          0          0        152   heapauxi.o
         4          0          0          0          0        136   hguard.o
         0          0          0          0          0          0   indicate_semi.o
       138          0          0          0          0        168   init_alloc.o
        44         10        272          0          0         76   lc_ctype_c.o
        44         10         28          0          0         76   lc_numeric_c.o
         2          0          0          0          0          0   libinit.o
        42          0          0          0          0          0   libinit2.o
         2          0          0          0          0          0   libshutdown.o
         2          0          0          0          0          0   libshutdown2.o
         8          4          0          0         96         68   libspace.o
       138          0          0          0          0         80   lludiv10.o
         0          0          0          0          0          0   maybetermalloc1.o
        16          4          0          0          0         76   rt_ctype_table.o
         8          4          0          0          0         68   rt_heap_descriptor_intlibspace.o
         8          4          0          0          0         68   rt_locale_intlibspace.o
         2          0          0          0          0          0   rtexit.o
        10          0          0          0          0          0   rtexit2.o
        44          6          0          0          0         84   sprintf.o
       124          0          0          0          0         88   strcmpv7em.o
        12          4          0          0          0         68   sys_exit.o
        74          0          0          0          0         80   sys_stackheap_outer.o
        14          0          0          0          0         76   sys_wrch.o
         2          0          0          0          0         68   use_no_semi.o
       692        140          0          0          0        264   ddiv.o
        90          4          0          0          0        140   dfixu.o
        38          0          0          0          0        116   dflt_clz.o
       156          4          0          0          0        140   dnaninf.o
        12          0          0          0          0        116   dretinf.o
        26          0          0          0          0        116   fpinit.o
         4          0          0          0          0        116   printf1.o
         4          0          0          0          0        116   printf2.o
         0          0          0          0          0          0   usenofp.o
        48          0          0          0          0        124   fpclassify.o

    ----------------------------------------------------------------------
      8362        480        552          0         96       6172   Library Totals
        24          4          1          0          0          0   (incl. Padding)

    ----------------------------------------------------------------------

      Code (inc. data)   RO Data    RW Data    ZI Data      Debug   Library Name

      7268        328        551          0         96       4924   c_w.l
      1022        148          0          0          0       1124   fz_wm.l
        48          0          0          0          0        124   m_wm.l

    ----------------------------------------------------------------------
      8362        480        552          0         96       6172   Library Totals

    ----------------------------------------------------------------------

==============================================================================


      Code (inc. data)   RO Data    RW Data    ZI Data      Debug   

     15444        552       1100          4       1728      56720   Grand Totals
     15444        552       1100          4       1728      56720   ELF Image Totals
     15444        552       1100          4          0          0   ROM Totals

==============================================================================

    Total RO  Size (Code + RO Data)                16544 (  16.16kB)
    Total RW  Size (RW Data + ZI Data)              1732 (   1.69kB)
    Total ROM Size (Code + RO Data + RW Data)      16548 (  16.16kB)

==============================================================================

