Component: Arm Compiler for Embedded 6.19 Tool: armlink [5e73cb00]

==============================================================================

Section Cross References

    c_final.o(.text.main) refers to h1_alloc.o(.text) for malloc
    c_final.o(.text.main) refers to uart.o(.text.uart_init) for uart_init
    c_final.o(.text.main) refers to uart.o(.text.uart_enable) for uart_enable
    c_final.o(.text.main) refers to c_final.o(.rodata.str1.1) for .L.str
    c_final.o(.text.main) refers to printf.o(.text) for printf
    c_final.o(.text.main) refers to scanf.o(.text) for scanf
    c_final.o(.text.main) refers to strlen.o(.text) for strlen
    c_final.o(.text.main) refers to c_final.o(.text.letterToNumber) for letterToNumber
    c_final.o(.text.main) refers to asm_final.o(.text) for myhash
    c_final.o(.text.main) refers to sprintf.o(.text) for sprintf
    c_final.o(.text.main) refers to uart.o(.text.uart_print) for uart_print
    c_final.o(.ARM.exidx.text.main) refers to c_final.o(.text.main) for [Anonymous Symbol]
    c_final.o(.ARM.exidx.text.letterToNumber) refers to c_final.o(.text.letterToNumber) for [Anonymous Symbol]
    asm_final.o(.ARM.exidx) refers to Unwind-EHABI.cpp.o(.text.__aeabi_unwind_cpp_pr0) for __aeabi_unwind_cpp_pr0
    asm_final.o(.ARM.exidx) refers to asm_final.o(.text) for [Anonymous Symbol]
    adc.o(.text.adc_init) refers to h1_alloc.o(.text) for malloc
    adc.o(.text.adc_init) refers to adc.o(.bss.aPA_0) for aPA_0
    adc.o(.text.adc_init) refers to adc.o(.text.analogin_init) for analogin_init
    adc.o(.text.adc_init) refers to adc.o(.bss.aPA_1) for aPA_1
    adc.o(.text.adc_init) refers to adc.o(.bss.aPA_2) for aPA_2
    adc.o(.text.adc_init) refers to adc.o(.bss.aPA_3) for aPA_3
    adc.o(.text.adc_init) refers to adc.o(.bss.aPA_4) for aPA_4
    adc.o(.text.adc_init) refers to adc.o(.bss.aPA_5) for aPA_5
    adc.o(.text.adc_init) refers to adc.o(.bss.aPA_6) for aPA_6
    adc.o(.text.adc_init) refers to adc.o(.bss.aPA_7) for aPA_7
    adc.o(.text.adc_init) refers to adc.o(.bss.aPB_0) for aPB_0
    adc.o(.text.adc_init) refers to adc.o(.bss.aPB_1) for aPB_1
    adc.o(.text.adc_init) refers to adc.o(.bss.aPC_0) for aPC_0
    adc.o(.text.adc_init) refers to adc.o(.bss.aPC_1) for aPC_1
    adc.o(.text.adc_init) refers to adc.o(.bss.aPC_2) for aPC_2
    adc.o(.text.adc_init) refers to adc.o(.bss.aPC_3) for aPC_3
    adc.o(.text.adc_init) refers to adc.o(.bss.aPC_4) for aPC_4
    adc.o(.text.adc_init) refers to adc.o(.bss.aPC_5) for aPC_5
    adc.o(.ARM.exidx.text.adc_init) refers to adc.o(.text.adc_init) for [Anonymous Symbol]
    adc.o(.text.analogin_init) refers to adc.o(.text.pinmap_peripheral) for pinmap_peripheral
    adc.o(.text.analogin_init) refers to adc.o(.text.pinmap_function) for pinmap_function
    adc.o(.text.analogin_init) refers to adc.o(.text.pinmap_pinout) for pinmap_pinout
    adc.o(.text.analogin_init) refers to adc.o(.bss.adc_inited) for adc_inited
    adc.o(.text.analogin_init) refers to adc.o(.bss.AdcHandle) for AdcHandle
    adc.o(.text.analogin_init) refers to adc.o(.text._ADC_Init) for _ADC_Init
    adc.o(.ARM.exidx.text.analogin_init) refers to adc.o(.text.analogin_init) for [Anonymous Symbol]
    adc.o(.text.pinmap_find_peripheral) refers to adc.o(.rodata.PinMap_ADC) for PinMap_ADC
    adc.o(.ARM.exidx.text.pinmap_find_peripheral) refers to adc.o(.text.pinmap_find_peripheral) for [Anonymous Symbol]
    adc.o(.text.pinmap_peripheral) refers to adc.o(.text.pinmap_find_peripheral) for pinmap_find_peripheral
    adc.o(.ARM.exidx.text.pinmap_peripheral) refers to adc.o(.text.pinmap_peripheral) for [Anonymous Symbol]
    adc.o(.text.pinmap_function) refers to adc.o(.text.pinmap_find_function) for pinmap_find_function
    adc.o(.ARM.exidx.text.pinmap_function) refers to adc.o(.text.pinmap_function) for [Anonymous Symbol]
    adc.o(.text.pinmap_pinout) refers to adc.o(.rodata.PinMap_ADC) for PinMap_ADC
    adc.o(.text.pinmap_pinout) refers to adc.o(.text.pin_function) for pin_function
    adc.o(.ARM.exidx.text.pinmap_pinout) refers to adc.o(.text.pinmap_pinout) for [Anonymous Symbol]
    adc.o(.text._ADC_Init) refers to adc.o(.text.local_ADC_Init) for local_ADC_Init
    adc.o(.ARM.exidx.text._ADC_Init) refers to adc.o(.text._ADC_Init) for [Anonymous Symbol]
    adc.o(.ARM.exidx.text.local_ADC_Init) refers to adc.o(.text.local_ADC_Init) for [Anonymous Symbol]
    adc.o(.text.pinmap_find_function) refers to adc.o(.rodata.PinMap_ADC) for PinMap_ADC
    adc.o(.ARM.exidx.text.pinmap_find_function) refers to adc.o(.text.pinmap_find_function) for [Anonymous Symbol]
    adc.o(.text.pin_function) refers to adc.o(.rodata.gpio_mode) for gpio_mode
    adc.o(.text.pin_function) refers to adc.o(.text._GPIO_Init) for _GPIO_Init
    adc.o(.ARM.exidx.text.pin_function) refers to adc.o(.text.pin_function) for [Anonymous Symbol]
    adc.o(.ARM.exidx.text._GPIO_Init) refers to adc.o(.text._GPIO_Init) for [Anonymous Symbol]
[...]
    __lcctype_c_end                          0x08005bd0   Data           0  lc_ctype_c.o(locale$$data)
    .data                                    0x20000000   Section        4  stdio_streams.o(.data)
    .data                                    0x20000004   Section        4  stdio_streams.o(.data)
    .data                                    0x20000008   Section        4  stdio_streams.o(.data)
    .bss                                     0x20000010   Section       84  stdio_streams.o(.bss)
    .bss                                     0x20000064   Section       84  stdio_streams.o(.bss)
    .bss                                     0x200000b8   Section       84  stdio_streams.o(.bss)
    .bss                                     0x2000010c   Section       96  libspace.o(.bss)
    GPIO_callback                            0x2000016c   Data           4  gpio.o(.bss.GPIO_callback)
    [Anonymous Symbol]                       0x2000016c   Section        0  gpio.o(.bss.GPIO_callback)
    UART_callback                            0x2000017c   Data           4  uart.o(.bss.UART_callback)
    [Anonymous Symbol]                       0x2000017c   Section        0  uart.o(.bss.UART_callback)
    timer_callback                           0x20000180   Data           4  timer.o(.bss.timer_callback)
    [Anonymous Symbol]                       0x20000180   Section        0  timer.o(.bss.timer_callback)
    Heap_Mem                                 0x20000188   Data         512  startup_stm32f411xe.o(HEAP)
    HEAP                                     0x20000188   Section      512  startup_stm32f411xe.o(HEAP)
    Stack_Mem                                0x20000388   Data        1024  startup_stm32f411xe.o(STACK)
    STACK                                    0x20000388   Section     1024  startup_stm32f411xe.o(STACK)
    __initial_sp                             0x20000788   Data           0  startup_stm32f411xe.o(STACK)

    Global Symbols

    Symbol Name                              Value     Ov Type        Size  Object(Section)

    BuildAttributes$$THM_ISAv4$E$P$D$K$B$S$7EM$VFPi3$EXTD16$VFPS$VFMA$PE$A:L22UL41UL21$X:L11$S22US41US21$IEEE1$IW$~IW$USESV6$~STKCKD$USESV7$~SHL$OTIME$ROPI$IEEEX$EBA8$UX$STANDARDLIB$REQ8$EABIv2 0x00000000   Number         0  anon$$obj.o ABSOLUTE
    _printf_flags                            0x00000000   Number         0  printf_stubs.o ABSOLUTE
    _printf_return_value                     0x00000000   Number         0  printf_stubs.o ABSOLUTE
    _printf_sizespec                         0x00000000   Number         0  printf_stubs.o ABSOLUTE
    _printf_widthprec                        0x00000000   Number         0  printf_stubs.o ABSOLUTE
    SHT$$ARM_EXIDX$$Base                      - Undefined Reference
    SHT$$ARM_EXIDX$$Limit                     - Undefined Reference
    __ARM_exceptions_init                     - Undefined Weak Reference
    __alloca_initialize                       - Undefined Weak Reference
    __arm_find_exidx_section                  - Undefined Weak Reference
    __arm_preinit_                            - Undefined Weak Reference
    __arm_relocate_pie_                       - Undefined Weak Reference
    __cpp_initialize__aeabi_                  - Undefined Weak Reference
    __cxa_finalize                            - Undefined Weak Reference
    __sigvec_lookup                           - Undefined Weak Reference
    __user_heap_extent                        - Undefined Weak Reference
    _atexit_init                              - Undefined Weak Reference
    _call_atexit_fns                          - Undefined Weak Reference
    _clock_init                               - Undefined Weak Reference
    _fp_trap_init                             - Undefined Weak Reference
    _fp_trap_shutdown                         - Undefined Weak Reference
    _get_lc_collate                           - Undefined Weak Reference
    _get_lc_monetary                          - Undefined Weak Reference
    _get_lc_time                              - Undefined Weak Reference
    _getenv_init                              - Undefined Weak Reference
    _handle_redirection                       - Undefined Weak Reference
    _mutex_acquire                            - Undefined Weak Reference
    _mutex_free                               - Undefined Weak Reference
    _mutex_release                            - Undefined Weak Reference
    _printf_mbtowc                            - Undefined Weak Reference
    _printf_wc                                - Undefined Weak Reference
    _rand_init                                - Undefined Weak Reference
    _signal_finish                            - Undefined Weak Reference
    _signal_init                              - Undefined Weak Reference
    __Vectors_Size                           0x00000198   Number         0  startup_stm32f411xe.o ABSOLUTE
    __Vectors                                0x08000000   Data           4  startup_stm32f411xe.o(RESET)
    __Vectors_End                            0x08000198   Data           0  startup_stm32f411xe.o(RESET)
    __main                                   0x08000199   Thumb Code     8  __main.o(!!!main)
    __scatterload                            0x080001a1   Thumb Code     0  __scatter.o(!!!scatter)
    __scatterload_rt2                        0x080001a1   Thumb Code    44  __scatter.o(!!!scatter)
    __scatterload_rt2_thumb_only             0x080001a1   Thumb Code     0  __scatter.o(!!!scatter)
    __scatterload_null                       0x080001af   Thumb Code     0  __scatter.o(!!!scatter)
    __scatterload_copy                       0x080001d5   Thumb Code    26  __scatter_copy.o(!!handler_copy)
    __scatterload_zeroinit                   0x080001f1   Thumb Code    28  __scatter_zi.o(!!handler_zi)
    _printf_n                                0x0800020d   Thumb Code     0  _printf_n.o(.ARM.Collect$$_printf_percent$$00000001)
    _printf_percent                          0x0800020d   Thumb Code     0  _printf_percent.o(.ARM.Collect$$_printf_percent$$00000000)
    _printf_p                                0x08000213   Thumb Code     0  _printf_p.o(.ARM.Collect$$_printf_percent$$00000002)
    _printf_f                                0x08000219   Thumb Code     0  _printf_f.o(.ARM.Collect$$_printf_percent$$00000003)
    _printf_e                                0x0800021f   Thumb Code     0  _printf_e.o(.ARM.Collect$$_printf_percent$$00000004)
    _printf_g                                0x08000225   Thumb Code     0  _printf_g.o(.ARM.Collect$$_printf_percent$$00000005)
    _printf_a                                0x0800022b   Thumb Code     0  _printf_a.o(.ARM.Collect$$_printf_percent$$00000006)
    _printf_ll                               0x08000231   Thumb Code     0  _printf_ll.o(.ARM.Collect$$_printf_percent$$00000007)
    _printf_i                                0x0800023b   Thumb Code     0  _printf_i.o(.ARM.Collect$$_printf_percent$$00000008)
    _printf_d                                0x08000241   Thumb Code     0  _printf_d.o(.ARM.Collect$$_printf_percent$$00000009)
    _printf_u                                0x08000247   Thumb Code     0  _printf_u.o(.ARM.Collect$$_printf_percent$$0000000A)
    _printf_o                                0x0800024d   Thumb Code     0  _printf_o.o(.ARM.Collect$$_printf_percent$$0000000B)
    _printf_x                                0x08000253   Thumb Code     0  _printf_x.o(.ARM.Collect$$_printf_percent$$0000000C)
    _printf_lli                              0x08000259   Thumb Code     0  _printf_lli.o(.ARM.Collect$$_printf_percent$$0000000D)
    _printf_lld                              0x0800025f   Thumb Code     0  _printf_lld.o(.ARM.Collect$$_printf_percent$$0000000E)
    _printf_llu                              0x08000265   Thumb Code     0  _printf_llu.o(.ARM.Collect$$_printf_percent$$0000000F)
    _printf_llo                              0x0800026b   Thumb Code     0  _printf_llo.o(.ARM.Collect$$_printf_percent$$00000010)
    _printf_llx                              0x08000271   Thumb Code     0  _printf_llx.o(.ARM.Collect$$_printf_percent$$00000011)
    _printf_l                                0x08000277   Thumb Code     0  _printf_l.o(.ARM.Collect$$_printf_percent$$00000012)
    _printf_c                                0x08000281   Thumb Code     0  _printf_c.o(.ARM.Collect$$_printf_percent$$00000013)
    _printf_s                                0x08000287   Thumb Code     0  _printf_s.o(.ARM.Collect$$_printf_percent$$00000014)
    _printf_lc                               0x0800028d   Thumb Code     0  _printf_lc.o(.ARM.Collect$$_printf_percent$$00000015)
    _printf_ls                               0x08000293   Thumb Code     0  _printf_ls.o(.ARM.Collect$$_printf_percent$$00000016)
    _printf_percent_end                      0x08000299   Thumb Code     0  _printf_percent_end.o(.ARM.Collect$$_printf_percent$$00000017)
    __rt_lib_init                            0x0800029d   Thumb Code     0  libinit.o(.ARM.Collect$$libinit$$00000000)
    __rt_lib_init_fp_1                       0x0800029f   Thumb Code     0  libinit2.o(.ARM.Collect$$libinit$$00000001)
    __rt_lib_init_heap_2                     0x080002a3   Thumb Code     0  libinit2.o(.ARM.Collect$$libinit$$00000007)
    __rt_lib_init_preinit_1                  0x080002a3   Thumb Code     0  libinit2.o(.ARM.Collect$$libinit$$00000006)
    __rt_lib_init_relocate_pie_1             0x080002a3   Thumb Code     0  libinit2.o(.ARM.Collect$$libinit$$00000004)
    __rt_lib_init_heap_1                     0x080002ab   Thumb Code     0  libinit2.o(.ARM.Collect$$libinit$$0000000C)
    __rt_lib_init_lc_common                  0x080002ab   Thumb Code     0  libinit2.o(.ARM.Collect$$libinit$$00000011)
    __rt_lib_init_rand_1                     0x080002ab   Thumb Code     0  libinit2.o(.ARM.Collect$$libinit$$00000010)
    __rt_lib_init_user_alloc_1               0x080002ab   Thumb Code     0  libinit2.o(.ARM.Collect$$libinit$$0000000E)
    __rt_lib_init_lc_collate_1               0x080002b1   Thumb Code     0  libinit2.o(.ARM.Collect$$libinit$$00000013)
    __rt_lib_init_lc_ctype_2                 0x080002b1   Thumb Code     0  libinit2.o(.ARM.Collect$$libinit$$00000014)
    __rt_lib_init_lc_ctype_1                 0x080002bd   Thumb Code     0  libinit2.o(.ARM.Collect$$libinit$$00000015)
    __rt_lib_init_lc_monetary_1              0x080002bd   Thumb Code     0  libinit2.o(.ARM.Collect$$libinit$$00000017)
    __rt_lib_init_lc_numeric_2               0x080002bd   Thumb Code     0  libinit2.o(.ARM.Collect$$libinit$$00000018)
    __rt_lib_init_atexit_1                   0x080002c7   Thumb Code     0  libinit2.o(.ARM.Collect$$libinit$$0000001D)
    __rt_lib_init_clock_1                    0x080002c7   Thumb Code     0  libinit2.o(.ARM.Collect$$libinit$$00000023)
    __rt_lib_init_fp_trap_1                  0x080002c7   Thumb Code     0  libinit2.o(.ARM.Collect$$libinit$$00000021)
    __rt_lib_init_getenv_1                   0x080002c7   Thumb Code     0  libinit2.o(.ARM.Collect$$libinit$$00000025)
    __rt_lib_init_lc_numeric_1               0x080002c7   Thumb Code     0  libinit2.o(.ARM.Collect$$libinit$$00000019)
    __rt_lib_init_lc_time_1                  0x080002c7   Thumb Code     0  libinit2.o(.ARM.Collect$$libinit$$0000001B)
    __rt_lib_init_signal_1                   0x080002c7   Thumb Code     0  libinit2.o(.ARM.Collect$$libinit$$0000001F)
    __rt_lib_init_stdio_2                    0x080002c7   Thumb Code     0  libinit2.o(.ARM.Collect$$libinit$$00000026)
    __rt_lib_init_alloca_1                   0x080002cb   Thumb Code     0  libinit2.o(.ARM.Collect$$libinit$$00000030)
    __rt_lib_init_argv_1                     0x080002cb   Thumb Code     0  libinit2.o(.ARM.Collect$$libinit$$0000002E)
    __rt_lib_init_cpp_1                      0x080002cb   Thumb Code     0  libinit2.o(.ARM.Collect$$libinit$$00000034)
    __rt_lib_init_exceptions_1               0x080002cb   Thumb Code     0  libinit2.o(.ARM.Collect$$libinit$$00000032)
    __rt_lib_init_return                     0x080002cb   Thumb Code     0  libinit2.o(.ARM.Collect$$libinit$$00000035)
    __rt_lib_init_stdio_1                    0x080002cb   Thumb Code     0  libinit2.o(.ARM.Collect$$libinit$$00000027)
    __rt_lib_shutdown                        0x080002cd   Thumb Code     0  libshutdown.o(.ARM.Collect$$libshutdown$$00000000)
    __rt_lib_shutdown_cpp_1                  0x080002cf   Thumb Code     0  libshutdown2.o(.ARM.Collect$$libshutdown$$00000002)
    __rt_lib_shutdown_stdio_2                0x080002cf   Thumb Code     0  libshutdown2.o(.ARM.Collect$$libshutdown$$00000003)
    __rt_lib_shutdown_fp_trap_1              0x080002d3   Thumb Code     0  libshutdown2.o(.ARM.Collect$$libshutdown$$00000007)
    __rt_lib_shutdown_heap_1                 0x080002d3   Thumb Code     0  libshutdown2.o(.ARM.Collect$$libshutdown$$0000000F)
    __rt_lib_shutdown_return                 0x080002d3   Thumb Code     0  libshutdown2.o(.ARM.Collect$$libshutdown$$00000010)
    __rt_lib_shutdown_signal_1               0x080002d3   Thumb Code     0  libshutdown2.o(.ARM.Collect$$libshutdown$$0000000A)
    __rt_lib_shutdown_stdio_1                0x080002d3   Thumb Code     0  libshutdown2.o(.ARM.Collect$$libshutdown$$00000004)
    __rt_lib_shutdown_user_alloc_1           0x080002d3   Thumb Code     0  libshutdown2.o(.ARM.Collect$$libshutdown$$0000000C)
    __rt_entry                               0x080002d5   Thumb Code     0  __rtentry.o(.ARM.Collect$$rtentry$$00000000)
    __rt_entry_presh_1                       0x080002d5   Thumb Code     0  __rtentry2.o(.ARM.Collect$$rtentry$$00000002)
    __rt_entry_sh                            0x080002d5   Thumb Code     0  __rtentry4.o(.ARM.Collect$$rtentry$$00000004)
    __rt_entry_li                            0x080002db   Thumb Code     0  __rtentry2.o(.ARM.Collect$$rtentry$$0000000A)
    __rt_entry_postsh_1                      0x080002db   Thumb Code     0  __rtentry2.o(.ARM.Collect$$rtentry$$00000009)
    __rt_entry_main                          0x080002df   Thumb Code     0  __rtentry2.o(.ARM.Collect$$rtentry$$0000000D)
    __rt_entry_postli_1                      0x080002df   Thumb Code     0  __rtentry2.o(.ARM.Collect$$rtentry$$0000000C)
    __rt_exit                                0x080002e7   Thumb Code     0  rtexit.o(.ARM.Collect$$rtexit$$00000000)
    __rt_exit_ls                             0x080002e9   Thumb Code     0  rtexit2.o(.ARM.Collect$$rtexit$$00000003)
    __rt_exit_prels_1                        0x080002e9   Thumb Code     0  rtexit2.o(.ARM.Collect$$rtexit$$00000002)
    __rt_exit_exit                           0x080002ed   Thumb Code     0  rtexit2.o(.ARM.Collect$$rtexit$$00000004)
    myhash                                   0x080002f5   Thumb Code     0  asm_final.o(.text)
    factorial                                0x08000435   Thumb Code     0  asm_final.o(.text)
    Reset_Handler                            0x0800047d   Thumb Code     8  startup_stm32f411xe.o(.text)
    NMI_Handler                              0x08000485   Thumb Code     2  startup_stm32f411xe.o(.text)
    HardFault_Handler                        0x08000487   Thumb Code     2  startup_stm32f411xe.o(.text)
    MemManage_Handler                        0x08000489   Thumb Code     2  startup_stm32f411xe.o(.text)
    BusFault_Handler                         0x0800048b   Thumb Code     2  startup_stm32f411xe.o(.text)
    UsageFault_Handler                       0x0800048d   Thumb Code     2  startup_stm32f411xe.o(.text)
    SVC_Handler                              0x0800048f   Thumb Code     2  startup_stm32f411xe.o(.text)
    DebugMon_Handler                         0x08000491   Thumb Code     2  startup_stm32f411xe.o(.text)
    PendSV_Handler                           0x08000493   Thumb Code     2  startup_stm32f411xe.o(.text)
    ADC_IRQHandler                           0x08000497   Thumb Code     0  startup_stm32f411xe.o(.text)
    DMA1_Stream0_IRQHandler                  0x08000497   Thumb Code     0  startup_stm32f411xe.o(.text)
    DMA1_Stream1_IRQHandler                  0x08000497   Thumb Code     0  startup_stm32f411xe.o(.text)
    DMA1_Stream2_IRQHandler                  0x08000497   Thumb Code     0  startup_stm32f411xe.o(.text)
    DMA1_Stream3_IRQHandler                  0x08000497   Thumb Code     0  startup_stm32f411xe.o(.text)
    DMA1_Stream4_IRQHandler                  0x08000497   Thumb Code     0  startup_stm32f411xe.o(.text)
    DMA1_Stream5_IRQHandler                  0x08000497   Thumb Code     0  startup_stm32f411xe.o(.text)
    DMA1_Stream6_IRQHandler                  0x08000497   Thumb Code     0  startup_stm32f411xe.o(.text)
    DMA1_Stream7_IRQHandler                  0x08000497   Thumb Code     0  startup_stm32f411xe.o(.text)
    DMA2_Stream0_IRQHandler                  0x08000497   Thumb Code     0  startup_stm32f411xe.o(.text)
    DMA2_Stream1_IRQHandler                  0x08000497   Thumb Code     0  startup_stm32f411xe.o(.text)
    DMA2_Stream2_IRQHandler                  0x08000497   Thumb Code     0  startup_stm32f411xe.o(.text)
    DMA2_Stream3_IRQHandler                  0x08000497   Thumb Code     0  startup_stm32f411xe.o(.text)
    DMA2_Stream4_IRQHandler                  0x08000497   Thumb Code     0  startup_stm32f411xe.o(.text)
    DMA2_Stream5_IRQHandler                  0x08000497   Thumb Code     0  startup_stm32f411xe.o(.text)
    DMA2_Stream6_IRQHandler                  0x08000497   Thumb Code     0  startup_stm32f411xe.o(.text)
    DMA2_Stream7_IRQHandler                  0x08000497   Thumb Code     0  startup_stm32f411xe.o(.text)
    FLASH_IRQHandler                         0x08000497   Thumb Code     0  startup_stm32f411xe.o(.text)
    FPU_IRQHandler                           0x08000497   Thumb Code     0  startup_stm32f411xe.o(.text)
    I2C1_ER_IRQHandler                       0x08000497   Thumb Code     0  startup_stm32f411xe.o(.text)
    I2C1_EV_IRQHandler                       0x08000497   Thumb Code     0  startup_stm32f411xe.o(.text)
    I2C2_ER_IRQHandler                       0x08000497   Thumb Code     0  startup_stm32f411xe.o(.text)
    I2C2_EV_IRQHandler                       0x08000497   Thumb Code     0  startup_stm32f411xe.o(.text)
    I2C3_ER_IRQHandler                       0x08000497   Thumb Code     0  startup_stm32f411xe.o(.text)
    I2C3_EV_IRQHandler                       0x08000497   Thumb Code     0  startup_stm32f411xe.o(.text)
    OTG_FS_IRQHandler                        0x08000497   Thumb Code     0  startup_stm32f411xe.o(.text)
    OTG_FS_WKUP_IRQHandler                   0x08000497   Thumb Code     0  startup_stm32f411xe.o(.text)
    PVD_IRQHandler                           0x08000497   Thumb Code     0  startup_stm32f411xe.o(.text)
    RCC_IRQHandler                           0x08000497   Thumb Code     0  startup_stm32f411xe.o(.text)
    RTC_Alarm_IRQHandler                     0x08000497   Thumb Code     0  startup_stm32f411xe.o(.text)
    RTC_WKUP_IRQHandler                      0x08000497   Thumb Code     0  startup_stm32f411xe.o(.text)
    SDIO_IRQHandler                          0x08000497   Thumb Code     0  startup_stm32f411xe.o(.text)
    SPI1_IRQHandler                          0x08000497   Thumb Code     0  startup_stm32f411xe.o(.text)
    SPI2_IRQHandler                          0x08000497   Thumb Code     0  startup_stm32f411xe.o(.text)
    SPI3_IRQHandler                          0x08000497   Thumb Code     0  startup_stm32f411xe.o(.text)
    SPI4_IRQHandler                          0x08000497   Thumb Code     0  startup_stm32f411xe.o(.text)
    SPI5_IRQHandler                          0x08000497   Thumb Code     0  startup_stm32f411xe.o(.text)
    TAMP_STAMP_IRQHandler                    0x08000497   Thumb Code     0  startup_stm32f411xe.o(.text)
    TIM1_BRK_TIM9_IRQHandler                 0x08000497   Thumb Code     0  startup_stm32f411xe.o(.text)
    TIM1_CC_IRQHandler                       0x08000497   Thumb Code     0  startup_stm32f411xe.o(.text)
    TIM1_TRG_COM_TIM11_IRQHandler            0x08000497   Thumb Code     0  startup_stm32f411xe.o(.text)
    TIM1_UP_TIM10_IRQHandler                 0x08000497   Thumb Code     0  startup_stm32f411xe.o(.text)
    TIM2_IRQHandler                          0x08000497   Thumb Code     0  startup_stm32f411xe.o(.text)
    TIM3_IRQHandler                          0x08000497   Thumb Code     0  startup_stm32f411xe.o(.text)
    TIM4_IRQHandler                          0x08000497   Thumb Code     0  startup_stm32f411xe.o(.text)
    TIM5_IRQHandler                          0x08000497   Thumb Code     0  startup_stm32f411xe.o(.text)
    USART1_IRQHandler                        0x08000497   Thumb Code     0  startup_stm32f411xe.o(.text)
    USART6_IRQHandler                        0x08000497   Thumb Code     0  startup_stm32f411xe.o(.text)
    WWDG_IRQHandler                          0x08000497   Thumb Code     0  startup_stm32f411xe.o(.text)
    __user_initial_stackheap                 0x08000499   Thumb Code     0  startup_stm32f411xe.o(.text)
    malloc                                   0x080004bd   Thumb Code    94  h1_alloc.o(.text)
    printf                                   0x0800051d   Thumb Code    20  printf.o(.text)
    sprintf                                  0x08000535   Thumb Code    38  sprintf.o(.text)
    scanf                                    0x08000561   Thumb Code    26  scanf.o(.text)
    strlen                                   0x08000581   Thumb Code    62  strlen.o(.text)
    strcmp                                   0x080005c1   Thumb Code   124  strcmpv7em.o(.text)
    __use_two_region_memory                  0x0800063d   Thumb Code     2  heapauxi.o(.text)
    __rt_heap_escrow                         0x0800063f   Thumb Code     2  heapauxi.o(.text)
    __rt_heap_expand                         0x08000641   Thumb Code     2  heapauxi.o(.text)
    __rt_heap_descriptor                     0x08000645   Thumb Code     8  rt_heap_descriptor_intlibspace.o(.text)
    __use_no_heap                            0x0800064d   Thumb Code     2  hguard.o(.text)
    __heap$guard                             0x0800064f   Thumb Code     2  hguard.o(.text)
    _terminate_user_alloc                    0x08000651   Thumb Code     2  init_alloc.o(.text)
    _init_user_alloc                         0x08000653   Thumb Code     2  init_alloc.o(.text)
    __Heap_Full                              0x08000655   Thumb Code    34  init_alloc.o(.text)
    __Heap_Broken                            0x08000677   Thumb Code     6  init_alloc.o(.text)
    _init_alloc                              0x0800067d   Thumb Code    94  init_alloc.o(.text)
    __Heap_Initialize                        0x080006db   Thumb Code    10  h1_init.o(.text)
    __Heap_DescSize                          0x080006e5   Thumb Code     4  h1_init.o(.text)
    free                                     0x080006e9   Thumb Code    78  h1_free.o(.text)
    _printf_pre_padding                      0x08000737   Thumb Code    44  _printf_pad.o(.text)
    _printf_post_padding                     0x08000763   Thumb Code    34  _printf_pad.o(.text)
    _printf_truncate_signed                  0x08000785   Thumb Code    18  _printf_truncate.o(.text)
    _printf_truncate_unsigned                0x08000797   Thumb Code    18  _printf_truncate.o(.text)
    _printf_str                              0x080007a9   Thumb Code    82  _printf_str.o(.text)
    _printf_int_dec                          0x080007fd   Thumb Code   104  _printf_dec.o(.text)
    _printf_charcount                        0x08000875   Thumb Code    40  _printf_charcount.o(.text)
    _printf_char_common                      0x080008a7   Thumb Code    32  _printf_char_common.o(.text)
    _sputc                                   0x080008cd   Thumb Code    10  _sputc.o(.text)
    _printf_char_file                        0x080008d9   Thumb Code    32  _printf_char_file.o(.text)
    _printf_wctomb                           0x080008fd   Thumb Code   182  _printf_wctomb.o(.text)
    _printf_longlong_dec                     0x080009b9   Thumb Code   108  _printf_longlong_dec.o(.text)
    _printf_longlong_oct                     0x08000a35   Thumb Code    68  _printf_oct_int_ll.o(.text)
    _printf_int_oct                          0x08000a79   Thumb Code    24  _printf_oct_int_ll.o(.text)
    _printf_ll_oct                           0x08000a91   Thumb Code    12  _printf_oct_int_ll.o(.text)
    _printf_longlong_hex                     0x08000aa5   Thumb Code    86  _printf_hex_int_ll_ptr.o(.text)
    _printf_int_hex                          0x08000afb   Thumb Code    28  _printf_hex_int_ll_ptr.o(.text)
    _printf_ll_hex                           0x08000b17   Thumb Code    12  _printf_hex_int_ll_ptr.o(.text)
    _printf_hex_ptr                          0x08000b23   Thumb Code    18  _printf_hex_int_ll_ptr.o(.text)
    __printf                                 0x08000b39   Thumb Code   388  __printf_flags_ss_wp.o(.text)
    _scanf_longlong                          0x08000cc1   Thumb Code   342  _scanf_longlong.o(.text)
    _scanf_int                               0x08000e17   Thumb Code   332  _scanf_int.o(.text)
    _scanf_string                            0x08000f63   Thumb Code   224  _scanf_str.o(.text)
    __vfscanf_char_file                      0x08001045   Thumb Code    16  scanf_char_file.o(.text)
    _scanf_mbtowc                            0x0800105d   Thumb Code   276  _scanf_mbtowc.o(.text)
    _scanf_wctomb                            0x08001171   Thumb Code   232  _scanf_wctomb.o(.text)
    _scanf_wstring                           0x08001259   Thumb Code   208  _scanf_wstr.o(.text)
    _sys_exit                                0x08001329   Thumb Code     8  sys_exit.o(.text)
    __user_libspace                          0x08001335   Thumb Code     8  libspace.o(.text)
    __user_perproc_libspace                  0x08001335   Thumb Code     0  libspace.o(.text)
    __user_perthread_libspace                0x08001335   Thumb Code     0  libspace.o(.text)
    __Heap_ProvideMemory                     0x0800133d   Thumb Code    52  h1_extend.o(.text)
    _maybe_terminate_alloc                   0x0800133d   Thumb Code     0  maybetermalloc1.o(.text)
    _ll_udiv10                               0x08001371   Thumb Code   138  lludiv10.o(.text)
    _printf_int_common                       0x080013fb   Thumb Code   178  _printf_intcommon.o(.text)
    _printf_fp_dec_real                      0x0800165d   Thumb Code   620  _printf_fp_dec.o(.text)
    _printf_fp_hex_real                      0x080018c9   Thumb Code   756  _printf_fp_hex.o(.text)
    _printf_cs_common                        0x08001bc5   Thumb Code    20  _printf_char.o(.text)
    _printf_char                             0x08001bd9   Thumb Code    16  _printf_char.o(.text)
    _printf_string                           0x08001be9   Thumb Code     8  _printf_char.o(.text)
    _printf_lcs_common                       0x08001bf1   Thumb Code    20  _printf_wchar.o(.text)
    _printf_wchar                            0x08001c05   Thumb Code    16  _printf_wchar.o(.text)
    _printf_wstring                          0x08001c15   Thumb Code     8  _printf_wchar.o(.text)
    _chval                                   0x08001c1d   Thumb Code    28  _chval.o(.text)
    _scanf_really_real                       0x08001e85   Thumb Code   684  scanf_fp.o(.text)
    __vfscanf_char                           0x0800213d   Thumb Code    24  scanf_char.o(.text)
    _scanf_wcharmap                          0x0800215d   Thumb Code    30  _scanf_wcharmap.o(.text)
    ___backspace$unlocked                    0x0800217b   Thumb Code     2  backspace.o(.text)
    __backspace                              0x0800217d   Thumb Code    70  backspace.o(.text)
    ferror                                   0x080021c3   Thumb Code     8  ferror.o(.text)
    _initio                                  0x080021cd   Thumb Code   210  initio.o(.text)
    _terminateio                             0x0800229f   Thumb Code    56  initio.o(.text)
    _mbrtoc16                                0x08002305   Thumb Code    64  _mbrtoc16.o(.text)
    _mbrtowc                                 0x08002305   Thumb Code     0  _mbrtoc16.o(.text)
    _c16rtomb                                0x08002345   Thumb Code    72  _c16rtomb.o(.text)
    _wcrtomb                                 0x08002345   Thumb Code     0  _c16rtomb.o(.text)
    __rt_SIGRTMEM                            0x0800238d   Thumb Code    14  defsig_rtmem_outer.o(.text)
    __aeabi_memclr4                          0x0800239b   Thumb Code     0  rt_memclr_w.o(.text)
    __aeabi_memclr8                          0x0800239b   Thumb Code     0  rt_memclr_w.o(.text)
    __rt_memclr_w                            0x0800239b   Thumb Code     0  rt_memclr_w.o(.text)
    _memset_w                                0x0800239f   Thumb Code    74  rt_memclr_w.o(.text)
    __I$use$semihosting                      0x080023e9   Thumb Code     0  use_no_semi.o(.text)
    __use_no_semihosting_swi                 0x080023e9   Thumb Code     2  use_no_semi.o(.text)
    __semihosting_library_function           0x080023eb   Thumb Code     0  indicate_semi.o(.text)
    __user_setup_stackheap                   0x080023eb   Thumb Code    74  sys_stackheap_outer.o(.text)
    __rt_ctype_table                         0x08002435   Thumb Code    16  rt_ctype_table.o(.text)
    __rt_locale                              0x08002445   Thumb Code     8  rt_locale_intlibspace.o(.text)
    __aeabi_errno_addr                       0x0800244d   Thumb Code     8  rt_errno_addr_intlibspace.o(.text)
    __errno$intlibspace                      0x0800244d   Thumb Code     0  rt_errno_addr_intlibspace.o(.text)
    __rt_errno_addr$intlibspace              0x0800244d   Thumb Code     0  rt_errno_addr_intlibspace.o(.text)
    __aeabi_llsl                             0x08002455   Thumb Code     0  llshl.o(.text)
    _ll_shift_l                              0x08002455   Thumb Code    38  llshl.o(.text)
    isspace                                  0x0800247b   Thumb Code    18  isspace.o(.text)
    _printf_fp_infnan                        0x0800248d   Thumb Code   112  _printf_fp_infnan.o(.text)
    __vfscanf                                0x0800250d   Thumb Code   878  _scanf.o(.text)
    _btod_etento                             0x08002881   Thumb Code   224  bigflt0.o(.text)
    _readbuf                                 0x08002965   Thumb Code    54  filbuf.o(.text)
    _seteof                                  0x0800299b   Thumb Code    40  filbuf.o(.text)
    __filbuf                                 0x080029c3   Thumb Code   492  filbuf.o(.text)
    __filbuf_byte                            0x080029c3   Thumb Code     0  filbuf.o(.text)
    __filbuf_wide                            0x080029c3   Thumb Code     0  filbuf.o(.text)
    __flsbuf                                 0x08002baf   Thumb Code   482  flsbuf.o(.text)
    __flsbuf_byte                            0x08002baf   Thumb Code     0  flsbuf.o(.text)
    __flsbuf_wide                            0x08002baf   Thumb Code     0  flsbuf.o(.text)
    setvbuf                                  0x08002d91   Thumb Code    70  setvbuf.o(.text)
    _ungetc_internal                         0x08002dd9   Thumb Code    60  ungetc.o(.text)
    ungetc                                   0x08002dd9   Thumb Code     0  ungetc.o(.text)
    freopen                                  0x08002e21   Thumb Code   160  fopen.o(.text)
    fopen                                    0x08002ec1   Thumb Code    74  fopen.o(.text)
    _fclose_internal                         0x08002f11   Thumb Code    76  fclose.o(.text)
    fclose                                   0x08002f11   Thumb Code     0  fclose.o(.text)
    exit                                     0x08002f5d   Thumb Code    18  exit.o(.text)
    __sig_exit                               0x08002f6f   Thumb Code    10  defsig_exit.o(.text)
    __rt_SIGRTRED                            0x08002f79   Thumb Code    14  defsig_rtred_outer.o(.text)
    __rt_SIGRTMEM_inner                      0x08002f89   Thumb Code    22  defsig_rtmem_inner.o(.text)
    __read_errno                             0x08002fd9   Thumb Code    10  _rserrno.o(.text)
    __set_errno                              0x08002fe3   Thumb Code    12  _rserrno.o(.text)
    _scanf_really_hex_real                   0x08002ff1   Thumb Code   786  scanf_hexfp.o(.text)
    _scanf_really_infnan                     0x08003311   Thumb Code   292  scanf_infnan.o(.text)
    _fseek                                   0x08003445   Thumb Code   242  fseek.o(.text)
    fseek                                    0x08003445   Thumb Code     0  fseek.o(.text)
    _seterr                                  0x0800353d   Thumb Code    20  stdio.o(.text)
    _writebuf                                0x08003551   Thumb Code   108  stdio.o(.text)
    _fflush                                  0x080035bd   Thumb Code    70  stdio.o(.text)
    _deferredlazyseek                        0x08003603   Thumb Code    60  stdio.o(.text)
    _flushlinebuffered                       0x08003645   Thumb Code    50  flushlinebuffered.o(.text)
    __default_signal_display                 0x0800367d   Thumb Code    50  defsig_general.o(.text)
    __rt_SIGRTRED_inner                      0x080036b1   Thumb Code    14  defsig_rtred_inner.o(.text)
    _ttywrch                                 0x080036e5   Thumb Code    14  sys_wrch.o(.text)
    _do_fflush                               0x080036f5   Thumb Code    54  fflush.o(.text)
    fflush                                   0x0800372b   Thumb Code    42  fflush.o(.text)
    _ftell_internal                          0x08003759   Thumb Code    66  ftell.o(.text)
    ftell                                    0x08003759   Thumb Code     0  ftell.o(.text)
    EXTI0_IRQHandler                         0x0800379d   Thumb Code   132  gpio.o(.text.EXTI0_IRQHandler)
    EXTI15_10_IRQHandler                     0x08003821   Thumb Code   132  gpio.o(.text.EXTI15_10_IRQHandler)
    EXTI1_IRQHandler                         0x080038a5   Thumb Code   132  gpio.o(.text.EXTI1_IRQHandler)
    EXTI2_IRQHandler                         0x08003929   Thumb Code   132  gpio.o(.text.EXTI2_IRQHandler)
    EXTI3_IRQHandler                         0x080039ad   Thumb Code   132  gpio.o(.text.EXTI3_IRQHandler)
    EXTI4_IRQHandler                         0x08003a31   Thumb Code   132  gpio.o(.text.EXTI4_IRQHandler)
    EXTI9_5_IRQHandler                       0x08003ab5   Thumb Code   132  gpio.o(.text.EXTI9_5_IRQHandler)
    GPIO_Init                                0x08003b39   Thumb Code   246  stm32f4xx_gpio.o(.text.GPIO_Init)
    GPIO_PinAFConfig                         0x08003c31   Thumb Code   114  stm32f4xx_gpio.o(.text.GPIO_PinAFConfig)
    RCC_AHB1PeriphClockCmd                   0x08003ca5   Thumb Code    56  stm32f4xx_rcc.o(.text.RCC_AHB1PeriphClockCmd)
    RCC_APB1PeriphClockCmd                   0x08003cdd   Thumb Code    56  stm32f4xx_rcc.o(.text.RCC_APB1PeriphClockCmd)
    RCC_GetClocksFreq                        0x08003d15   Thumb Code   354  stm32f4xx_rcc.o(.text.RCC_GetClocksFreq)
    SysTick_Handler                          0x08003e79   Thumb Code    16  timer.o(.text.SysTick_Handler)
    SystemInit                               0x08003e89   Thumb Code    18  system_stm32f4xx.o(.text.SystemInit)
    USART2_IRQHandler                        0x08003e9d   Thumb Code    54  uart.o(.text.USART2_IRQHandler)
    USART_Cmd                                0x08003ed5   Thumb Code    46  stm32f4xx_usart.o(.text.USART_Cmd)
    USART_GetFlagStatus                      0x08003f05   Thumb Code    66  stm32f4xx_usart.o(.text.USART_GetFlagStatus)
    USART_Init                               0x08003f49   Thumb Code   362  stm32f4xx_usart.o(.text.USART_Init)
    USART_ReceiveData                        0x080040b5   Thumb Code    16  stm32f4xx_usart.o(.text.USART_ReceiveData)
    USART_SendData                           0x080040c5   Thumb Code    24  stm32f4xx_usart.o(.text.USART_SendData)
    _sys_close                               0x0800413d   Thumb Code    74  retarget_io.o(.text._sys_close)
    _sys_flen                                0x08004189   Thumb Code    72  retarget_io.o(.text._sys_flen)
    _sys_istty                               0x080041d1   Thumb Code    72  retarget_io.o(.text._sys_istty)
    _sys_open                                0x08004219   Thumb Code   132  retarget_io.o(.text._sys_open)
    _sys_read                                0x0800429d   Thumb Code   128  retarget_io.o(.text._sys_read)
    _sys_seek                                0x0800431d   Thumb Code    82  retarget_io.o(.text._sys_seek)
    _sys_write                               0x08004371   Thumb Code   152  retarget_io.o(.text._sys_write)
    letterToNumber                           0x08004409   Thumb Code   310  c_final.o(.text.letterToNumber)
    main                                     0x08004541   Thumb Code   240  c_final.o(.text.main)
    uart_enable                              0x08004659   Thumb Code    18  uart.o(.text.uart_enable)
    uart_init                                0x0800466d   Thumb Code   138  uart.o(.text.uart_init)
    uart_print                               0x080046f9   Thumb Code    34  uart.o(.text.uart_print)
    uart_rx                                  0x0800471d   Thumb Code    50  uart.o(.text.uart_rx)
    uart_tx                                  0x08004751   Thumb Code    50  uart.o(.text.uart_tx)
    _btod_d2e                                0x08004783   Thumb Code    62  btod.o(CL$$btod_d2e)
    _d2e_denorm_low                          0x080047c1   Thumb Code    70  btod.o(CL$$btod_d2e_denorm_low)
    _d2e_norm_op1                            0x08004807   Thumb Code    96  btod.o(CL$$btod_d2e_norm_op1)
    __btod_div_common                        0x08004869   Thumb Code   696  btod.o(CL$$btod_div_common)
    _e2d                                     0x08004ba1   Thumb Code   122  btod.o(CL$$btod_e2d)
    _e2e                                     0x08004c25   Thumb Code   220  btod.o(CL$$btod_e2e)
    _btod_ediv                               0x08004d01   Thumb Code    42  btod.o(CL$$btod_ediv)
    _btod_edivd                              0x08004d2b   Thumb Code    42  btod.o(CL$$btod_edivd)
    _btod_emul                               0x08004d55   Thumb Code    42  btod.o(CL$$btod_emul)
    _btod_emuld                              0x08004d7f   Thumb Code    42  btod.o(CL$$btod_emuld)
    __btod_mult_common                       0x08004da9   Thumb Code   580  btod.o(CL$$btod_mult_common)
    __ARM_fpclassify                         0x08004fed   Thumb Code    48  fpclassify.o(i.__ARM_fpclassify)
    __hardfp___mathlib_tofloat               0x08005021   Thumb Code   232  narrow.o(i.__hardfp___mathlib_tofloat)
    __hardfp_ldexp                           0x08005119   Thumb Code   200  ldexp.o(i.__hardfp_ldexp)
    __mathlib_dbl_overflow                   0x080051e9   Thumb Code    24  dunder.o(i.__mathlib_dbl_overflow)
    __mathlib_dbl_underflow                  0x08005209   Thumb Code    24  dunder.o(i.__mathlib_dbl_underflow)
    __mathlib_narrow                         0x08005229   Thumb Code    18  narrow.o(i.__mathlib_narrow)
    __support_ldexp                          0x0800523b   Thumb Code    20  ldexp.o(i.__support_ldexp)
    _is_digit                                0x0800524f   Thumb Code    14  __printf_wp.o(i._is_digit)
    fgetc                                    0x0800525d   Thumb Code    26  fgetc.o(i.fgetc)
    fputc                                    0x08005277   Thumb Code    28  fputc.o(i.fputc)
    frexp                                    0x08005299   Thumb Code   118  frexp.o(i.frexp)
    _get_lc_numeric                          0x08005325   Thumb Code    44  lc_numeric_c.o(locale$$code)
    _get_lc_ctype                            0x08005351   Thumb Code    44  lc_ctype_c.o(locale$$code)
    __aeabi_d2f                              0x0800537d   Thumb Code     0  d2f.o(x$fpl$d2f)
    _d2f                                     0x0800537d   Thumb Code    98  d2f.o(x$fpl$d2f)
    __fpl_dcheck_NaN1                        0x080053e1   Thumb Code    10  dcheck1.o(x$fpl$dcheck1)
    __fpl_dcmp_Inf                           0x080053f1   Thumb Code    24  dcmpi.o(x$fpl$dcmpinf)
    __aeabi_cdcmpeq                          0x08005409   Thumb Code     0  deqf.o(x$fpl$deqf)
    _dcmpeq                                  0x08005409   Thumb Code   120  deqf.o(x$fpl$deqf)
    __aeabi_cdcmple                          0x08005481   Thumb Code     0  dleqf.o(x$fpl$dleqf)
    _dcmple                                  0x08005481   Thumb Code   120  dleqf.o(x$fpl$dleqf)
    __fpl_dcmple_InfNaN                      0x080054e3   Thumb Code     0  dleqf.o(x$fpl$dleqf)
    __aeabi_dmul                             0x080054f9   Thumb Code     0  dmul.o(x$fpl$dmul)
    _dmul                                    0x080054f9   Thumb Code   332  dmul.o(x$fpl$dmul)
    __fpl_dnaninf                            0x0800564d   Thumb Code   156  dnaninf.o(x$fpl$dnaninf)
    __fpl_dretinf                            0x080056e9   Thumb Code    12  dretinf.o(x$fpl$dretinf)
    __aeabi_cdrcmple                         0x080056f5   Thumb Code     0  drleqf.o(x$fpl$drleqf)
    _drcmple                                 0x080056f5   Thumb Code   108  drleqf.o(x$fpl$drleqf)
    _fp_init                                 0x08005761   Thumb Code    26  fpinit.o(x$fpl$fpinit)
    __fplib_config_fpu_vfp                   0x08005779   Thumb Code     0  fpinit.o(x$fpl$fpinit)
    __fplib_config_pureend_doubles           0x08005779   Thumb Code     0  fpinit.o(x$fpl$fpinit)
    __fpl_fretinf                            0x0800577b   Thumb Code    10  fretinf.o(x$fpl$fretinf)
    __ieee_status                            0x08005785   Thumb Code     6  istatus.o(x$fpl$ieeestatus)
    _printf_fp_dec                           0x0800578b   Thumb Code     4  printf1.o(x$fpl$printf1)
    _printf_fp_hex                           0x0800578f   Thumb Code     4  printf2.o(x$fpl$printf2)
    __fpl_return_NaN                         0x08005793   Thumb Code   100  retnan.o(x$fpl$retnan)
    __ARM_scalbn                             0x080057f7   Thumb Code    92  scalbn.o(x$fpl$scalbn)
    _scanf_real                              0x08005853   Thumb Code     4  scanf1.o(x$fpl$scanf1)
    _scanf_hex_real                          0x08005857   Thumb Code     4  scanf2.o(x$fpl$scanf2)
    _scanf_infnan                            0x0800585b   Thumb Code     4  scanf2.o(x$fpl$scanf2)
    __fpl_cmpreturn                          0x0800585f   Thumb Code    48  trapv.o(x$fpl$trapveneer)
    __I$use$fp                               0x0800588e   Number         0  usenofp.o(x$fpl$usenofp)
    __stderr_name                            0x0800599c   Data           8  retarget_io.o(.rodata.__stderr_name)
    __stdin_name                             0x080059a4   Data           7  retarget_io.o(.rodata.__stdin_name)
    __stdout_name                            0x080059ab   Data           8  retarget_io.o(.rodata.__stdout_name)
    Region$$Table$$Base                      0x08005a74   Number         0  anon$$obj.o(Region$$Table)
    Region$$Table$$Limit                     0x08005a94   Number         0  anon$$obj.o(Region$$Table)
    __aeabi_HUGE_VAL                         0x08005a94   Data           0  fpconst.o(c$$dinf)
    __aeabi_HUGE_VALL                        0x08005a94   Data           0  fpconst.o(c$$dinf)
    __aeabi_INFINITY                         0x08005a94   Data           0  fpconst.o(c$$dinf)
    __dInf                                   0x08005a94   Data           0  fpconst.o(c$$dinf)
    __huge_val                               0x08005a94   Data           0  fpconst.o(c$$dinf)
    __dbl_max                                0x08005a9c   Data           0  fpconst.o(c$$dmax)
    __ctype                                  0x08005acd   Data           0  lc_ctype_c.o(locale$$data)
    __aeabi_stdin                            0x20000000   Data           4  stdio_streams.o(.data)
    __aeabi_stdout                           0x20000004   Data           4  stdio_streams.o(.data)
    __aeabi_stderr                           0x20000008   Data           4  stdio_streams.o(.data)
    __stdin                                  0x20000010   Data          84  stdio_streams.o(.bss)
    __stdout                                 0x20000064   Data          84  stdio_streams.o(.bss)
    __stderr                                 0x200000b8   Data          84  stdio_streams.o(.bss)
    __libspace_start                         0x2000010c   Data          96  libspace.o(.bss)
    __temporary_stack_top$libspace           0x2000016c   Data           0  libspace.o(.bss)
    IRQ_pin_index                            0x20000170   Data           4  gpio.o(.bss.IRQ_pin_index)
    IRQ_port_num                             0x20000174   Data           4  gpio.o(.bss.IRQ_port_num)
    IRQ_status                               0x20000178   Data           4  gpio.o(.bss.IRQ_status)



==============================================================================

Memory Map of the image

  Image Entry point : 0x0800047d

  Load Region LR_1 (Base: 0x08000000, Size: 0x00005bdc, Max: 0xffffffff, ABSOLUTE)

    Execution Region ER_RO (Exec base: 0x08000000, Load base: 0x08000000, Size: 0x00005bd0, Max: 0xffffffff, ABSOLUTE)

    Exec Addr    Load Addr    Size         Type   Attr      Idx    E Section Name        Object

    0x08000000   0x08000000   0x00000198   Data   RO          627    RESET               startup_stm32f411xe.o
    0x08000198   0x08000198   0x00000008   Code   RO          718  * !!!main             c_w.l(__main.o)
    0x080001a0   0x080001a0   0x00000034   Code   RO         1460    !!!scatter          c_w.l(__scatter.o)
    0x080001d4   0x080001d4   0x0000001a   Code   RO         1462    !!handler_copy      c_w.l(__scatter_copy.o)
    0x080001ee   0x080001ee   0x00000002   PAD
    0x080001f0   0x080001f0   0x0000001c   Code   RO         1464    !!handler_zi        c_w.l(__scatter_zi.o)
    0x0800020c   0x0800020c   0x00000000   Code   RO          889    .ARM.Collect$$_printf_percent$$00000000  c_w.l(_printf_percent.o)
    0x0800020c   0x0800020c   0x00000006   Code   RO          878    .ARM.Collect$$_printf_percent$$00000001  c_w.l(_printf_n.o)
    0x08000212   0x08000212   0x00000006   Code   RO          880    .ARM.Collect$$_printf_percent$$00000002  c_w.l(_printf_p.o)
    0x08000218   0x08000218   0x00000006   Code   RO          885    .ARM.Collect$$_printf_percent$$00000003  c_w.l(_printf_f.o)
    0x0800021e   0x0800021e   0x00000006   Code   RO          886    .ARM.Collect$$_printf_percent$$00000004  c_w.l(_printf_e.o)
    0x08000224   0x08000224   0x00000006   Code   RO          887    .ARM.Collect$$_printf_percent$$00000005  c_w.l(_printf_g.o)
    0x0800022a   0x0800022a   0x00000006   Code   RO          888    .ARM.Collect$$_printf_percent$$00000006  c_w.l(_printf_a.o)
    0x08000230   0x08000230   0x0000000a   Code   RO          893    .ARM.Collect$$_printf_percent$$00000007  c_w.l(_printf_ll.o)
    0x0800023a   0x0800023a   0x00000006   Code   RO          882    .ARM.Collect$$_printf_percent$$00000008  c_w.l(_printf_i.o)
    0x08000240   0x08000240   0x00000006   Code   RO          883    .ARM.Collect$$_printf_percent$$00000009  c_w.l(_printf_d.o)
    0x08000246   0x08000246   0x00000006   Code   RO          884    .ARM.Collect$$_printf_percent$$0000000A  c_w.l(_printf_u.o)
    0x0800024c   0x0800024c   0x00000006   Code   RO          881    .ARM.Collect$$_printf_percent$$0000000B  c_w.l(_printf_o.o)
    0x08000252   0x08000252   0x00000006   Code   RO          879    .ARM.Collect$$_printf_percent$$0000000C  c_w.l(_printf_x.o)
    0x08000258   0x08000258   0x00000006   Code   RO          890    .ARM.Collect$$_printf_percent$$0000000D  c_w.l(_printf_lli.o)
    0x0800025e   0x0800025e   0x00000006   Code   RO          891    .ARM.Collect$$_printf_percent$$0000000E  c_w.l(_printf_lld.o)
    0x08000264   0x08000264   0x00000006   Code   RO          892    .ARM.Collect$$_printf_percent$$0000000F  c_w.l(_printf_llu.o)
    0x0800026a   0x0800026a   0x00000006   Code   RO          897    .ARM.Collect$$_printf_percent$$00000010  c_w.l(_printf_llo.o)
    0x08000270   0x08000270   0x00000006   Code   RO          898    .ARM.Collect$$_printf_percent$$00000011  c_w.l(_printf_llx.o)
    0x08000276   0x08000276   0x0000000a   Code   RO          894    .ARM.Collect$$_printf_percent$$00000012  c_w.l(_printf_l.o)
    0x08000280   0x08000280   0x00000006   Code   RO          876    .ARM.Collect$$_printf_percent$$00000013  c_w.l(_printf_c.o)
    0x08000286   0x08000286   0x00000006   Code   RO          877    .ARM.Collect$$_printf_percent$$00000014  c_w.l(_printf_s.o)
    0x0800028c   0x0800028c   0x00000006   Code   RO          895    .ARM.Collect$$_printf_percent$$00000015  c_w.l(_printf_lc.o)
    0x08000292   0x08000292   0x00000006   Code   RO          896    .ARM.Collect$$_printf_percent$$00000016  c_w.l(_printf_ls.o)
    0x08000298   0x08000298   0x00000004   Code   RO         1111    .ARM.Collect$$_printf_percent$$00000017  c_w.l(_printf_percent_end.o)
    0x0800029c   0x0800029c   0x00000002   Code   RO         1270    .ARM.Collect$$libinit$$00000000  c_w.l(libinit.o)
    0x0800029e   0x0800029e   0x00000004   Code   RO          925    .ARM.Collect$$libinit$$00000001  c_w.l(libinit2.o)
    0x080002a2   0x080002a2   0x00000000   Code   RO          928    .ARM.Collect$$libinit$$00000004  c_w.l(libinit2.o)
    0x080002a2   0x080002a2   0x00000000   Code   RO          930    .ARM.Collect$$libinit$$00000006  c_w.l(libinit2.o)
    0x080002a2   0x080002a2   0x00000008   Code   RO          931    .ARM.Collect$$libinit$$00000007  c_w.l(libinit2.o)
    0x080002aa   0x080002aa   0x00000000   Code   RO          933    .ARM.Collect$$libinit$$0000000C  c_w.l(libinit2.o)
    0x080002aa   0x080002aa   0x00000000   Code   RO          935    .ARM.Collect$$libinit$$0000000E  c_w.l(libinit2.o)
    0x080002aa   0x080002aa   0x00000000   Code   RO          937    .ARM.Collect$$libinit$$00000010  c_w.l(libinit2.o)
    0x080002aa   0x080002aa   0x00000006   Code   RO          938    .ARM.Collect$$libinit$$00000011  c_w.l(libinit2.o)
    0x080002b0   0x080002b0   0x00000000   Code   RO          940    .ARM.Collect$$libinit$$00000013  c_w.l(libinit2.o)
    0x080002b0   0x080002b0   0x0000000c   Code   RO          941    .ARM.Collect$$libinit$$00000014  c_w.l(libinit2.o)
    0x080002bc   0x080002bc   0x00000000   Code   RO          942    .ARM.Collect$$libinit$$00000015  c_w.l(libinit2.o)
    0x080002bc   0x080002bc   0x00000000   Code   RO          944    .ARM.Collect$$libinit$$00000017  c_w.l(libinit2.o)
    0x080002bc   0x080002bc   0x0000000a   Code   RO          945    .ARM.Collect$$libinit$$00000018  c_w.l(libinit2.o)
    0x080002c6   0x080002c6   0x00000000   Code   RO          946    .ARM.Collect$$libinit$$00000019  c_w.l(libinit2.o)
    0x080002c6   0x080002c6   0x00000000   Code   RO          948    .ARM.Collect$$libinit$$0000001B  c_w.l(libinit2.o)
    0x080002c6   0x080002c6   0x00000000   Code   RO          950    .ARM.Collect$$libinit$$0000001D  c_w.l(libinit2.o)
    0x080002c6   0x080002c6   0x00000000   Code   RO          952    .ARM.Collect$$libinit$$0000001F  c_w.l(libinit2.o)
    0x080002c6   0x080002c6   0x00000000   Code   RO          954    .ARM.Collect$$libinit$$00000021  c_w.l(libinit2.o)
    0x080002c6   0x080002c6   0x00000000   Code   RO          956    .ARM.Collect$$libinit$$00000023  c_w.l(libinit2.o)
    0x080002c6   0x080002c6   0x00000000   Code   RO          958    .ARM.Collect$$libinit$$00000025  c_w.l(libinit2.o)
    0x080002c6   0x080002c6   0x00000004   Code   RO          959    .ARM.Collect$$libinit$$00000026  c_w.l(libinit2.o)
    0x080002ca   0x080002ca   0x00000000   Code   RO          960    .ARM.Collect$$libinit$$00000027  c_w.l(libinit2.o)
    0x080002ca   0x080002ca   0x00000000   Code   RO          964    .ARM.Collect$$libinit$$0000002E  c_w.l(libinit2.o)
    0x080002ca   0x080002ca   0x00000000   Code   RO          966    .ARM.Collect$$libinit$$00000030  c_w.l(libinit2.o)
    0x080002ca   0x080002ca   0x00000000   Code   RO          968    .ARM.Collect$$libinit$$00000032  c_w.l(libinit2.o)
    0x080002ca   0x080002ca   0x00000000   Code   RO          970    .ARM.Collect$$libinit$$00000034  c_w.l(libinit2.o)
    0x080002ca   0x080002ca   0x00000002   Code   RO          971    .ARM.Collect$$libinit$$00000035  c_w.l(libinit2.o)
    0x080002cc   0x080002cc   0x00000002   Code   RO         1429    .ARM.Collect$$libshutdown$$00000000  c_w.l(libshutdown.o)
    0x080002ce   0x080002ce   0x00000000   Code   RO         1272    .ARM.Collect$$libshutdown$$00000002  c_w.l(libshutdown2.o)
    0x080002ce   0x080002ce   0x00000004   Code   RO         1273    .ARM.Collect$$libshutdown$$00000003  c_w.l(libshutdown2.o)
    0x080002d2   0x080002d2   0x00000000   Code   RO         1274    .ARM.Collect$$libshutdown$$00000004  c_w.l(libshutdown2.o)
    0x080002d2   0x080002d2   0x00000000   Code   RO         1277    .ARM.Collect$$libshutdown$$00000007  c_w.l(libshutdown2.o)
    0x080002d2   0x080002d2   0x00000000   Code   RO         1280    .ARM.Collect$$libshutdown$$0000000A  c_w.l(libshutdown2.o)
    0x080002d2   0x080002d2   0x00000000   Code   RO         1282    .ARM.Collect$$libshutdown$$0000000C  c_w.l(libshutdown2.o)
    0x080002d2   0x080002d2   0x00000000   Code   RO         1285    .ARM.Collect$$libshutdown$$0000000F  c_w.l(libshutdown2.o)
    0x080002d2   0x080002d2   0x00000002   Code   RO         1286    .ARM.Collect$$libshutdown$$00000010  c_w.l(libshutdown2.o)
    0x080002d4   0x080002d4   0x00000000   Code   RO          776    .ARM.Collect$$rtentry$$00000000  c_w.l(__rtentry.o)
    0x080002d4   0x080002d4   0x00000000   Code   RO         1072    .ARM.Collect$$rtentry$$00000002  c_w.l(__rtentry2.o)
    0x080002d4   0x080002d4   0x00000006   Code   RO         1084    .ARM.Collect$$rtentry$$00000004  c_w.l(__rtentry4.o)
    0x080002da   0x080002da   0x00000000   Code   RO         1074    .ARM.Collect$$rtentry$$00000009  c_w.l(__rtentry2.o)
    0x080002da   0x080002da   0x00000004   Code   RO         1075    .ARM.Collect$$rtentry$$0000000A  c_w.l(__rtentry2.o)
    0x080002de   0x080002de   0x00000000   Code   RO         1077    .ARM.Collect$$rtentry$$0000000C  c_w.l(__rtentry2.o)
    0x080002de   0x080002de   0x00000008   Code   RO         1078    .ARM.Collect$$rtentry$$0000000D  c_w.l(__rtentry2.o)
    0x080002e6   0x080002e6   0x00000002   Code   RO         1313    .ARM.Collect$$rtexit$$00000000  c_w.l(rtexit.o)
    0x080002e8   0x080002e8   0x00000000   Code   RO         1379    .ARM.Collect$$rtexit$$00000002  c_w.l(rtexit2.o)
    0x080002e8   0x080002e8   0x00000004   Code   RO         1380    .ARM.Collect$$rtexit$$00000003  c_w.l(rtexit2.o)
    0x080002ec   0x080002ec   0x00000006   Code   RO         1381    .ARM.Collect$$rtexit$$00000004  c_w.l(rtexit2.o)
    0x080002f2   0x080002f2   0x00000002   PAD
    0x080002f4   0x080002f4   0x00000188   Code   RO           14    .text               asm_final.o
    0x0800047c   0x0800047c   0x00000040   Code   RO          628  * .text               startup_stm32f411xe.o
    0x080004bc   0x080004bc   0x0000005e   Code   RO          652    .text               c_w.l(h1_alloc.o)
    0x0800051a   0x0800051a   0x00000002   PAD
    0x0800051c   0x0800051c   0x00000018   Code   RO          706    .text               c_w.l(printf.o)
    0x08000534   0x08000534   0x0000002c   Code   RO          708    .text               c_w.l(sprintf.o)
    0x08000560   0x08000560   0x00000020   Code   RO          710    .text               c_w.l(scanf.o)
    0x08000580   0x08000580   0x0000003e   Code   RO          712    .text               c_w.l(strlen.o)
    0x080005be   0x080005be   0x00000002   PAD
    0x080005c0   0x080005c0   0x0000007c   Code   RO          714    .text               c_w.l(strcmpv7em.o)
    0x0800063c   0x0800063c   0x00000006   Code   RO          716    .text               c_w.l(heapauxi.o)
    0x08000642   0x08000642   0x00000002   PAD
    0x08000644   0x08000644   0x00000008   Code   RO          780    .text               c_w.l(rt_heap_descriptor_intlibspace.o)
    0x0800064c   0x0800064c   0x00000004   Code   RO          782    .text               c_w.l(hguard.o)
    0x08000650   0x08000650   0x0000008a   Code   RO          784    .text               c_w.l(init_alloc.o)
    0x080006da   0x080006da   0x0000000e   Code   RO          790    .text               c_w.l(h1_init.o)
    0x080006e8   0x080006e8   0x0000004e   Code   RO          792    .text               c_w.l(h1_free.o)
    0x08000736   0x08000736   0x0000004e   Code   RO          808    .text               c_w.l(_printf_pad.o)
    0x08000784   0x08000784   0x00000024   Code   RO          810    .text               c_w.l(_printf_truncate.o)
    0x080007a8   0x080007a8   0x00000052   Code   RO          812    .text               c_w.l(_printf_str.o)
    0x080007fa   0x080007fa   0x00000002   PAD
    0x080007fc   0x080007fc   0x00000078   Code   RO          814    .text               c_w.l(_printf_dec.o)
    0x08000874   0x08000874   0x00000028   Code   RO          816    .text               c_w.l(_printf_charcount.o)
    0x0800089c   0x0800089c   0x00000030   Code   RO          818    .text               c_w.l(_printf_char_common.o)
    0x080008cc   0x080008cc   0x0000000a   Code   RO          820    .text               c_w.l(_sputc.o)
    0x080008d6   0x080008d6   0x00000002   PAD
    0x080008d8   0x080008d8   0x00000024   Code   RO          822    .text               c_w.l(_printf_char_file.o)
    0x080008fc   0x080008fc   0x000000bc   Code   RO          824    .text               c_w.l(_printf_wctomb.o)
    0x080009b8   0x080009b8   0x0000007c   Code   RO          827    .text               c_w.l(_printf_longlong_dec.o)
    0x08000a34   0x08000a34   0x00000070   Code   RO          833    .text               c_w.l(_printf_oct_int_ll.o)
    0x08000aa4   0x08000aa4   0x00000094   Code   RO          853    .text               c_w.l(_printf_hex_int_ll_ptr.o)
    0x08000b38   0x08000b38   0x00000188   Code   RO          873    .text               c_w.l(__printf_flags_ss_wp.o)
    0x08000cc0   0x08000cc0   0x00000156   Code   RO          899    .text               c_w.l(_scanf_longlong.o)
    0x08000e16   0x08000e16   0x0000014c   Code   RO          901    .text               c_w.l(_scanf_int.o)
    0x08000f62   0x08000f62   0x000000e0   Code   RO          903    .text               c_w.l(_scanf_str.o)
    0x08001042   0x08001042   0x00000002   PAD
    0x08001044   0x08001044   0x00000018   Code   RO          905    .text               c_w.l(scanf_char_file.o)
    0x0800105c   0x0800105c   0x00000114   Code   RO          907    .text               c_w.l(_scanf_mbtowc.o)
    0x08001170   0x08001170   0x000000e8   Code   RO          909    .text               c_w.l(_scanf_wctomb.o)
    0x08001258   0x08001258   0x000000d0   Code   RO          911    .text               c_w.l(_scanf_wstr.o)
    0x08001328   0x08001328   0x0000000c   Code   RO         1062    .text               c_w.l(sys_exit.o)
    0x08001334   0x08001334   0x00000008   Code   RO         1068    .text               c_w.l(libspace.o)
    0x0800133c   0x0800133c   0x00000000   Code   RO         1088    .text               c_w.l(maybetermalloc1.o)
    0x0800133c   0x0800133c   0x00000034   Code   RO         1090    .text               c_w.l(h1_extend.o)
    0x08001370   0x08001370   0x0000008a   Code   RO         1094    .text               c_w.l(lludiv10.o)
    0x080013fa   0x080013fa   0x000000b2   Code   RO         1096    .text               c_w.l(_printf_intcommon.o)
    0x080014ac   0x080014ac   0x0000041c   Code   RO         1098    .text               c_w.l(_printf_fp_dec.o)
    0x080018c8   0x080018c8   0x000002fc   Code   RO         1102    .text               c_w.l(_printf_fp_hex.o)
    0x08001bc4   0x08001bc4   0x0000002c   Code   RO         1107    .text               c_w.l(_printf_char.o)
    0x08001bf0   0x08001bf0   0x0000002c   Code   RO         1109    .text               c_w.l(_printf_wchar.o)
    0x08001c1c   0x08001c1c   0x0000001c   Code   RO         1112    .text               c_w.l(_chval.o)
    0x08001c38   0x08001c38   0x000004f8   Code   RO         1114    .text               c_w.l(scanf_fp.o)
    0x08002130   0x08002130   0x0000002c   Code   RO         1118    .text               c_w.l(scanf_char.o)
    0x0800215c   0x0800215c   0x0000001e   Code   RO         1120    .text               c_w.l(_scanf_wcharmap.o)
    0x0800217a   0x0800217a   0x00000048   Code   RO         1122    .text               c_w.l(backspace.o)
    0x080021c2   0x080021c2   0x00000008   Code   RO         1124    .text               c_w.l(ferror.o)
    0x080021ca   0x080021ca   0x00000002   PAD
    0x080021cc   0x080021cc   0x00000138   Code   RO         1134    .text               c_w.l(initio.o)
    0x08002304   0x08002304   0x00000040   Code   RO         1146    .text               c_w.l(_mbrtoc16.o)
    0x08002344   0x08002344   0x00000048   Code   RO         1148    .text               c_w.l(_c16rtomb.o)
    0x0800238c   0x0800238c   0x0000000e   Code   RO         1154    .text               c_w.l(defsig_rtmem_outer.o)
    0x0800239a   0x0800239a   0x0000004e   Code   RO         1160    .text               c_w.l(rt_memclr_w.o)
    0x080023e8   0x080023e8   0x00000002   Code   RO         1170    .text               c_w.l(use_no_semi.o)
    0x080023ea   0x080023ea   0x00000000   Code   RO         1172    .text               c_w.l(indicate_semi.o)
    0x080023ea   0x080023ea   0x0000004a   Code   RO         1173    .text               c_w.l(sys_stackheap_outer.o)
    0x08002434   0x08002434   0x00000010   Code   RO         1175    .text               c_w.l(rt_ctype_table.o)
    0x08002444   0x08002444   0x00000008   Code   RO         1182    .text               c_w.l(rt_locale_intlibspace.o)
    0x0800244c   0x0800244c   0x00000008   Code   RO         1187    .text               c_w.l(rt_errno_addr_intlibspace.o)
    0x08002454   0x08002454   0x00000026   Code   RO         1191    .text               c_w.l(llshl.o)
    0x0800247a   0x0800247a   0x00000012   Code   RO         1193    .text               c_w.l(isspace.o)
    0x0800248c   0x0800248c   0x00000080   Code   RO         1195    .text               c_w.l(_printf_fp_infnan.o)
    0x0800250c   0x0800250c   0x00000374   Code   RO         1197    .text               c_w.l(_scanf.o)
    0x08002880   0x08002880   0x000000e4   Code   RO         1199    .text               c_w.l(bigflt0.o)
    0x08002964   0x08002964   0x0000024a   Code   RO         1229    .text               c_w.l(filbuf.o)
    0x08002bae   0x08002bae   0x000001e2   Code   RO         1231    .text               c_w.l(flsbuf.o)
    0x08002d90   0x08002d90   0x00000046   Code   RO         1233    .text               c_w.l(setvbuf.o)
    0x08002dd6   0x08002dd6   0x00000002   PAD
    0x08002dd8   0x08002dd8   0x00000048   Code   RO         1235    .text               c_w.l(ungetc.o)
    0x08002e20   0x08002e20   0x000000f0   Code   RO         1238    .text               c_w.l(fopen.o)
    0x08002f10   0x08002f10   0x0000004c   Code   RO         1240    .text               c_w.l(fclose.o)
    0x08002f5c   0x08002f5c   0x00000012   Code   RO         1249    .text               c_w.l(exit.o)
    0x08002f6e   0x08002f6e   0x0000000a   Code   RO         1251    .text               c_w.l(defsig_exit.o)
    0x08002f78   0x08002f78   0x0000000e   Code   RO         1255    .text               c_w.l(defsig_rtred_outer.o)
    0x08002f86   0x08002f86   0x00000002   PAD
    0x08002f88   0x08002f88   0x00000050   Code   RO         1259    .text               c_w.l(defsig_rtmem_inner.o)
    0x08002fd8   0x08002fd8   0x00000016   Code   RO         1319    .text               c_w.l(_rserrno.o)
    0x08002fee   0x08002fee   0x00000002   PAD
    0x08002ff0   0x08002ff0   0x00000320   Code   RO         1323    .text               c_w.l(scanf_hexfp.o)
    0x08003310   0x08003310   0x00000134   Code   RO         1325    .text               c_w.l(scanf_infnan.o)
    0x08003444   0x08003444   0x000000f8   Code   RO         1331    .text               c_w.l(fseek.o)
    0x0800353c   0x0800353c   0x00000108   Code   RO         1333    .text               c_w.l(stdio.o)
    0x08003644   0x08003644   0x00000038   Code   RO         1341    .text               c_w.l(flushlinebuffered.o)
    0x0800367c   0x0800367c   0x00000032   Code   RO         1356    .text               c_w.l(defsig_general.o)
    0x080036ae   0x080036ae   0x00000002   PAD
    0x080036b0   0x080036b0   0x00000034   Code   RO         1358    .text               c_w.l(defsig_rtred_inner.o)
    0x080036e4   0x080036e4   0x0000000e   Code   RO         1374    .text               c_w.l(sys_wrch.o)
    0x080036f2   0x080036f2   0x00000002   PAD
    0x080036f4   0x080036f4   0x00000064   Code   RO         1387    .text               c_w.l(fflush.o)
    0x08003758   0x08003758   0x00000042   Code   RO         1391    .text               c_w.l(ftell.o)
    0x0800379a   0x0800379a   0x00000002   PAD
    0x0800379c   0x0800379c   0x00000084   Code   RO          117    .text.EXTI0_IRQHandler  gpio.o
    0x08003820   0x08003820   0x00000084   Code   RO          131    .text.EXTI15_10_IRQHandler  gpio.o
    0x080038a4   0x080038a4   0x00000084   Code   RO          121    .text.EXTI1_IRQHandler  gpio.o
    0x08003928   0x08003928   0x00000084   Code   RO          123    .text.EXTI2_IRQHandler  gpio.o
    0x080039ac   0x080039ac   0x00000084   Code   RO          125    .text.EXTI3_IRQHandler  gpio.o
    0x08003a30   0x08003a30   0x00000084   Code   RO          127    .text.EXTI4_IRQHandler  gpio.o
    0x08003ab4   0x08003ab4   0x00000084   Code   RO          129    .text.EXTI9_5_IRQHandler  gpio.o
    0x08003b38   0x08003b38   0x000000f6   Code   RO          273    .text.GPIO_Init     stm32f4xx_gpio.o
    0x08003c2e   0x08003c2e   0x00000002   PAD
    0x08003c30   0x08003c30   0x00000072   Code   RO          297    .text.GPIO_PinAFConfig  stm32f4xx_gpio.o
    0x08003ca2   0x08003ca2   0x00000002   PAD
    0x08003ca4   0x08003ca4   0x00000038   Code   RO          429    .text.RCC_AHB1PeriphClockCmd  stm32f4xx_rcc.o
    0x08003cdc   0x08003cdc   0x00000038   Code   RO          435    .text.RCC_APB1PeriphClockCmd  stm32f4xx_rcc.o
    0x08003d14   0x08003d14   0x00000162   Code   RO          419    .text.RCC_GetClocksFreq  stm32f4xx_rcc.o
    0x08003e76   0x08003e76   0x00000002   PAD
    0x08003e78   0x08003e78   0x00000010   Code   RO          556    .text.SysTick_Handler  timer.o
    0x08003e88   0x08003e88   0x00000012   Code   RO          635    .text.SystemInit    system_stm32f4xx.o
    0x08003e9a   0x08003e9a   0x00000002   PAD
    0x08003e9c   0x08003e9c   0x00000036   Code   RO          585    .text.USART2_IRQHandler  uart.o
    0x08003ed2   0x08003ed2   0x00000002   PAD
    0x08003ed4   0x08003ed4   0x0000002e   Code   RO          485    .text.USART_Cmd     stm32f4xx_usart.o
    0x08003f02   0x08003f02   0x00000002   PAD
    0x08003f04   0x08003f04   0x00000042   Code   RO          525    .text.USART_GetFlagStatus  stm32f4xx_usart.o
    0x08003f46   0x08003f46   0x00000002   PAD
    0x08003f48   0x08003f48   0x0000016a   Code   RO          477    .text.USART_Init    stm32f4xx_usart.o
    0x080040b2   0x080040b2   0x00000002   PAD
    0x080040b4   0x080040b4   0x00000010   Code   RO          495    .text.USART_ReceiveData  stm32f4xx_usart.o
    0x080040c4   0x080040c4   0x00000018   Code   RO          493    .text.USART_SendData  stm32f4xx_usart.o
    0x080040dc   0x080040dc   0x00000030   Code   RO          119    .text.__NVIC_ClearPendingIRQ  gpio.o
    0x0800410c   0x0800410c   0x00000030   Code   RO          579    .text.__NVIC_ClearPendingIRQ  uart.o
    0x0800413c   0x0800413c   0x0000004a   Code   RO          597    .text._sys_close    retarget_io.o
    0x08004186   0x08004186   0x00000002   PAD
    0x08004188   0x08004188   0x00000048   Code   RO          613    .text._sys_flen     retarget_io.o
    0x080041d0   0x080041d0   0x00000048   Code   RO          609    .text._sys_istty    retarget_io.o
    0x08004218   0x08004218   0x00000084   Code   RO          595    .text._sys_open     retarget_io.o
    0x0800429c   0x0800429c   0x00000080   Code   RO          605    .text._sys_read     retarget_io.o
    0x0800431c   0x0800431c   0x00000052   Code   RO          611    .text._sys_seek     retarget_io.o
    0x0800436e   0x0800436e   0x00000002   PAD
    0x08004370   0x08004370   0x00000098   Code   RO          599    .text._sys_write    retarget_io.o
    0x08004408   0x08004408   0x00000136   Code   RO            4    .text.letterToNumber  c_final.o
    0x0800453e   0x0800453e   0x00000002   PAD
    0x08004540   0x08004540   0x000000f0   Code   RO            2    .text.main          c_final.o
    0x08004630   0x08004630   0x0000000c   Code   RO          603    .text.stderr_putchar  retarget_io.o
    0x0800463c   0x0800463c   0x00000010   Code   RO          607    .text.stdin_getchar  retarget_io.o
    0x0800464c   0x0800464c   0x0000000c   Code   RO          601    .text.stdout_putchar  retarget_io.o
    0x08004658   0x08004658   0x00000012   Code   RO          569    .text.uart_enable   uart.o
    0x0800466a   0x0800466a   0x00000002   PAD
    0x0800466c   0x0800466c   0x0000008a   Code   RO          567    .text.uart_init     uart.o
    0x080046f6   0x080046f6   0x00000002   PAD
    0x080046f8   0x080046f8   0x00000022   Code   RO          571    .text.uart_print    uart.o
    0x0800471a   0x0800471a   0x00000002   PAD
    0x0800471c   0x0800471c   0x00000032   Code   RO          583    .text.uart_rx       uart.o
    0x0800474e   0x0800474e   0x00000002   PAD
    0x08004750   0x08004750   0x00000032   Code   RO          573    .text.uart_tx       uart.o
    0x08004782   0x08004782   0x0000003e   Code   RO         1202    CL$$btod_d2e        c_w.l(btod.o)
    0x080047c0   0x080047c0   0x00000046   Code   RO         1204    CL$$btod_d2e_denorm_low  c_w.l(btod.o)
    0x08004806   0x08004806   0x00000060   Code   RO         1203    CL$$btod_d2e_norm_op1  c_w.l(btod.o)
    0x08004866   0x08004866   0x00000002   PAD
    0x08004868   0x08004868   0x00000338   Code   RO         1212    CL$$btod_div_common  c_w.l(btod.o)
    0x08004ba0   0x08004ba0   0x00000084   Code   RO         1210    CL$$btod_e2d        c_w.l(btod.o)
    0x08004c24   0x08004c24   0x000000dc   Code   RO         1209    CL$$btod_e2e        c_w.l(btod.o)
    0x08004d00   0x08004d00   0x0000002a   Code   RO         1206    CL$$btod_ediv       c_w.l(btod.o)
    0x08004d2a   0x08004d2a   0x0000002a   Code   RO         1208    CL$$btod_edivd      c_w.l(btod.o)
    0x08004d54   0x08004d54   0x0000002a   Code   RO         1205    CL$$btod_emul       c_w.l(btod.o)
    0x08004d7e   0x08004d7e   0x0000002a   Code   RO         1207    CL$$btod_emuld      c_w.l(btod.o)
    0x08004da8   0x08004da8   0x00000244   Code   RO         1211    CL$$btod_mult_common  c_w.l(btod.o)
    0x08004fec   0x08004fec   0x00000030   Code   RO         1303    i.__ARM_fpclassify  m_wm.l(fpclassify.o)
    0x0800501c   0x0800501c   0x00000004   PAD
    0x08005020   0x08005020   0x000000f8   Code   RO         1305    i.__hardfp___mathlib_tofloat  m_wm.l(narrow.o)
    0x08005118   0x08005118   0x000000d0   Code   RO         1407    i.__hardfp_ldexp    m_wm.l(ldexp.o)
    0x080051e8   0x080051e8   0x00000020   Code   RO         1436    i.__mathlib_dbl_overflow  m_wm.l(dunder.o)
    0x08005208   0x08005208   0x00000020   Code   RO         1438    i.__mathlib_dbl_underflow  m_wm.l(dunder.o)
    0x08005228   0x08005228   0x00000012   Code   RO         1306    i.__mathlib_narrow  m_wm.l(narrow.o)
    0x0800523a   0x0800523a   0x00000014   Code   RO         1409    i.__support_ldexp   m_wm.l(ldexp.o)
    0x0800524e   0x0800524e   0x0000000e   Code   RO          866    i._is_digit         c_w.l(__printf_wp.o)
    0x0800525c   0x0800525c   0x0000001a   Code   RO         1127    i.fgetc             c_w.l(fgetc.o)
    0x08005276   0x08005276   0x0000001c   Code   RO         1131    i.fputc             c_w.l(fputc.o)
    0x08005292   0x08005292   0x00000006   PAD
    0x08005298   0x08005298   0x0000008c   Code   RO         1370    i.frexp             m_wm.l(frexp.o)
    0x08005324   0x08005324   0x0000002c   Code   RO         1247    locale$$code        c_w.l(lc_numeric_c.o)
    0x08005350   0x08005350   0x0000002c   Code   RO         1352    locale$$code        c_w.l(lc_ctype_c.o)
    0x0800537c   0x0800537c   0x00000062   Code   RO         1362    x$fpl$d2f           fz_wm.l(d2f.o)
    0x080053de   0x080053de   0x00000002   PAD
    0x080053e0   0x080053e0   0x00000010   Code   RO         1452    x$fpl$dcheck1       fz_wm.l(dcheck1.o)
    0x080053f0   0x080053f0   0x00000018   Code   RO         1399    x$fpl$dcmpinf       fz_wm.l(dcmpi.o)
    0x08005408   0x08005408   0x00000078   Code   RO         1364    x$fpl$deqf          fz_wm.l(deqf.o)
    0x08005480   0x08005480   0x00000078   Code   RO         1401    x$fpl$dleqf         fz_wm.l(dleqf.o)
    0x080054f8   0x080054f8   0x00000154   Code   RO         1403    x$fpl$dmul          fz_wm.l(dmul.o)
    0x0800564c   0x0800564c   0x0000009c   Code   RO          972    x$fpl$dnaninf       fz_wm.l(dnaninf.o)
    0x080056e8   0x080056e8   0x0000000c   Code   RO          974    x$fpl$dretinf       fz_wm.l(dretinf.o)
    0x080056f4   0x080056f4   0x0000006c   Code   RO         1366    x$fpl$drleqf        fz_wm.l(drleqf.o)
    0x08005760   0x08005760   0x0000001a   Code   RO         1167    x$fpl$fpinit        fz_wm.l(fpinit.o)
    0x0800577a   0x0800577a   0x0000000a   Code   RO         1405    x$fpl$fretinf       fz_wm.l(fretinf.o)
    0x08005784   0x08005784   0x00000006   Code   RO         1295    x$fpl$ieeestatus    fz_wm.l(istatus.o)
    0x0800578a   0x0800578a   0x00000004   Code   RO          976    x$fpl$printf1       fz_wm.l(printf1.o)
    0x0800578e   0x0800578e   0x00000004   Code   RO          978    x$fpl$printf2       fz_wm.l(printf2.o)
    0x08005792   0x08005792   0x00000064   Code   RO         1454    x$fpl$retnan        fz_wm.l(retnan.o)
    0x080057f6   0x080057f6   0x0000005c   Code   RO         1430    x$fpl$scalbn        fz_wm.l(scalbn.o)
    0x08005852   0x08005852   0x00000004   Code   RO          984    x$fpl$scanf1        fz_wm.l(scanf1.o)
    0x08005856   0x08005856   0x00000008   Code   RO         1297    x$fpl$scanf2        fz_wm.l(scanf2.o)
    0x0800585e   0x0800585e   0x00000030   Code   RO         1456    x$fpl$trapveneer    fz_wm.l(trapv.o)
    0x0800588e   0x0800588e   0x00000000   Code   RO          986    x$fpl$usenofp       fz_wm.l(usenofp.o)
    0x0800588e   0x0800588e   0x00000002   PAD
    0x08005890   0x08005890   0x00000008   Data   RO          825    .constdata          c_w.l(_printf_wctomb.o)
    0x08005898   0x08005898   0x00000028   Data   RO          854    .constdata          c_w.l(_printf_hex_int_ll_ptr.o)
    0x080058c0   0x080058c0   0x00000011   Data   RO          874    .constdata          c_w.l(__printf_flags_ss_wp.o)
    0x080058d1   0x080058d1   0x00000026   Data   RO         1103    .constdata          c_w.l(_printf_fp_hex.o)
    0x080058f7   0x080058f7   0x00000001   PAD
    0x080058f8   0x080058f8   0x00000094   Data   RO         1200    .constdata          c_w.l(bigflt0.o)
    0x0800598c   0x0800598c   0x00000010   Data   RO          467    .rodata.APBAHBPrescTable  stm32f4xx_rcc.o
    0x0800599c   0x0800599c   0x00000008   Data   RO          617    .rodata.__stderr_name  retarget_io.o
    0x080059a4   0x080059a4   0x00000007   Data   RO          615    .rodata.__stdin_name  retarget_io.o
    0x080059ab   0x080059ab   0x00000008   Data   RO          616    .rodata.__stdout_name  retarget_io.o
    0x080059b3   0x080059b3   0x000000a8   Data   RO            6    .rodata.str1.1      c_final.o
    0x08005a5b   0x08005a5b   0x00000017   Data   RO          618    .rodata.str1.1      retarget_io.o
    0x08005a72   0x08005a72   0x00000002   PAD
    0x08005a74   0x08005a74   0x00000020   Data   RO         1459    Region$$Table       anon$$obj.o
    0x08005a94   0x08005a94   0x00000008   Data   RO         1291    c$$dinf             fz_wm.l(fpconst.o)
    0x08005a9c   0x08005a9c   0x00000008   Data   RO         1294    c$$dmax             fz_wm.l(fpconst.o)
    0x08005aa4   0x08005aa4   0x0000001c   Data   RO         1246    locale$$data        c_w.l(lc_numeric_c.o)
    0x08005ac0   0x08005ac0   0x00000110   Data   RO         1351    locale$$data        c_w.l(lc_ctype_c.o)


    Execution Region ER_RW (Exec base: 0x20000000, Load base: 0x08005bd0, Size: 0x0000000c, Max: 0xffffffff, ABSOLUTE)

    Exec Addr    Load Addr    Size         Type   Attr      Idx    E Section Name        Object

    0x20000000   0x08005bd0   0x00000004   Data   RW          916    .data               c_w.l(stdio_streams.o)
    0x20000004   0x08005bd4   0x00000004   Data   RW          917    .data               c_w.l(stdio_streams.o)
    0x20000008   0x08005bd8   0x00000004   Data   RW          918    .data               c_w.l(stdio_streams.o)


    Execution Region ER_ZI (Exec base: 0x20000010, Load base: 0x08005bdc, Size: 0x00000778, Max: 0xffffffff, ABSOLUTE)

    Exec Addr    Load Addr    Size         Type   Attr      Idx    E Section Name        Object

    0x20000010        -       0x00000054   Zero   RW          913    .bss                c_w.l(stdio_streams.o)
    0x20000064        -       0x00000054   Zero   RW          914    .bss                c_w.l(stdio_streams.o)
    0x200000b8        -       0x00000054   Zero   RW          915    .bss                c_w.l(stdio_streams.o)
    0x2000010c        -       0x00000060   Zero   RW         1069    .bss                c_w.l(libspace.o)
    0x2000016c        -       0x00000004   Zero   RW          137    .bss.GPIO_callback  gpio.o
    0x20000170        -       0x00000004   Zero   RW          135    .bss.IRQ_pin_index  gpio.o
    0x20000174        -       0x00000004   Zero   RW          134    .bss.IRQ_port_num   gpio.o
    0x20000178        -       0x00000004   Zero   RW          133    .bss.IRQ_status     gpio.o
    0x2000017c        -       0x00000004   Zero   RW          587    .bss.UART_callback  uart.o
    0x20000180        -       0x00000004   Zero   RW          558    .bss.timer_callback  timer.o
    0x20000184   0x08005bdc   0x00000004   PAD
    0x20000188        -       0x00000200   Zero   RW          626    HEAP                startup_stm32f411xe.o
    0x20000388        -       0x00000400   Zero   RW          625    STACK               startup_stm32f411xe.o


==============================================================================

Image component sizes


      Code (inc. data)   RO Data    RW Data    ZI Data      Debug   Object Name

       392          0          0          0          0        636   asm_final.o
       550         42        168          0          0       1570   c_final.o
       972          0          0          0         16       9810   gpio.o
       752          0         46          0          0       2941   retarget_io.o
        64         26        408          0       1536        892   startup_stm32f411xe.o
       360          0          0          0          0       4462   stm32f4xx_gpio.o
       466          0         16          0          0       9301   stm32f4xx_rcc.o
       514          0          0          0          0       7057   stm32f4xx_usart.o
        18          0          0          0          0       2738   system_stm32f4xx.o
        16          0          0          0          4       4852   timer.o
       392          0          0          0          4       6180   uart.o

    ----------------------------------------------------------------------
      4526         68        672          0       1564      50439   Object Totals
         0          0         32          0          0          0   (incl. Generated)
        30          0          2          0          4          0   (incl. Padding)

    ----------------------------------------------------------------------

      Code (inc. data)   RO Data    RW Data    ZI Data      Debug   Library Member Name

         8          0          0          0          0         68   __main.o
       392          4         17          0          0         92   __printf_flags_ss_wp.o
        14          0          0          0          0         68   __printf_wp.o
         0          0          0          0          0          0   __rtentry.o
        12          0          0          0          0          0   __rtentry2.o
         6          0          0          0          0          0   __rtentry4.o
        52          8          0          0          0          0   __scatter.o
        26          0          0          0          0          0   __scatter_copy.o
        28          0          0          0          0          0   __scatter_zi.o
        72          0          0          0          0         96   _c16rtomb.o
        28          0          0          0          0         68   _chval.o
        64          0          0          0          0         84   _mbrtoc16.o
         6          0          0          0          0          0   _printf_a.o
         6          0          0          0          0          0   _printf_c.o
        44          0          0          0          0        108   _printf_char.o
        48          6          0          0          0         96   _printf_char_common.o
        36          4          0          0          0         80   _printf_char_file.o
        40          0          0          0          0         68   _printf_charcount.o
         6          0          0          0          0          0   _printf_d.o
       120         16          0          0          0         92   _printf_dec.o
         6          0          0          0          0          0   _printf_e.o
         6          0          0          0          0          0   _printf_f.o
      1052          0          0          0          0        148   _printf_fp_dec.o
       764          8         38          0          0        100   _printf_fp_hex.o
       128         16          0          0          0         84   _printf_fp_infnan.o
         6          0          0          0          0          0   _printf_g.o
       148          4         40          0          0        160   _printf_hex_int_ll_ptr.o
         6          0          0          0          0          0   _printf_i.o
       178          0          0          0          0         88   _printf_intcommon.o
        10          0          0          0          0          0   _printf_l.o
         6          0          0          0          0          0   _printf_lc.o
        10          0          0          0          0          0   _printf_ll.o
         6          0          0          0          0          0   _printf_lld.o
         6          0          0          0          0          0   _printf_lli.o
         6          0          0          0          0          0   _printf_llo.o
         6          0          0          0          0          0   _printf_llu.o
         6          0          0          0          0          0   _printf_llx.o
       124         16          0          0          0         92   _printf_longlong_dec.o
         6          0          0          0          0          0   _printf_ls.o
         6          0          0          0          0          0   _printf_n.o
         6          0          0          0          0          0   _printf_o.o
       112          8          0          0          0        124   _printf_oct_int_ll.o
         6          0          0          0          0          0   _printf_p.o
        78          0          0          0          0        108   _printf_pad.o
         0          0          0          0          0          0   _printf_percent.o
         4          0          0          0          0          0   _printf_percent_end.o
         6          0          0          0          0          0   _printf_s.o
        82          0          0          0          0         80   _printf_str.o
        36          0          0          0          0         84   _printf_truncate.o
         6          0          0          0          0          0   _printf_u.o
        44          0          0          0          0        108   _printf_wchar.o
       188          6          8          0          0         92   _printf_wctomb.o
         6          0          0          0          0          0   _printf_x.o
        22          0          0          0          0        100   _rserrno.o
       884          6          0          0          0        100   _scanf.o
       332          0          0          0          0         96   _scanf_int.o
       342          0          0          0          0        100   _scanf_longlong.o
       276          0          0          0          0        100   _scanf_mbtowc.o
       224          0          0          0          0         96   _scanf_str.o
        30          0          0          0          0         76   _scanf_wcharmap.o
       232          0          0          0          0        100   _scanf_wctomb.o
       208          0          0          0          0         96   _scanf_wstr.o
        10          0          0          0          0         68   _sputc.o
        72          0          0          0          0         92   backspace.o
       228          4        148          0          0         96   bigflt0.o
      2152        136          0          0          0        956   btod.o
        10          0          0          0          0         68   defsig_exit.o
        50          0          0          0          0         88   defsig_general.o
        80         58          0          0          0         76   defsig_rtmem_inner.o
        14          0          0          0          0         80   defsig_rtmem_outer.o
        52         38          0          0          0         76   defsig_rtred_inner.o
        14          0          0          0          0         80   defsig_rtred_outer.o
        18          0          0          0          0         80   exit.o
        76          0          0          0          0         88   fclose.o
         8          0          0          0          0         68   ferror.o
       100          4          0          0          0        120   fflush.o
        26          0          0          0          0         68   fgetc.o
       586          0          0          0          0        136   filbuf.o
       482          0          0          0          0         92   flsbuf.o
        56          6          0          0          0         80   flushlinebuffered.o
       240          6          0          0          0        128   fopen.o
        28          0          0          0          0         68   fputc.o
       248          6          0          0          0         84   fseek.o
        66          0          0          0          0         76   ftell.o
        94          0          0          0          0         80   h1_alloc.o
        52          0          0          0          0         68   h1_extend.o
        78          0          0          0          0         80   h1_free.o
        14          0          0          0          0         84   h1_init.o
         6          0          0          0          0        152   heapauxi.o
         4          0          0          0          0        136   hguard.o
         0          0          0          0          0          0   indicate_semi.o
       138          0          0          0          0        168   init_alloc.o
       312         46          0          0          0        112   initio.o
        18          0          0          0          0         76   isspace.o
        44         10        272          0          0         76   lc_ctype_c.o
        44         10         28          0          0         76   lc_numeric_c.o
         2          0          0          0          0          0   libinit.o
        46          0          0          0          0          0   libinit2.o
         2          0          0          0          0          0   libshutdown.o
         6          0          0          0          0          0   libshutdown2.o
         8          4          0          0         96         68   libspace.o
        38          0          0          0          0         68   llshl.o
       138          0          0          0          0         80   lludiv10.o
         0          0          0          0          0          0   maybetermalloc1.o
        24          4          0          0          0         84   printf.o
        16          4          0          0          0         76   rt_ctype_table.o
         8          4          0          0          0         68   rt_errno_addr_intlibspace.o
         8          4          0          0          0         68   rt_heap_descriptor_intlibspace.o
         8          4          0          0          0         68   rt_locale_intlibspace.o
        78          0          0          0          0         80   rt_memclr_w.o
         2          0          0          0          0          0   rtexit.o
        10          0          0          0          0          0   rtexit2.o
        32          6          0          0          0         84   scanf.o
        44          8          0          0          0         84   scanf_char.o
        24          8          0          0          0         68   scanf_char_file.o
      1272         16          0          0          0        168   scanf_fp.o
       800         14          0          0          0        100   scanf_hexfp.o
       308         16          0          0          0        100   scanf_infnan.o
        70          0          0          0          0         80   setvbuf.o
        44          6          0          0          0         84   sprintf.o
       264          6          0          0          0        160   stdio.o
         0          0          0         12        252          0   stdio_streams.o
       124          0          0          0          0         88   strcmpv7em.o
        62          0          0          0          0         76   strlen.o
        12          4          0          0          0         68   sys_exit.o
        74          0          0          0          0         80   sys_stackheap_outer.o
        14          0          0          0          0         76   sys_wrch.o
        72         12          0          0          0         68   ungetc.o
         2          0          0          0          0         68   use_no_semi.o
        98          4          0          0          0        140   d2f.o
        16          4          0          0          0        116   dcheck1.o
        24          0          0          0          0        116   dcmpi.o
       120          4          0          0          0        140   deqf.o
       120          4          0          0          0        140   dleqf.o
       340         12          0          0          0        152   dmul.o
       156          4          0          0          0        140   dnaninf.o
        12          0          0          0          0        116   dretinf.o
       108          0          0          0          0        128   drleqf.o
         0          0         16          0          0          0   fpconst.o
        26          0          0          0          0        116   fpinit.o
        10          0          0          0          0        116   fretinf.o
         6          0          0          0          0        116   istatus.o
         4          0          0          0          0        116   printf1.o
         4          0          0          0          0        116   printf2.o
       100          0          0          0          0        116   retnan.o
        92          0          0          0          0        116   scalbn.o
         4          0          0          0          0        116   scanf1.o
         8          0          0          0          0        132   scanf2.o
        48          0          0          0          0        116   trapv.o
         0          0          0          0          0          0   usenofp.o
        64         16          0          0          0        248   dunder.o
        48          0          0          0          0        124   fpclassify.o
       140         22          0          0          0        132   frexp.o
       228          8          0          0          0        308   ldexp.o
       266         16          0          0          0        308   narrow.o

    ----------------------------------------------------------------------
     17738        640        568         12        348      12524   Library Totals
        46          0          1          0          0          0   (incl. Padding)

    ----------------------------------------------------------------------

      Code (inc. data)   RO Data    RW Data    ZI Data      Debug   Library Name

     15650        546        551         12        348       9040   c_w.l
      1296         32         16          0          0       2364   fz_wm.l
       746         62          0          0          0       1120   m_wm.l

    ----------------------------------------------------------------------
     17738        640        568         12        348      12524   Library Totals

    ----------------------------------------------------------------------

==============================================================================


      Code (inc. data)   RO Data    RW Data    ZI Data      Debug   

     22264        708       1240         12       1912      55259   Grand Totals
     22264        708       1240         12       1912      55259   ELF Image Totals
     22264        708       1240         12          0          0   ROM Totals

==============================================================================

    Total RO  Size (Code + RO Data)                23504 (  22.95kB)
    Total RW  Size (RW Data + ZI Data)              1924 (   1.88kB)
    Total ROM Size (Code + RO Data + RW Data)      23516 (  22.96kB)

==============================================================================

